Component: ARM Compiler 5.06 update 6 (build 750) Tool: armlink [4d35ed]

==============================================================================

Section Cross References

    main.o(i.Gpio_Init) refers to stm32f4xx_hal_gpio.o(i.HAL_GPIO_WritePin) for HAL_GPIO_WritePin
    main.o(i.Gpio_Init) refers to stm32f4xx_hal_gpio.o(i.HAL_GPIO_Init) for HAL_GPIO_Init
    main.o(i.main) refers to main.o(i.Gpio_Init) for Gpio_Init
    main.o(i.main) refers to tasks.o(i.xTaskCreate) for xTaskCreate
    main.o(i.main) refers to tasks.o(i.vTaskStartScheduler) for vTaskStartScheduler
    main.o(i.main) refers to main.o(i.vLED1_Controller) for vLED1_Controller
    main.o(i.main) refers to main.o(i.vLED2_Controller) for vLED2_Controller
    main.o(i.main) refers to main.o(i.vLED3_Controller) for vLED3_Controller
    main.o(i.main) refers to main.o(i.vLED4_Controller) for vLED4_Controller
    main.o(i.vLED1_Controller) refers to main.o(.data) for count4
    main.o(i.vLED2_Controller) refers to main.o(.data) for count3
    main.o(i.vLED3_Controller) refers to main.o(.data) for count2
    main.o(i.vLED4_Controller) refers to main.o(.data) for count1
    clib_arm.o(i.__user_perthread_libspace) refers to clib_arm.o(i.os_kernel_is_active) for os_kernel_is_active
    clib_arm.o(i.__user_perthread_libspace) refers to tasks.o(i.xTaskGetCurrentTaskHandle) for xTaskGetCurrentTaskHandle
    clib_arm.o(i.__user_perthread_libspace) refers to clib_arm.o(.bss) for os_libspace
    clib_arm.o(i._mutex_acquire) refers to clib_arm.o(i.os_kernel_is_active) for os_kernel_is_active
    clib_arm.o(i._mutex_acquire) refers to queue.o(i.xQueueSemaphoreTake) for xQueueSemaphoreTake
    clib_arm.o(i._mutex_free) refers to queue.o(i.vQueueDelete) for vQueueDelete
    clib_arm.o(i._mutex_free) refers to clib_arm.o(.bss) for clib_mutex_id
    clib_arm.o(i._mutex_initialize) refers to queue.o(i.xQueueCreateMutexStatic) for xQueueCreateMutexStatic
    clib_arm.o(i._mutex_initialize) refers to clib_arm.o(i.os_kernel_is_active) for os_kernel_is_active
    clib_arm.o(i._mutex_initialize) refers to queue.o(i.xQueueCreateMutex) for xQueueCreateMutex
    clib_arm.o(i._mutex_initialize) refers to clib_arm.o(.bss) for clib_mutex_id
    clib_arm.o(i._mutex_release) refers to clib_arm.o(i.os_kernel_is_active) for os_kernel_is_active
    clib_arm.o(i._mutex_release) refers to queue.o(i.xQueueGenericSend) for xQueueGenericSend
    clib_arm.o(i.os_kernel_is_active) refers to tasks.o(i.xTaskGetSchedulerState) for xTaskGetSchedulerState
    clib_arm.o(i.os_kernel_is_active) refers to clib_arm.o(.data) for os_kernel_active
    cmsis_os2.o(i.SysTick_Handler) refers to tasks.o(i.xTaskGetSchedulerState) for xTaskGetSchedulerState
    cmsis_os2.o(i.SysTick_Handler) refers to port.o(i.xPortSysTickHandler) for xPortSysTickHandler
    cmsis_os2.o(i.TimerCallback) refers to timers.o(i.pvTimerGetTimerID) for pvTimerGetTimerID
    cmsis_os2.o(i.osDelay) refers to cmsis_os2.o(i.__get_IPSR) for __get_IPSR
    cmsis_os2.o(i.osDelay) refers to cmsis_os2.o(i.__get_PRIMASK) for __get_PRIMASK
    cmsis_os2.o(i.osDelay) refers to cmsis_os2.o(i.__get_BASEPRI) for __get_BASEPRI
    cmsis_os2.o(i.osDelay) refers to tasks.o(i.vTaskDelay) for vTaskDelay
    cmsis_os2.o(i.osDelay) refers to cmsis_os2.o(.data) for KernelState
    cmsis_os2.o(i.osDelayUntil) refers to cmsis_os2.o(i.__get_IPSR) for __get_IPSR
    cmsis_os2.o(i.osDelayUntil) refers to cmsis_os2.o(i.__get_PRIMASK) for __get_PRIMASK
    cmsis_os2.o(i.osDelayUntil) refers to cmsis_os2.o(i.__get_BASEPRI) for __get_BASEPRI
    cmsis_os2.o(i.osDelayUntil) refers to tasks.o(i.xTaskGetTickCount) for xTaskGetTickCount
    cmsis_os2.o(i.osDelayUntil) refers to tasks.o(i.vTaskDelayUntil) for vTaskDelayUntil
    cmsis_os2.o(i.osDelayUntil) refers to cmsis_os2.o(.data) for KernelState
    cmsis_os2.o(i.osEventFlagsClear) refers to cmsis_os2.o(i.__get_IPSR) for __get_IPSR
    cmsis_os2.o(i.osEventFlagsClear) refers to cmsis_os2.o(i.__get_PRIMASK) for __get_PRIMASK
    cmsis_os2.o(i.osEventFlagsClear) refers to cmsis_os2.o(i.__get_BASEPRI) for __get_BASEPRI
    cmsis_os2.o(i.osEventFlagsClear) refers to event_groups.o(i.xEventGroupGetBitsFromISR) for xEventGroupGetBitsFromISR
    cmsis_os2.o(i.osEventFlagsClear) refers to event_groups.o(i.xEventGroupClearBitsFromISR) for xEventGroupClearBitsFromISR
    cmsis_os2.o(i.osEventFlagsClear) refers to event_groups.o(i.xEventGroupClearBits) for xEventGroupClearBits
    cmsis_os2.o(i.osEventFlagsClear) refers to cmsis_os2.o(.data) for KernelState
    cmsis_os2.o(i.osEventFlagsDelete) refers to cmsis_os2.o(i.__get_IPSR) for __get_IPSR
    cmsis_os2.o(i.osEventFlagsDelete) refers to cmsis_os2.o(i.__get_PRIMASK) for __get_PRIMASK
    cmsis_os2.o(i.osEventFlagsDelete) refers to cmsis_os2.o(i.__get_BASEPRI) for __get_BASEPRI
    cmsis_os2.o(i.osEventFlagsDelete) refers to event_groups.o(i.vEventGroupDelete) for vEventGroupDelete
[...]
    Removing timers.o(.rev16_text), (4 bytes).
    Removing timers.o(.revsh_text), (4 bytes).
    Removing timers.o(.rrx_text), (6 bytes).
    Removing timers.o(i.pcTimerGetName), (8 bytes).
    Removing timers.o(i.prvInitialiseNewTimer), (58 bytes).
    Removing timers.o(i.pvTimerGetTimerID), (20 bytes).
    Removing timers.o(i.uxTimerGetTimerNumber), (6 bytes).
    Removing timers.o(i.vTimerSetReloadMode), (46 bytes).
    Removing timers.o(i.vTimerSetTimerID), (20 bytes).
    Removing timers.o(i.vTimerSetTimerNumber), (4 bytes).
    Removing timers.o(i.xTimerCreate), (54 bytes).
    Removing timers.o(i.xTimerCreateStatic), (48 bytes).
    Removing timers.o(i.xTimerGetExpiryTime), (8 bytes).
    Removing timers.o(i.xTimerGetPeriod), (8 bytes).
    Removing timers.o(i.xTimerGetTimerDaemonTaskHandle), (12 bytes).
    Removing timers.o(i.xTimerIsTimerActive), (34 bytes).
    Removing timers.o(i.xTimerPendFunctionCall), (52 bytes).
    Removing timers.o(i.xTimerPendFunctionCallFromISR), (52 bytes).

331 unused section(s) (total 22414 bytes) removed from the image.

==============================================================================

Image Symbol Table

    Local Symbols

    Symbol Name                              Value     Ov Type        Size  Object(Section)

    ../clib/angel/boardlib.s                 0x00000000   Number         0  boardinit1.o ABSOLUTE
    ../clib/angel/boardlib.s                 0x00000000   Number         0  boardinit3.o ABSOLUTE
    ../clib/angel/boardlib.s                 0x00000000   Number         0  boardshut.o ABSOLUTE
    ../clib/angel/handlers.s                 0x00000000   Number         0  __scatter_zi.o ABSOLUTE
    ../clib/angel/handlers.s                 0x00000000   Number         0  __scatter_copy.o ABSOLUTE
    ../clib/angel/kernel.s                   0x00000000   Number         0  rtexit.o ABSOLUTE
    ../clib/angel/kernel.s                   0x00000000   Number         0  __rtentry4.o ABSOLUTE
    ../clib/angel/kernel.s                   0x00000000   Number         0  rtexit2.o ABSOLUTE
    ../clib/angel/kernel.s                   0x00000000   Number         0  __rtentry2.o ABSOLUTE
    ../clib/angel/kernel.s                   0x00000000   Number         0  __rtentry.o ABSOLUTE
    ../clib/angel/rt.s                       0x00000000   Number         0  rt_div0.o ABSOLUTE
    ../clib/angel/rt.s                       0x00000000   Number         0  rt_raise.o ABSOLUTE
    ../clib/angel/rt.s                       0x00000000   Number         0  aeabi_ldiv0_sigfpe.o ABSOLUTE
    ../clib/angel/rt.s                       0x00000000   Number         0  aeabi_ldiv0.o ABSOLUTE
    ../clib/angel/scatter.s                  0x00000000   Number         0  __scatter.o ABSOLUTE
    ../clib/angel/startup.s                  0x00000000   Number         0  __main.o ABSOLUTE
    ../clib/angel/sys.s                      0x00000000   Number         0  libspace.o ABSOLUTE
    ../clib/angel/sys.s                      0x00000000   Number         0  sys_stackheap_outer.o ABSOLUTE
    ../clib/angel/sys.s                      0x00000000   Number         0  use_no_semi.o ABSOLUTE
    ../clib/angel/sys.s                      0x00000000   Number         0  indicate_semi.o ABSOLUTE
    ../clib/angel/sysapp.c                   0x00000000   Number         0  sys_command.o ABSOLUTE
    ../clib/angel/sysapp.c                   0x00000000   Number         0  sys_wrch.o ABSOLUTE
    ../clib/angel/sysapp.c                   0x00000000   Number         0  sys_exit.o ABSOLUTE
    ../clib/armsys.c                         0x00000000   Number         0  argv_veneer.o ABSOLUTE
    ../clib/armsys.c                         0x00000000   Number         0  _get_argv_nomalloc.o ABSOLUTE
    ../clib/armsys.c                         0x00000000   Number         0  no_argv.o ABSOLUTE
    ../clib/armsys.c                         0x00000000   Number         0  argv_veneer.o ABSOLUTE
    ../clib/heapalloc.c                      0x00000000   Number         0  hrguard.o ABSOLUTE
    ../clib/heapaux.c                        0x00000000   Number         0  heapauxi.o ABSOLUTE
    ../clib/libinit.s                        0x00000000   Number         0  libshutdown2.o ABSOLUTE
    ../clib/libinit.s                        0x00000000   Number         0  libinit2.o ABSOLUTE
    ../clib/libinit.s                        0x00000000   Number         0  libshutdown.o ABSOLUTE
    ../clib/libinit.s                        0x00000000   Number         0  libinit.o ABSOLUTE
    ../clib/longlong.s                       0x00000000   Number         0  lludivv7m.o ABSOLUTE
    ../clib/memcpset.s                       0x00000000   Number         0  rt_memclr_w.o ABSOLUTE
    ../clib/memcpset.s                       0x00000000   Number         0  aeabi_memset.o ABSOLUTE
    ../clib/memcpset.s                       0x00000000   Number         0  rt_memcpy_v6.o ABSOLUTE
    ../clib/memcpset.s                       0x00000000   Number         0  rt_memclr.o ABSOLUTE
    ../clib/memcpset.s                       0x00000000   Number         0  rt_memcpy_w.o ABSOLUTE
    ../clib/signal.c                         0x00000000   Number         0  defsig_fpe_formal.o ABSOLUTE
    ../clib/signal.c                         0x00000000   Number         0  defsig_fpe_outer.o ABSOLUTE
    ../clib/signal.c                         0x00000000   Number         0  defsig_fpe_inner.o ABSOLUTE
    ../clib/signal.c                         0x00000000   Number         0  defsig_exit.o ABSOLUTE
    ../clib/signal.c                         0x00000000   Number         0  defsig_abrt_inner.o ABSOLUTE
    ../clib/signal.c                         0x00000000   Number         0  __raise.o ABSOLUTE
    ../clib/signal.c                         0x00000000   Number         0  defsig_rtred_inner.o ABSOLUTE
    ../clib/signal.c                         0x00000000   Number         0  defsig_general.o ABSOLUTE
    ../clib/signal.c                         0x00000000   Number         0  defsig_rtmem_inner.o ABSOLUTE
    ../clib/signal.c                         0x00000000   Number         0  defsig_other.o ABSOLUTE
    ../clib/signal.c                         0x00000000   Number         0  defsig_rtmem_formal.o ABSOLUTE
    ../clib/signal.c                         0x00000000   Number         0  defsig_segv_inner.o ABSOLUTE
    ../clib/signal.c                         0x00000000   Number         0  defsig_rtmem_outer.o ABSOLUTE
    ../clib/signal.c                         0x00000000   Number         0  defsig_cppl_inner.o ABSOLUTE
    ../clib/signal.c                         0x00000000   Number         0  defsig_pvfn_inner.o ABSOLUTE
    ../clib/signal.c                         0x00000000   Number         0  defsig_stak_inner.o ABSOLUTE
    ../clib/signal.s                         0x00000000   Number         0  defsig.o ABSOLUTE
    ../clib/stdlib.c                         0x00000000   Number         0  exit.o ABSOLUTE
    ../fplib/fpinit.s                        0x00000000   Number         0  fpinit.o ABSOLUTE
    C:\Users\suraj\AppData\Local\Arm\Packs\ARM\CMSIS-FreeRTOS\10.2.0\CMSIS\RTOS2\FreeRTOS\Source\ARM\clib_arm.c 0x00000000   Number         0  clib_arm.o ABSOLUTE
    C:\Users\suraj\AppData\Local\Arm\Packs\ARM\CMSIS-FreeRTOS\10.2.0\CMSIS\RTOS2\FreeRTOS\Source\cmsis_os2.c 0x00000000   Number         0  cmsis_os2.o ABSOLUTE
    C:\Users\suraj\AppData\Local\Arm\Packs\ARM\CMSIS-FreeRTOS\10.2.0\CMSIS\RTOS2\FreeRTOS\Source\freertos_evr.c 0x00000000   Number         0  freertos_evr.o ABSOLUTE
    C:\Users\suraj\AppData\Local\Arm\Packs\ARM\CMSIS-FreeRTOS\10.2.0\CMSIS\RTOS2\FreeRTOS\Source\os_systick.c 0x00000000   Number         0  os_systick.o ABSOLUTE
    C:\Users\suraj\AppData\Local\Arm\Packs\ARM\CMSIS-FreeRTOS\10.2.0\Source\event_groups.c 0x00000000   Number         0  event_groups.o ABSOLUTE
    C:\Users\suraj\AppData\Local\Arm\Packs\ARM\CMSIS-FreeRTOS\10.2.0\Source\list.c 0x00000000   Number         0  list.o ABSOLUTE
    C:\Users\suraj\AppData\Local\Arm\Packs\ARM\CMSIS-FreeRTOS\10.2.0\Source\portable\MemMang\heap_4.c 0x00000000   Number         0  heap_4.o ABSOLUTE
    C:\Users\suraj\AppData\Local\Arm\Packs\ARM\CMSIS-FreeRTOS\10.2.0\Source\portable\RVDS\ARM_CM4F\port.c 0x00000000   Number         0  port.o ABSOLUTE
    C:\Users\suraj\AppData\Local\Arm\Packs\ARM\CMSIS-FreeRTOS\10.2.0\Source\queue.c 0x00000000   Number         0  queue.o ABSOLUTE
    C:\Users\suraj\AppData\Local\Arm\Packs\ARM\CMSIS-FreeRTOS\10.2.0\Source\tasks.c 0x00000000   Number         0  tasks.o ABSOLUTE
    C:\Users\suraj\AppData\Local\Arm\Packs\ARM\CMSIS-FreeRTOS\10.2.0\Source\timers.c 0x00000000   Number         0  timers.o ABSOLUTE
    C:\Users\suraj\AppData\Local\Arm\Packs\Keil\STM32F4xx_DFP\2.14.0\Drivers\STM32F4xx_HAL_Driver\Src\stm32f4xx_hal.c 0x00000000   Number         0  stm32f4xx_hal.o ABSOLUTE
    C:\Users\suraj\AppData\Local\Arm\Packs\Keil\STM32F4xx_DFP\2.14.0\Drivers\STM32F4xx_HAL_Driver\Src\stm32f4xx_hal_cortex.c 0x00000000   Number         0  stm32f4xx_hal_cortex.o ABSOLUTE
    C:\Users\suraj\AppData\Local\Arm\Packs\Keil\STM32F4xx_DFP\2.14.0\Drivers\STM32F4xx_HAL_Driver\Src\stm32f4xx_hal_gpio.c 0x00000000   Number         0  stm32f4xx_hal_gpio.o ABSOLUTE
    C:\Users\suraj\AppData\Local\Arm\Packs\Keil\STM32F4xx_DFP\2.14.0\Drivers\STM32F4xx_HAL_Driver\Src\stm32f4xx_hal_pwr.c 0x00000000   Number         0  stm32f4xx_hal_pwr.o ABSOLUTE
    C:\Users\suraj\AppData\Local\Arm\Packs\Keil\STM32F4xx_DFP\2.14.0\Drivers\STM32F4xx_HAL_Driver\Src\stm32f4xx_hal_pwr_ex.c 0x00000000   Number         0  stm32f4xx_hal_pwr_ex.o ABSOLUTE
    C:\Users\suraj\AppData\Local\Arm\Packs\Keil\STM32F4xx_DFP\2.14.0\Drivers\STM32F4xx_HAL_Driver\Src\stm32f4xx_hal_rcc.c 0x00000000   Number         0  stm32f4xx_hal_rcc.o ABSOLUTE
    C:\Users\suraj\AppData\Local\Arm\Packs\Keil\STM32F4xx_DFP\2.14.0\Drivers\STM32F4xx_HAL_Driver\Src\stm32f4xx_hal_rcc_ex.c 0x00000000   Number         0  stm32f4xx_hal_rcc_ex.o ABSOLUTE
    C:\\Users\\suraj\\AppData\\Local\\Arm\\Packs\\ARM\\CMSIS-FreeRTOS\\10.2.0\\CMSIS\\RTOS2\\FreeRTOS\\Source\\ARM\\clib_arm.c 0x00000000   Number         0  clib_arm.o ABSOLUTE
    C:\\Users\\suraj\\AppData\\Local\\Arm\\Packs\\ARM\\CMSIS-FreeRTOS\\10.2.0\\CMSIS\\RTOS2\\FreeRTOS\\Source\\cmsis_os2.c 0x00000000   Number         0  cmsis_os2.o ABSOLUTE
    C:\\Users\\suraj\\AppData\\Local\\Arm\\Packs\\ARM\\CMSIS-FreeRTOS\\10.2.0\\CMSIS\\RTOS2\\FreeRTOS\\Source\\freertos_evr.c 0x00000000   Number         0  freertos_evr.o ABSOLUTE
    C:\\Users\\suraj\\AppData\\Local\\Arm\\Packs\\ARM\\CMSIS-FreeRTOS\\10.2.0\\CMSIS\\RTOS2\\FreeRTOS\\Source\\os_systick.c 0x00000000   Number         0  os_systick.o ABSOLUTE
    C:\\Users\\suraj\\AppData\\Local\\Arm\\Packs\\ARM\\CMSIS-FreeRTOS\\10.2.0\\Source\\event_groups.c 0x00000000   Number         0  event_groups.o ABSOLUTE
    C:\\Users\\suraj\\AppData\\Local\\Arm\\Packs\\ARM\\CMSIS-FreeRTOS\\10.2.0\\Source\\list.c 0x00000000   Number         0  list.o ABSOLUTE
    C:\\Users\\suraj\\AppData\\Local\\Arm\\Packs\\ARM\\CMSIS-FreeRTOS\\10.2.0\\Source\\portable\\MemMang\\heap_4.c 0x00000000   Number         0  heap_4.o ABSOLUTE
    C:\\Users\\suraj\\AppData\\Local\\Arm\\Packs\\ARM\\CMSIS-FreeRTOS\\10.2.0\\Source\\portable\\RVDS\\ARM_CM4F\\port.c 0x00000000   Number         0  port.o ABSOLUTE
    C:\\Users\\suraj\\AppData\\Local\\Arm\\Packs\\ARM\\CMSIS-FreeRTOS\\10.2.0\\Source\\queue.c 0x00000000   Number         0  queue.o ABSOLUTE
    C:\\Users\\suraj\\AppData\\Local\\Arm\\Packs\\ARM\\CMSIS-FreeRTOS\\10.2.0\\Source\\tasks.c 0x00000000   Number         0  tasks.o ABSOLUTE
    C:\\Users\\suraj\\AppData\\Local\\Arm\\Packs\\ARM\\CMSIS-FreeRTOS\\10.2.0\\Source\\timers.c 0x00000000   Number         0  timers.o ABSOLUTE
    C:\\Users\\suraj\\AppData\\Local\\Arm\\Packs\\Keil\\STM32F4xx_DFP\\2.14.0\\Drivers\\STM32F4xx_HAL_Driver\\Src\\stm32f4xx_hal.c 0x00000000   Number         0  stm32f4xx_hal.o ABSOLUTE
    C:\\Users\\suraj\\AppData\\Local\\Arm\\Packs\\Keil\\STM32F4xx_DFP\\2.14.0\\Drivers\\STM32F4xx_HAL_Driver\\Src\\stm32f4xx_hal_cortex.c 0x00000000   Number         0  stm32f4xx_hal_cortex.o ABSOLUTE
    C:\\Users\\suraj\\AppData\\Local\\Arm\\Packs\\Keil\\STM32F4xx_DFP\\2.14.0\\Drivers\\STM32F4xx_HAL_Driver\\Src\\stm32f4xx_hal_gpio.c 0x00000000   Number         0  stm32f4xx_hal_gpio.o ABSOLUTE
    C:\\Users\\suraj\\AppData\\Local\\Arm\\Packs\\Keil\\STM32F4xx_DFP\\2.14.0\\Drivers\\STM32F4xx_HAL_Driver\\Src\\stm32f4xx_hal_pwr.c 0x00000000   Number         0  stm32f4xx_hal_pwr.o ABSOLUTE
    C:\\Users\\suraj\\AppData\\Local\\Arm\\Packs\\Keil\\STM32F4xx_DFP\\2.14.0\\Drivers\\STM32F4xx_HAL_Driver\\Src\\stm32f4xx_hal_pwr_ex.c 0x00000000   Number         0  stm32f4xx_hal_pwr_ex.o ABSOLUTE
    C:\\Users\\suraj\\AppData\\Local\\Arm\\Packs\\Keil\\STM32F4xx_DFP\\2.14.0\\Drivers\\STM32F4xx_HAL_Driver\\Src\\stm32f4xx_hal_rcc.c 0x00000000   Number         0  stm32f4xx_hal_rcc.o ABSOLUTE
    C:\\Users\\suraj\\AppData\\Local\\Arm\\Packs\\Keil\\STM32F4xx_DFP\\2.14.0\\Drivers\\STM32F4xx_HAL_Driver\\Src\\stm32f4xx_hal_rcc_ex.c 0x00000000   Number         0  stm32f4xx_hal_rcc_ex.o ABSOLUTE
    RTE\Device\STM32F446RETx\startup_stm32f446xx.s 0x00000000   Number         0  startup_stm32f446xx.o ABSOLUTE
    RTE\Device\STM32F446RETx\system_stm32f4xx.c 0x00000000   Number         0  system_stm32f4xx.o ABSOLUTE
    RTE\\Device\\STM32F446RETx\\system_stm32f4xx.c 0x00000000   Number         0  system_stm32f4xx.o ABSOLUTE
    dc.s                                     0x00000000   Number         0  dc.o ABSOLUTE
    main.c                                   0x00000000   Number         0  main.o ABSOLUTE
    main.c                                   0x00000000   Number         0  main.o ABSOLUTE
    RESET                                    0x08000000   Section      452  startup_stm32f446xx.o(RESET)
    !!!main                                  0x080001c4   Section        8  __main.o(!!!main)
    !!!scatter                               0x080001cc   Section       52  __scatter.o(!!!scatter)
    !!handler_copy                           0x08000200   Section       26  __scatter_copy.o(!!handler_copy)
    !!handler_zi                             0x0800021c   Section       28  __scatter_zi.o(!!handler_zi)
    .ARM.Collect$$libinit$$00000000          0x08000238   Section        2  libinit.o(.ARM.Collect$$libinit$$00000000)
    .ARM.Collect$$libinit$$00000001          0x0800023a   Section        4  libinit2.o(.ARM.Collect$$libinit$$00000001)
    .ARM.Collect$$libinit$$00000004          0x0800023e   Section        0  libinit2.o(.ARM.Collect$$libinit$$00000004)
    .ARM.Collect$$libinit$$0000000A          0x0800023e   Section        0  libinit2.o(.ARM.Collect$$libinit$$0000000A)
    .ARM.Collect$$libinit$$0000000C          0x0800023e   Section        0  libinit2.o(.ARM.Collect$$libinit$$0000000C)
    .ARM.Collect$$libinit$$0000000E          0x0800023e   Section        0  libinit2.o(.ARM.Collect$$libinit$$0000000E)
    .ARM.Collect$$libinit$$00000011          0x0800023e   Section        0  libinit2.o(.ARM.Collect$$libinit$$00000011)
    .ARM.Collect$$libinit$$00000013          0x0800023e   Section        0  libinit2.o(.ARM.Collect$$libinit$$00000013)
    .ARM.Collect$$libinit$$00000015          0x0800023e   Section        0  libinit2.o(.ARM.Collect$$libinit$$00000015)
    .ARM.Collect$$libinit$$00000017          0x0800023e   Section        0  libinit2.o(.ARM.Collect$$libinit$$00000017)
    .ARM.Collect$$libinit$$00000019          0x0800023e   Section        0  libinit2.o(.ARM.Collect$$libinit$$00000019)
    .ARM.Collect$$libinit$$0000001B          0x0800023e   Section        0  libinit2.o(.ARM.Collect$$libinit$$0000001B)
    .ARM.Collect$$libinit$$0000001D          0x0800023e   Section        0  libinit2.o(.ARM.Collect$$libinit$$0000001D)
    .ARM.Collect$$libinit$$0000001F          0x0800023e   Section        0  libinit2.o(.ARM.Collect$$libinit$$0000001F)
    .ARM.Collect$$libinit$$00000021          0x0800023e   Section        0  libinit2.o(.ARM.Collect$$libinit$$00000021)
    .ARM.Collect$$libinit$$00000023          0x0800023e   Section        0  libinit2.o(.ARM.Collect$$libinit$$00000023)
    .ARM.Collect$$libinit$$00000025          0x0800023e   Section        0  libinit2.o(.ARM.Collect$$libinit$$00000025)
    .ARM.Collect$$libinit$$0000002C          0x0800023e   Section        0  libinit2.o(.ARM.Collect$$libinit$$0000002C)
    .ARM.Collect$$libinit$$0000002E          0x0800023e   Section        0  libinit2.o(.ARM.Collect$$libinit$$0000002E)
    .ARM.Collect$$libinit$$00000030          0x0800023e   Section        0  libinit2.o(.ARM.Collect$$libinit$$00000030)
    .ARM.Collect$$libinit$$00000032          0x0800023e   Section        0  libinit2.o(.ARM.Collect$$libinit$$00000032)
    .ARM.Collect$$libinit$$00000033          0x0800023e   Section        2  libinit2.o(.ARM.Collect$$libinit$$00000033)
    .ARM.Collect$$libshutdown$$00000000      0x08000240   Section        2  libshutdown.o(.ARM.Collect$$libshutdown$$00000000)
    .ARM.Collect$$libshutdown$$00000002      0x08000242   Section        0  libshutdown2.o(.ARM.Collect$$libshutdown$$00000002)
    .ARM.Collect$$libshutdown$$00000004      0x08000242   Section        0  libshutdown2.o(.ARM.Collect$$libshutdown$$00000004)
    .ARM.Collect$$libshutdown$$00000007      0x08000242   Section        0  libshutdown2.o(.ARM.Collect$$libshutdown$$00000007)
    .ARM.Collect$$libshutdown$$0000000A      0x08000242   Section        0  libshutdown2.o(.ARM.Collect$$libshutdown$$0000000A)
    .ARM.Collect$$libshutdown$$0000000C      0x08000242   Section        0  libshutdown2.o(.ARM.Collect$$libshutdown$$0000000C)
    .ARM.Collect$$libshutdown$$0000000F      0x08000242   Section        0  libshutdown2.o(.ARM.Collect$$libshutdown$$0000000F)
    .ARM.Collect$$libshutdown$$00000010      0x08000242   Section        2  libshutdown2.o(.ARM.Collect$$libshutdown$$00000010)
    .ARM.Collect$$rtentry$$00000000          0x08000244   Section        0  __rtentry.o(.ARM.Collect$$rtentry$$00000000)
    .ARM.Collect$$rtentry$$00000002          0x08000244   Section        0  __rtentry2.o(.ARM.Collect$$rtentry$$00000002)
    .ARM.Collect$$rtentry$$00000004          0x08000244   Section        6  __rtentry4.o(.ARM.Collect$$rtentry$$00000004)
    .ARM.Collect$$rtentry$$00000008          0x0800024a   Section        8  __rtentry2.o(.ARM.Collect$$rtentry$$00000008)
    .ARM.Collect$$rtentry$$0000000A          0x08000252   Section        4  __rtentry2.o(.ARM.Collect$$rtentry$$0000000A)
    .ARM.Collect$$rtentry$$0000000C          0x08000256   Section        0  __rtentry2.o(.ARM.Collect$$rtentry$$0000000C)
    .ARM.Collect$$rtentry$$0000000D          0x08000256   Section        8  __rtentry2.o(.ARM.Collect$$rtentry$$0000000D)
    .ARM.Collect$$rtexit$$00000000           0x0800025e   Section        2  rtexit.o(.ARM.Collect$$rtexit$$00000000)
    .ARM.Collect$$rtexit$$00000002           0x08000260   Section        0  rtexit2.o(.ARM.Collect$$rtexit$$00000002)
    .ARM.Collect$$rtexit$$00000003           0x08000260   Section        4  rtexit2.o(.ARM.Collect$$rtexit$$00000003)
    .ARM.Collect$$rtexit$$00000004           0x08000264   Section        6  rtexit2.o(.ARM.Collect$$rtexit$$00000004)
    .emb_text                                0x0800026c   Section      190  port.o(.emb_text)
    $v0                                      0x0800026c   Number         0  port.o(.emb_text)
    .text                                    0x0800032c   Section       64  startup_stm32f446xx.o(.text)
    $v0                                      0x0800032c   Number         0  startup_stm32f446xx.o(.text)
    .text                                    0x0800036c   Section      138  rt_memcpy_v6.o(.text)
    .text                                    0x080003f6   Section       16  aeabi_memset.o(.text)
    .text                                    0x08000406   Section        0  heapauxi.o(.text)
    .text                                    0x0800040c   Section      100  rt_memcpy_w.o(.text)
    .text                                    0x08000470   Section       68  rt_memclr.o(.text)
    .text                                    0x080004b4   Section       78  rt_memclr_w.o(.text)
    .text                                    0x08000502   Section       74  sys_stackheap_outer.o(.text)
    .text                                    0x0800054c   Section        0  exit.o(.text)
    .text                                    0x08000560   Section        8  libspace.o(.text)
    .text                                    0x08000568   Section        0  sys_exit.o(.text)
    .text                                    0x08000574   Section        2  use_no_semi.o(.text)
    .text                                    0x08000576   Section        0  indicate_semi.o(.text)
    i.Gpio_Init                              0x08000578   Section        0  main.o(i.Gpio_Init)
    i.HAL_GPIO_Init                          0x080005cc   Section        0  stm32f4xx_hal_gpio.o(i.HAL_GPIO_Init)
    i.HAL_GPIO_WritePin                      0x080007bc   Section        0  stm32f4xx_hal_gpio.o(i.HAL_GPIO_WritePin)
    i.SysTick_Handler                        0x080007c8   Section        0  cmsis_os2.o(i.SysTick_Handler)
    i.SystemInit                             0x080007e0   Section        0  system_stm32f4xx.o(i.SystemInit)
    i._mutex_acquire                         0x08000844   Section        0  clib_arm.o(i._mutex_acquire)
    __tagsym$$used                           0x08000845   Number         0  clib_arm.o(i._mutex_acquire)
    i._mutex_free                            0x0800085c   Section        0  clib_arm.o(i._mutex_free)
    __tagsym$$used                           0x0800085d   Number         0  clib_arm.o(i._mutex_free)
    i._mutex_initialize                      0x08000890   Section        0  clib_arm.o(i._mutex_initialize)
    __tagsym$$used                           0x08000891   Number         0  clib_arm.o(i._mutex_initialize)
    i._mutex_release                         0x080008f0   Section        0  clib_arm.o(i._mutex_release)
    __tagsym$$used                           0x080008f1   Number         0  clib_arm.o(i._mutex_release)
    i._platform_post_stackheap_init          0x08000908   Section        0  clib_arm.o(i._platform_post_stackheap_init)
    i.main                                   0x0800090c   Section        0  main.o(i.main)
    i.os_kernel_is_active                    0x080009bc   Section        0  clib_arm.o(i.os_kernel_is_active)
    os_kernel_is_active                      0x080009bd   Thumb Code    32  clib_arm.o(i.os_kernel_is_active)
    i.prvAddCurrentTaskToDelayedList         0x080009e0   Section        0  tasks.o(i.prvAddCurrentTaskToDelayedList)
    prvAddCurrentTaskToDelayedList           0x080009e1   Thumb Code   100  tasks.o(i.prvAddCurrentTaskToDelayedList)
    i.prvAddNewTaskToReadyList               0x08000a5c   Section        0  tasks.o(i.prvAddNewTaskToReadyList)
    prvAddNewTaskToReadyList                 0x08000a5d   Thumb Code   154  tasks.o(i.prvAddNewTaskToReadyList)
    i.prvCheckForValidListAndQueue           0x08000b14   Section        0  timers.o(i.prvCheckForValidListAndQueue)
    prvCheckForValidListAndQueue             0x08000b15   Thumb Code    62  timers.o(i.prvCheckForValidListAndQueue)
    i.prvCheckTasksWaitingTermination        0x08000b70   Section        0  tasks.o(i.prvCheckTasksWaitingTermination)
    prvCheckTasksWaitingTermination          0x08000b71   Thumb Code    60  tasks.o(i.prvCheckTasksWaitingTermination)
    i.prvCopyDataFromQueue                   0x08000bb8   Section        0  queue.o(i.prvCopyDataFromQueue)
    prvCopyDataFromQueue                     0x08000bb9   Thumb Code    42  queue.o(i.prvCopyDataFromQueue)
    i.prvCopyDataToQueue                     0x08000be2   Section        0  queue.o(i.prvCopyDataToQueue)
    prvCopyDataToQueue                       0x08000be3   Thumb Code   126  queue.o(i.prvCopyDataToQueue)
    i.prvDeleteTCB                           0x08000c60   Section        0  tasks.o(i.prvDeleteTCB)
    prvDeleteTCB                             0x08000c61   Thumb Code    40  tasks.o(i.prvDeleteTCB)
    i.prvGetDisinheritPriorityAfterTimeout   0x08000c88   Section        0  queue.o(i.prvGetDisinheritPriorityAfterTimeout)
    prvGetDisinheritPriorityAfterTimeout     0x08000c89   Thumb Code    20  queue.o(i.prvGetDisinheritPriorityAfterTimeout)
    i.prvGetNextExpireTime                   0x08000c9c   Section        0  timers.o(i.prvGetNextExpireTime)
    prvGetNextExpireTime                     0x08000c9d   Thumb Code    36  timers.o(i.prvGetNextExpireTime)
    i.prvHeapInit                            0x08000cc4   Section        0  heap_4.o(i.prvHeapInit)
    prvHeapInit                              0x08000cc5   Thumb Code    98  heap_4.o(i.prvHeapInit)
    i.prvIdleTask                            0x08000d40   Section        0  tasks.o(i.prvIdleTask)
    prvIdleTask                              0x08000d41   Thumb Code    32  tasks.o(i.prvIdleTask)
    i.prvInitialiseMutex                     0x08000d68   Section        0  queue.o(i.prvInitialiseMutex)
    prvInitialiseMutex                       0x08000d69   Thumb Code    30  queue.o(i.prvInitialiseMutex)
    i.prvInitialiseNewQueue                  0x08000d86   Section        0  queue.o(i.prvInitialiseNewQueue)
    prvInitialiseNewQueue                    0x08000d87   Thumb Code    42  queue.o(i.prvInitialiseNewQueue)
    i.prvInitialiseNewTask                   0x08000db0   Section        0  tasks.o(i.prvInitialiseNewTask)
    prvInitialiseNewTask                     0x08000db1   Thumb Code   154  tasks.o(i.prvInitialiseNewTask)
    i.prvInitialiseTaskLists                 0x08000e4c   Section        0  tasks.o(i.prvInitialiseTaskLists)
    prvInitialiseTaskLists                   0x08000e4d   Thumb Code    70  tasks.o(i.prvInitialiseTaskLists)
    i.prvInsertBlockIntoFreeList             0x08000eb4   Section        0  heap_4.o(i.prvInsertBlockIntoFreeList)
    prvInsertBlockIntoFreeList               0x08000eb5   Thumb Code    96  heap_4.o(i.prvInsertBlockIntoFreeList)
    i.prvInsertTimerInActiveList             0x08000f1c   Section        0  timers.o(i.prvInsertTimerInActiveList)
    prvInsertTimerInActiveList               0x08000f1d   Thumb Code    80  timers.o(i.prvInsertTimerInActiveList)
    i.prvIsQueueEmpty                        0x08000f74   Section        0  queue.o(i.prvIsQueueEmpty)
    prvIsQueueEmpty                          0x08000f75   Thumb Code    26  queue.o(i.prvIsQueueEmpty)
    i.prvIsQueueFull                         0x08000f8e   Section        0  queue.o(i.prvIsQueueFull)
    prvIsQueueFull                           0x08000f8f   Thumb Code    30  queue.o(i.prvIsQueueFull)
    i.prvProcessExpiredTimer                 0x08000fac   Section        0  timers.o(i.prvProcessExpiredTimer)
    prvProcessExpiredTimer                   0x08000fad   Thumb Code    86  timers.o(i.prvProcessExpiredTimer)
    i.prvProcessReceivedCommands             0x08001008   Section        0  timers.o(i.prvProcessReceivedCommands)
    prvProcessReceivedCommands               0x08001009   Thumb Code   264  timers.o(i.prvProcessReceivedCommands)
    i.prvProcessTimerOrBlockTask             0x08001114   Section        0  timers.o(i.prvProcessTimerOrBlockTask)
    prvProcessTimerOrBlockTask               0x08001115   Thumb Code   102  timers.o(i.prvProcessTimerOrBlockTask)
    i.prvResetNextTaskUnblockTime            0x08001188   Section        0  tasks.o(i.prvResetNextTaskUnblockTime)
    prvResetNextTaskUnblockTime              0x08001189   Thumb Code    42  tasks.o(i.prvResetNextTaskUnblockTime)
    i.prvSampleTimeNow                       0x080011bc   Section        0  timers.o(i.prvSampleTimeNow)
    prvSampleTimeNow                         0x080011bd   Thumb Code    40  timers.o(i.prvSampleTimeNow)
    i.prvSwitchTimerLists                    0x080011e8   Section        0  timers.o(i.prvSwitchTimerLists)
    prvSwitchTimerLists                      0x080011e9   Thumb Code   126  timers.o(i.prvSwitchTimerLists)
    i.prvTaskExitError                       0x08001270   Section        0  port.o(i.prvTaskExitError)
    prvTaskExitError                         0x08001271   Thumb Code    22  port.o(i.prvTaskExitError)
    i.prvTimerTask                           0x08001286   Section        0  timers.o(i.prvTimerTask)
    prvTimerTask                             0x08001287   Thumb Code    26  timers.o(i.prvTimerTask)
    i.prvUnlockQueue                         0x080012a0   Section        0  queue.o(i.prvUnlockQueue)
    prvUnlockQueue                           0x080012a1   Thumb Code   126  queue.o(i.prvUnlockQueue)
    i.pvPortMalloc                           0x08001320   Section        0  heap_4.o(i.pvPortMalloc)
    i.pvTaskIncrementMutexHeldCount          0x080013f0   Section        0  tasks.o(i.pvTaskIncrementMutexHeldCount)
    i.pxPortInitialiseStack                  0x08001410   Section        0  port.o(i.pxPortInitialiseStack)
    i.uxListRemove                           0x0800143c   Section        0  list.o(i.uxListRemove)
    i.vApplicationGetIdleTaskMemory          0x08001464   Section        0  cmsis_os2.o(i.vApplicationGetIdleTaskMemory)
    i.vApplicationGetTimerTaskMemory         0x0800147c   Section        0  cmsis_os2.o(i.vApplicationGetTimerTaskMemory)
    i.vApplicationStackOverflowHook          0x08001494   Section        0  cmsis_os2.o(i.vApplicationStackOverflowHook)
    i.vLED1_Controller                       0x08001498   Section        0  main.o(i.vLED1_Controller)
    i.vLED2_Controller                       0x080014cc   Section        0  main.o(i.vLED2_Controller)
    i.vLED3_Controller                       0x08001500   Section        0  main.o(i.vLED3_Controller)
    i.vLED4_Controller                       0x08001534   Section        0  main.o(i.vLED4_Controller)
    i.vListInitialise                        0x08001568   Section        0  list.o(i.vListInitialise)
    i.vListInitialiseItem                    0x08001582   Section        0  list.o(i.vListInitialiseItem)
    i.vListInsert                            0x08001588   Section        0  list.o(i.vListInsert)
    i.vListInsertEnd                         0x080015bc   Section        0  list.o(i.vListInsertEnd)
    i.vPortEnterCritical                     0x080015d4   Section        0  port.o(i.vPortEnterCritical)
    i.vPortExitCritical                      0x080015f8   Section        0  port.o(i.vPortExitCritical)
    i.vPortFree                              0x08001618   Section        0  heap_4.o(i.vPortFree)
    i.vPortSetupTimerInterrupt               0x08001660   Section        0  port.o(i.vPortSetupTimerInterrupt)
    i.vQueueDelete                           0x08001688   Section        0  queue.o(i.vQueueDelete)
    i.vQueueWaitForMessageRestricted         0x0800169c   Section        0  queue.o(i.vQueueWaitForMessageRestricted)
    i.vTaskInternalSetTimeOutState           0x080016e8   Section        0  tasks.o(i.vTaskInternalSetTimeOutState)
    i.vTaskMissedYield                       0x08001700   Section        0  tasks.o(i.vTaskMissedYield)
    i.vTaskPlaceOnEventList                  0x0800170c   Section        0  tasks.o(i.vTaskPlaceOnEventList)
    i.vTaskPlaceOnEventListRestricted        0x0800172c   Section        0  tasks.o(i.vTaskPlaceOnEventListRestricted)
    i.vTaskPriorityDisinheritAfterTimeout    0x08001754   Section        0  tasks.o(i.vTaskPriorityDisinheritAfterTimeout)
    i.vTaskStartScheduler                    0x080017e0   Section        0  tasks.o(i.vTaskStartScheduler)
    i.vTaskSuspendAll                        0x08001874   Section        0  tasks.o(i.vTaskSuspendAll)
    i.vTaskSwitchContext                     0x08001884   Section        0  tasks.o(i.vTaskSwitchContext)
    i.xPortStartScheduler                    0x08001934   Section        0  port.o(i.xPortStartScheduler)
    i.xPortSysTickHandler                    0x0800197c   Section        0  port.o(i.xPortSysTickHandler)
    i.xQueueCreateMutex                      0x080019b0   Section        0  queue.o(i.xQueueCreateMutex)
    i.xQueueCreateMutexStatic                0x080019d2   Section        0  queue.o(i.xQueueCreateMutexStatic)
    i.xQueueGenericCreate                    0x080019fc   Section        0  queue.o(i.xQueueGenericCreate)
    i.xQueueGenericCreateStatic              0x08001a3c   Section        0  queue.o(i.xQueueGenericCreateStatic)
    i.xQueueGenericReset                     0x08001a6c   Section        0  queue.o(i.xQueueGenericReset)
    i.xQueueGenericSend                      0x08001aec   Section        0  queue.o(i.xQueueGenericSend)
    i.xQueueGenericSendFromISR               0x08001c04   Section        0  queue.o(i.xQueueGenericSendFromISR)
    i.xQueueReceive                          0x08001c8c   Section        0  queue.o(i.xQueueReceive)
    i.xQueueSemaphoreTake                    0x08001d90   Section        0  queue.o(i.xQueueSemaphoreTake)
    i.xTaskCheckForTimeOut                   0x08001ec0   Section        0  tasks.o(i.xTaskCheckForTimeOut)
    i.xTaskCreate                            0x08001f1c   Section        0  tasks.o(i.xTaskCreate)
    i.xTaskCreateStatic                      0x08001f80   Section        0  tasks.o(i.xTaskCreateStatic)
    i.xTaskGetSchedulerState                 0x08001fd0   Section        0  tasks.o(i.xTaskGetSchedulerState)
    i.xTaskGetTickCount                      0x08001ff0   Section        0  tasks.o(i.xTaskGetTickCount)
    i.xTaskIncrementTick                     0x08001ffc   Section        0  tasks.o(i.xTaskIncrementTick)
    i.xTaskPriorityDisinherit                0x08002114   Section        0  tasks.o(i.xTaskPriorityDisinherit)
    i.xTaskPriorityInherit                   0x08002174   Section        0  tasks.o(i.xTaskPriorityInherit)
    i.xTaskRemoveFromEventList               0x08002218   Section        0  tasks.o(i.xTaskRemoveFromEventList)
    i.xTaskResumeAll                         0x08002298   Section        0  tasks.o(i.xTaskResumeAll)
    i.xTimerCreateTimerTask                  0x08002380   Section        0  timers.o(i.xTimerCreateTimerTask)
    i.xTimerGenericCommand                   0x080023e0   Section        0  timers.o(i.xTimerGenericCommand)
    x$fpl$fpinit                             0x0800244c   Section       10  fpinit.o(x$fpl$fpinit)
    $v0                                      0x0800244c   Number         0  fpinit.o(x$fpl$fpinit)
    .data                                    0x20000000   Section       16  main.o(.data)
    .data                                    0x20000010   Section        1  clib_arm.o(.data)
    os_kernel_active                         0x20000010   Data           1  clib_arm.o(.data)
    .data                                    0x20000014   Section        4  system_stm32f4xx.o(.data)
    .data                                    0x20000018   Section       24  heap_4.o(.data)
    xStart                                   0x20000018   Data           8  heap_4.o(.data)
    pxEnd                                    0x20000020   Data           4  heap_4.o(.data)
    xFreeBytesRemaining                      0x20000024   Data           4  heap_4.o(.data)
    xMinimumEverFreeBytesRemaining           0x20000028   Data           4  heap_4.o(.data)
    xBlockAllocatedBit                       0x2000002c   Data           4  heap_4.o(.data)
    .data                                    0x20000030   Section        4  port.o(.data)
    uxCriticalNesting                        0x20000030   Data           4  port.o(.data)
    .data                                    0x20000034   Section       60  tasks.o(.data)
    pxDelayedTaskList                        0x20000038   Data           4  tasks.o(.data)
    pxOverflowDelayedTaskList                0x2000003c   Data           4  tasks.o(.data)
    uxDeletedTasksWaitingCleanUp             0x20000040   Data           4  tasks.o(.data)
    uxCurrentNumberOfTasks                   0x20000044   Data           4  tasks.o(.data)
    xTickCount                               0x20000048   Data           4  tasks.o(.data)
    uxTopReadyPriority                       0x2000004c   Data           4  tasks.o(.data)
    xSchedulerRunning                        0x20000050   Data           4  tasks.o(.data)
    uxPendedTicks                            0x20000054   Data           4  tasks.o(.data)
    xYieldPending                            0x20000058   Data           4  tasks.o(.data)
    xNumOfOverflows                          0x2000005c   Data           4  tasks.o(.data)
    uxTaskNumber                             0x20000060   Data           4  tasks.o(.data)
    xNextTaskUnblockTime                     0x20000064   Data           4  tasks.o(.data)
    xIdleTaskHandle                          0x20000068   Data           4  tasks.o(.data)
    uxSchedulerSuspended                     0x2000006c   Data           4  tasks.o(.data)
    .data                                    0x20000070   Section       20  timers.o(.data)
    pxCurrentTimerList                       0x20000070   Data           4  timers.o(.data)
    pxOverflowTimerList                      0x20000074   Data           4  timers.o(.data)
    xTimerQueue                              0x20000078   Data           4  timers.o(.data)
    xTimerTaskHandle                         0x2000007c   Data           4  timers.o(.data)
    xLastTime                                0x20000080   Data           4  timers.o(.data)
    .bss                                     0x20000084   Section      916  clib_arm.o(.bss)
    os_libspace                              0x20000084   Data         480  clib_arm.o(.bss)
    os_libspace_id                           0x20000264   Data          16  clib_arm.o(.bss)
    clib_mutex_cb                            0x20000274   Data         400  clib_arm.o(.bss)
    clib_mutex_id                            0x20000404   Data          20  clib_arm.o(.bss)
    .bss                                     0x20000418   Section     1016  cmsis_os2.o(.bss)
    Idle_TCB                                 0x20000418   Data          92  cmsis_os2.o(.bss)
    Idle_Stack                               0x20000474   Data         512  cmsis_os2.o(.bss)
    Timer_TCB                                0x20000674   Data          92  cmsis_os2.o(.bss)
    Timer_Stack                              0x200006d0   Data         320  cmsis_os2.o(.bss)
    .bss                                     0x20000810   Section     8192  heap_4.o(.bss)
    ucHeap                                   0x20000810   Data        8192  heap_4.o(.bss)
    .bss                                     0x20002810   Section     1220  tasks.o(.bss)
    pxReadyTasksLists                        0x20002810   Data        1120  tasks.o(.bss)
    xDelayedTaskList1                        0x20002c70   Data          20  tasks.o(.bss)
    xDelayedTaskList2                        0x20002c84   Data          20  tasks.o(.bss)
    xPendingReadyList                        0x20002c98   Data          20  tasks.o(.bss)
    xTasksWaitingTermination                 0x20002cac   Data          20  tasks.o(.bss)
    xSuspendedTaskList                       0x20002cc0   Data          20  tasks.o(.bss)
    .bss                                     0x20002cd4   Section      200  timers.o(.bss)
    xActiveTimerList1                        0x20002cd4   Data          20  timers.o(.bss)
    xActiveTimerList2                        0x20002ce8   Data          20  timers.o(.bss)
    xStaticTimerQueue                        0x20002cfc   Data          80  timers.o(.bss)
    ucStaticTimerQueueStorage                0x20002d4c   Data          80  timers.o(.bss)
    .bss                                     0x20002d9c   Section       96  libspace.o(.bss)
    HEAP                                     0x20002e00   Section      512  startup_stm32f446xx.o(HEAP)
    Heap_Mem                                 0x20002e00   Data         512  startup_stm32f446xx.o(HEAP)
    STACK                                    0x20003000   Section     1024  startup_stm32f446xx.o(STACK)
    Stack_Mem                                0x20003000   Data        1024  startup_stm32f446xx.o(STACK)
    __initial_sp                             0x20003400   Data           0  startup_stm32f446xx.o(STACK)

    Global Symbols

    Symbol Name                              Value     Ov Type        Size  Object(Section)

    BuildAttributes$$THM_ISAv4$E$P$D$K$B$S$7EM$VFPi3$EXTD16$VFPS$VFMA$PE$A:L22UL41UL21$X:L11$S22US41US21$IEEE1$IW$USESV6$~STKCKD$USESV7$~SHL$OSPACE$ROPI$EBA8$UX$STANDARDLIB$REQ8$PRES8$EABIv2 0x00000000   Number         0  anon$$obj.o ABSOLUTE
    __ARM_use_no_argv                        0x00000000   Number         0  main.o ABSOLUTE
    __ARM_exceptions_init                     - Undefined Weak Reference
    __alloca_initialize                       - Undefined Weak Reference
    __arm_preinit_                            - Undefined Weak Reference
    __cpp_initialize__aeabi_                  - Undefined Weak Reference
    __cxa_finalize                            - Undefined Weak Reference
    __rt_locale                               - Undefined Weak Reference
    __sigvec_lookup                           - Undefined Weak Reference
    _atexit_init                              - Undefined Weak Reference
    _call_atexit_fns                          - Undefined Weak Reference
    _clock_init                               - Undefined Weak Reference
    _fp_trap_init                             - Undefined Weak Reference
    _fp_trap_shutdown                         - Undefined Weak Reference
    _get_lc_collate                           - Undefined Weak Reference
    _get_lc_ctype                             - Undefined Weak Reference
    _get_lc_monetary                          - Undefined Weak Reference
    _get_lc_numeric                           - Undefined Weak Reference
    _get_lc_time                              - Undefined Weak Reference
    _getenv_init                              - Undefined Weak Reference
    _handle_redirection                       - Undefined Weak Reference
    _init_alloc                               - Undefined Weak Reference
    _init_user_alloc                          - Undefined Weak Reference
    _initio                                   - Undefined Weak Reference
    _rand_init                                - Undefined Weak Reference
    _signal_finish                            - Undefined Weak Reference
    _signal_init                              - Undefined Weak Reference
    _terminate_alloc                          - Undefined Weak Reference
    _terminate_user_alloc                     - Undefined Weak Reference
    _terminateio                              - Undefined Weak Reference
    __Vectors_Size                           0x000001c4   Number         0  startup_stm32f446xx.o ABSOLUTE
    __Vectors                                0x08000000   Data           4  startup_stm32f446xx.o(RESET)
    __Vectors_End                            0x080001c4   Data           0  startup_stm32f446xx.o(RESET)
    __main                                   0x080001c5   Thumb Code     8  __main.o(!!!main)
    __scatterload                            0x080001cd   Thumb Code     0  __scatter.o(!!!scatter)
    __scatterload_rt2                        0x080001cd   Thumb Code    44  __scatter.o(!!!scatter)
    __scatterload_rt2_thumb_only             0x080001cd   Thumb Code     0  __scatter.o(!!!scatter)
    __scatterload_null                       0x080001db   Thumb Code     0  __scatter.o(!!!scatter)
    __scatterload_copy                       0x08000201   Thumb Code    26  __scatter_copy.o(!!handler_copy)
    __scatterload_zeroinit                   0x0800021d   Thumb Code    28  __scatter_zi.o(!!handler_zi)
    __rt_lib_init                            0x08000239   Thumb Code     0  libinit.o(.ARM.Collect$$libinit$$00000000)
    __rt_lib_init_fp_1                       0x0800023b   Thumb Code     0  libinit2.o(.ARM.Collect$$libinit$$00000001)
    __rt_lib_init_alloca_1                   0x0800023f   Thumb Code     0  libinit2.o(.ARM.Collect$$libinit$$0000002E)
    __rt_lib_init_argv_1                     0x0800023f   Thumb Code     0  libinit2.o(.ARM.Collect$$libinit$$0000002C)
    __rt_lib_init_atexit_1                   0x0800023f   Thumb Code     0  libinit2.o(.ARM.Collect$$libinit$$0000001B)
    __rt_lib_init_clock_1                    0x0800023f   Thumb Code     0  libinit2.o(.ARM.Collect$$libinit$$00000021)
    __rt_lib_init_cpp_1                      0x0800023f   Thumb Code     0  libinit2.o(.ARM.Collect$$libinit$$00000032)
    __rt_lib_init_exceptions_1               0x0800023f   Thumb Code     0  libinit2.o(.ARM.Collect$$libinit$$00000030)
    __rt_lib_init_fp_trap_1                  0x0800023f   Thumb Code     0  libinit2.o(.ARM.Collect$$libinit$$0000001F)
    __rt_lib_init_getenv_1                   0x0800023f   Thumb Code     0  libinit2.o(.ARM.Collect$$libinit$$00000023)
    __rt_lib_init_heap_1                     0x0800023f   Thumb Code     0  libinit2.o(.ARM.Collect$$libinit$$0000000A)
    __rt_lib_init_lc_collate_1               0x0800023f   Thumb Code     0  libinit2.o(.ARM.Collect$$libinit$$00000011)
    __rt_lib_init_lc_ctype_1                 0x0800023f   Thumb Code     0  libinit2.o(.ARM.Collect$$libinit$$00000013)
    __rt_lib_init_lc_monetary_1              0x0800023f   Thumb Code     0  libinit2.o(.ARM.Collect$$libinit$$00000015)
    __rt_lib_init_lc_numeric_1               0x0800023f   Thumb Code     0  libinit2.o(.ARM.Collect$$libinit$$00000017)
    __rt_lib_init_lc_time_1                  0x0800023f   Thumb Code     0  libinit2.o(.ARM.Collect$$libinit$$00000019)
    __rt_lib_init_preinit_1                  0x0800023f   Thumb Code     0  libinit2.o(.ARM.Collect$$libinit$$00000004)
    __rt_lib_init_rand_1                     0x0800023f   Thumb Code     0  libinit2.o(.ARM.Collect$$libinit$$0000000E)
    __rt_lib_init_return                     0x0800023f   Thumb Code     0  libinit2.o(.ARM.Collect$$libinit$$00000033)
    __rt_lib_init_signal_1                   0x0800023f   Thumb Code     0  libinit2.o(.ARM.Collect$$libinit$$0000001D)
    __rt_lib_init_stdio_1                    0x0800023f   Thumb Code     0  libinit2.o(.ARM.Collect$$libinit$$00000025)
    __rt_lib_init_user_alloc_1               0x0800023f   Thumb Code     0  libinit2.o(.ARM.Collect$$libinit$$0000000C)
    __rt_lib_shutdown                        0x08000241   Thumb Code     0  libshutdown.o(.ARM.Collect$$libshutdown$$00000000)
    __rt_lib_shutdown_cpp_1                  0x08000243   Thumb Code     0  libshutdown2.o(.ARM.Collect$$libshutdown$$00000002)
    __rt_lib_shutdown_fp_trap_1              0x08000243   Thumb Code     0  libshutdown2.o(.ARM.Collect$$libshutdown$$00000007)
    __rt_lib_shutdown_heap_1                 0x08000243   Thumb Code     0  libshutdown2.o(.ARM.Collect$$libshutdown$$0000000F)
    __rt_lib_shutdown_return                 0x08000243   Thumb Code     0  libshutdown2.o(.ARM.Collect$$libshutdown$$00000010)
    __rt_lib_shutdown_signal_1               0x08000243   Thumb Code     0  libshutdown2.o(.ARM.Collect$$libshutdown$$0000000A)
    __rt_lib_shutdown_stdio_1                0x08000243   Thumb Code     0  libshutdown2.o(.ARM.Collect$$libshutdown$$00000004)
    __rt_lib_shutdown_user_alloc_1           0x08000243   Thumb Code     0  libshutdown2.o(.ARM.Collect$$libshutdown$$0000000C)
    __rt_entry                               0x08000245   Thumb Code     0  __rtentry.o(.ARM.Collect$$rtentry$$00000000)
    __rt_entry_presh_1                       0x08000245   Thumb Code     0  __rtentry2.o(.ARM.Collect$$rtentry$$00000002)
    __rt_entry_sh                            0x08000245   Thumb Code     0  __rtentry4.o(.ARM.Collect$$rtentry$$00000004)
    __rt_entry_postsh_1                      0x0800024b   Thumb Code     0  __rtentry2.o(.ARM.Collect$$rtentry$$00000008)
    __rt_entry_li                            0x08000253   Thumb Code     0  __rtentry2.o(.ARM.Collect$$rtentry$$0000000A)
    __rt_entry_main                          0x08000257   Thumb Code     0  __rtentry2.o(.ARM.Collect$$rtentry$$0000000D)
    __rt_entry_postli_1                      0x08000257   Thumb Code     0  __rtentry2.o(.ARM.Collect$$rtentry$$0000000C)
    __rt_exit                                0x0800025f   Thumb Code     0  rtexit.o(.ARM.Collect$$rtexit$$00000000)
    __rt_exit_ls                             0x08000261   Thumb Code     0  rtexit2.o(.ARM.Collect$$rtexit$$00000003)
    __rt_exit_prels_1                        0x08000261   Thumb Code     0  rtexit2.o(.ARM.Collect$$rtexit$$00000002)
    __rt_exit_exit                           0x08000265   Thumb Code     0  rtexit2.o(.ARM.Collect$$rtexit$$00000004)
    SVC_Handler                              0x0800026d   Thumb Code    28  port.o(.emb_text)
    __asm___6_port_c_39a90d8d__prvStartFirstTask 0x0800028d   Thumb Code    36  port.o(.emb_text)
    __asm___6_port_c_39a90d8d__prvEnableVFP  0x080002b5   Thumb Code    16  port.o(.emb_text)
    PendSV_Handler                           0x080002c9   Thumb Code    88  port.o(.emb_text)
    vPortGetIPSR                             0x08000325   Thumb Code     6  port.o(.emb_text)
    Reset_Handler                            0x0800032d   Thumb Code     8  startup_stm32f446xx.o(.text)
    NMI_Handler                              0x08000335   Thumb Code     2  startup_stm32f446xx.o(.text)
    HardFault_Handler                        0x08000337   Thumb Code     2  startup_stm32f446xx.o(.text)
    MemManage_Handler                        0x08000339   Thumb Code     2  startup_stm32f446xx.o(.text)
    BusFault_Handler                         0x0800033b   Thumb Code     2  startup_stm32f446xx.o(.text)
    UsageFault_Handler                       0x0800033d   Thumb Code     2  startup_stm32f446xx.o(.text)
    DebugMon_Handler                         0x08000341   Thumb Code     2  startup_stm32f446xx.o(.text)
    ADC_IRQHandler                           0x08000347   Thumb Code     0  startup_stm32f446xx.o(.text)
    CAN1_RX0_IRQHandler                      0x08000347   Thumb Code     0  startup_stm32f446xx.o(.text)
    CAN1_RX1_IRQHandler                      0x08000347   Thumb Code     0  startup_stm32f446xx.o(.text)
    CAN1_SCE_IRQHandler                      0x08000347   Thumb Code     0  startup_stm32f446xx.o(.text)
    CAN1_TX_IRQHandler                       0x08000347   Thumb Code     0  startup_stm32f446xx.o(.text)
    CAN2_RX0_IRQHandler                      0x08000347   Thumb Code     0  startup_stm32f446xx.o(.text)
    CAN2_RX1_IRQHandler                      0x08000347   Thumb Code     0  startup_stm32f446xx.o(.text)
    CAN2_SCE_IRQHandler                      0x08000347   Thumb Code     0  startup_stm32f446xx.o(.text)
    CAN2_TX_IRQHandler                       0x08000347   Thumb Code     0  startup_stm32f446xx.o(.text)
    CEC_IRQHandler                           0x08000347   Thumb Code     0  startup_stm32f446xx.o(.text)
    DCMI_IRQHandler                          0x08000347   Thumb Code     0  startup_stm32f446xx.o(.text)
    DMA1_Stream0_IRQHandler                  0x08000347   Thumb Code     0  startup_stm32f446xx.o(.text)
    DMA1_Stream1_IRQHandler                  0x08000347   Thumb Code     0  startup_stm32f446xx.o(.text)
    DMA1_Stream2_IRQHandler                  0x08000347   Thumb Code     0  startup_stm32f446xx.o(.text)
    DMA1_Stream3_IRQHandler                  0x08000347   Thumb Code     0  startup_stm32f446xx.o(.text)
    DMA1_Stream4_IRQHandler                  0x08000347   Thumb Code     0  startup_stm32f446xx.o(.text)
    DMA1_Stream5_IRQHandler                  0x08000347   Thumb Code     0  startup_stm32f446xx.o(.text)
    DMA1_Stream6_IRQHandler                  0x08000347   Thumb Code     0  startup_stm32f446xx.o(.text)
    DMA1_Stream7_IRQHandler                  0x08000347   Thumb Code     0  startup_stm32f446xx.o(.text)
    DMA2_Stream0_IRQHandler                  0x08000347   Thumb Code     0  startup_stm32f446xx.o(.text)
    DMA2_Stream1_IRQHandler                  0x08000347   Thumb Code     0  startup_stm32f446xx.o(.text)
    DMA2_Stream2_IRQHandler                  0x08000347   Thumb Code     0  startup_stm32f446xx.o(.text)
    DMA2_Stream3_IRQHandler                  0x08000347   Thumb Code     0  startup_stm32f446xx.o(.text)
    DMA2_Stream4_IRQHandler                  0x08000347   Thumb Code     0  startup_stm32f446xx.o(.text)
    DMA2_Stream5_IRQHandler                  0x08000347   Thumb Code     0  startup_stm32f446xx.o(.text)
    DMA2_Stream6_IRQHandler                  0x08000347   Thumb Code     0  startup_stm32f446xx.o(.text)
    DMA2_Stream7_IRQHandler                  0x08000347   Thumb Code     0  startup_stm32f446xx.o(.text)
    EXTI0_IRQHandler                         0x08000347   Thumb Code     0  startup_stm32f446xx.o(.text)
    EXTI15_10_IRQHandler                     0x08000347   Thumb Code     0  startup_stm32f446xx.o(.text)
    EXTI1_IRQHandler                         0x08000347   Thumb Code     0  startup_stm32f446xx.o(.text)
    EXTI2_IRQHandler                         0x08000347   Thumb Code     0  startup_stm32f446xx.o(.text)
    EXTI3_IRQHandler                         0x08000347   Thumb Code     0  startup_stm32f446xx.o(.text)
    EXTI4_IRQHandler                         0x08000347   Thumb Code     0  startup_stm32f446xx.o(.text)
    EXTI9_5_IRQHandler                       0x08000347   Thumb Code     0  startup_stm32f446xx.o(.text)
    FLASH_IRQHandler                         0x08000347   Thumb Code     0  startup_stm32f446xx.o(.text)
    FMC_IRQHandler                           0x08000347   Thumb Code     0  startup_stm32f446xx.o(.text)
    FMPI2C1_ER_IRQHandler                    0x08000347   Thumb Code     0  startup_stm32f446xx.o(.text)
    FMPI2C1_EV_IRQHandler                    0x08000347   Thumb Code     0  startup_stm32f446xx.o(.text)
    FPU_IRQHandler                           0x08000347   Thumb Code     0  startup_stm32f446xx.o(.text)
    I2C1_ER_IRQHandler                       0x08000347   Thumb Code     0  startup_stm32f446xx.o(.text)
    I2C1_EV_IRQHandler                       0x08000347   Thumb Code     0  startup_stm32f446xx.o(.text)
    I2C2_ER_IRQHandler                       0x08000347   Thumb Code     0  startup_stm32f446xx.o(.text)
    I2C2_EV_IRQHandler                       0x08000347   Thumb Code     0  startup_stm32f446xx.o(.text)
    I2C3_ER_IRQHandler                       0x08000347   Thumb Code     0  startup_stm32f446xx.o(.text)
    I2C3_EV_IRQHandler                       0x08000347   Thumb Code     0  startup_stm32f446xx.o(.text)
    OTG_FS_IRQHandler                        0x08000347   Thumb Code     0  startup_stm32f446xx.o(.text)
    OTG_FS_WKUP_IRQHandler                   0x08000347   Thumb Code     0  startup_stm32f446xx.o(.text)
    OTG_HS_EP1_IN_IRQHandler                 0x08000347   Thumb Code     0  startup_stm32f446xx.o(.text)
    OTG_HS_EP1_OUT_IRQHandler                0x08000347   Thumb Code     0  startup_stm32f446xx.o(.text)
    OTG_HS_IRQHandler                        0x08000347   Thumb Code     0  startup_stm32f446xx.o(.text)
    OTG_HS_WKUP_IRQHandler                   0x08000347   Thumb Code     0  startup_stm32f446xx.o(.text)
    PVD_IRQHandler                           0x08000347   Thumb Code     0  startup_stm32f446xx.o(.text)
    QUADSPI_IRQHandler                       0x08000347   Thumb Code     0  startup_stm32f446xx.o(.text)
    RCC_IRQHandler                           0x08000347   Thumb Code     0  startup_stm32f446xx.o(.text)
    RTC_Alarm_IRQHandler                     0x08000347   Thumb Code     0  startup_stm32f446xx.o(.text)
    RTC_WKUP_IRQHandler                      0x08000347   Thumb Code     0  startup_stm32f446xx.o(.text)
    SAI1_IRQHandler                          0x08000347   Thumb Code     0  startup_stm32f446xx.o(.text)
    SAI2_IRQHandler                          0x08000347   Thumb Code     0  startup_stm32f446xx.o(.text)
    SDIO_IRQHandler                          0x08000347   Thumb Code     0  startup_stm32f446xx.o(.text)
    SPDIF_RX_IRQHandler                      0x08000347   Thumb Code     0  startup_stm32f446xx.o(.text)
    SPI1_IRQHandler                          0x08000347   Thumb Code     0  startup_stm32f446xx.o(.text)
    SPI2_IRQHandler                          0x08000347   Thumb Code     0  startup_stm32f446xx.o(.text)
    SPI3_IRQHandler                          0x08000347   Thumb Code     0  startup_stm32f446xx.o(.text)
    SPI4_IRQHandler                          0x08000347   Thumb Code     0  startup_stm32f446xx.o(.text)
    TAMP_STAMP_IRQHandler                    0x08000347   Thumb Code     0  startup_stm32f446xx.o(.text)
    TIM1_BRK_TIM9_IRQHandler                 0x08000347   Thumb Code     0  startup_stm32f446xx.o(.text)
    TIM1_CC_IRQHandler                       0x08000347   Thumb Code     0  startup_stm32f446xx.o(.text)
    TIM1_TRG_COM_TIM11_IRQHandler            0x08000347   Thumb Code     0  startup_stm32f446xx.o(.text)
    TIM1_UP_TIM10_IRQHandler                 0x08000347   Thumb Code     0  startup_stm32f446xx.o(.text)
    TIM2_IRQHandler                          0x08000347   Thumb Code     0  startup_stm32f446xx.o(.text)
    TIM3_IRQHandler                          0x08000347   Thumb Code     0  startup_stm32f446xx.o(.text)
    TIM4_IRQHandler                          0x08000347   Thumb Code     0  startup_stm32f446xx.o(.text)
    TIM5_IRQHandler                          0x08000347   Thumb Code     0  startup_stm32f446xx.o(.text)
    TIM6_DAC_IRQHandler                      0x08000347   Thumb Code     0  startup_stm32f446xx.o(.text)
    TIM7_IRQHandler                          0x08000347   Thumb Code     0  startup_stm32f446xx.o(.text)
    TIM8_BRK_TIM12_IRQHandler                0x08000347   Thumb Code     0  startup_stm32f446xx.o(.text)
    TIM8_CC_IRQHandler                       0x08000347   Thumb Code     0  startup_stm32f446xx.o(.text)
    TIM8_TRG_COM_TIM14_IRQHandler            0x08000347   Thumb Code     0  startup_stm32f446xx.o(.text)
    TIM8_UP_TIM13_IRQHandler                 0x08000347   Thumb Code     0  startup_stm32f446xx.o(.text)
    UART4_IRQHandler                         0x08000347   Thumb Code     0  startup_stm32f446xx.o(.text)
    UART5_IRQHandler                         0x08000347   Thumb Code     0  startup_stm32f446xx.o(.text)
    USART1_IRQHandler                        0x08000347   Thumb Code     0  startup_stm32f446xx.o(.text)
    USART2_IRQHandler                        0x08000347   Thumb Code     0  startup_stm32f446xx.o(.text)
    USART3_IRQHandler                        0x08000347   Thumb Code     0  startup_stm32f446xx.o(.text)
    USART6_IRQHandler                        0x08000347   Thumb Code     0  startup_stm32f446xx.o(.text)
    WWDG_IRQHandler                          0x08000347   Thumb Code     0  startup_stm32f446xx.o(.text)
    __user_initial_stackheap                 0x08000349   Thumb Code     0  startup_stm32f446xx.o(.text)
    __aeabi_memcpy                           0x0800036d   Thumb Code     0  rt_memcpy_v6.o(.text)
    __rt_memcpy                              0x0800036d   Thumb Code   138  rt_memcpy_v6.o(.text)
    _memcpy_lastbytes                        0x080003d3   Thumb Code     0  rt_memcpy_v6.o(.text)
    __aeabi_memset                           0x080003f7   Thumb Code    16  aeabi_memset.o(.text)
    __use_two_region_memory                  0x08000407   Thumb Code     2  heapauxi.o(.text)
    __rt_heap_escrow$2region                 0x08000409   Thumb Code     2  heapauxi.o(.text)
    __rt_heap_expand$2region                 0x0800040b   Thumb Code     2  heapauxi.o(.text)
    __aeabi_memcpy4                          0x0800040d   Thumb Code     0  rt_memcpy_w.o(.text)
    __aeabi_memcpy8                          0x0800040d   Thumb Code     0  rt_memcpy_w.o(.text)
    __rt_memcpy_w                            0x0800040d   Thumb Code   100  rt_memcpy_w.o(.text)
    _memcpy_lastbytes_aligned                0x08000455   Thumb Code     0  rt_memcpy_w.o(.text)
    __aeabi_memclr                           0x08000471   Thumb Code     0  rt_memclr.o(.text)
    __rt_memclr                              0x08000471   Thumb Code    68  rt_memclr.o(.text)
    _memset                                  0x08000475   Thumb Code     0  rt_memclr.o(.text)
    __aeabi_memclr4                          0x080004b5   Thumb Code     0  rt_memclr_w.o(.text)
    __aeabi_memclr8                          0x080004b5   Thumb Code     0  rt_memclr_w.o(.text)
    __rt_memclr_w                            0x080004b5   Thumb Code    78  rt_memclr_w.o(.text)
    _memset_w                                0x080004b9   Thumb Code     0  rt_memclr_w.o(.text)
    __user_setup_stackheap                   0x08000503   Thumb Code    74  sys_stackheap_outer.o(.text)
    exit                                     0x0800054d   Thumb Code    18  exit.o(.text)
    __user_libspace                          0x08000561   Thumb Code     8  libspace.o(.text)
    __user_perproc_libspace                  0x08000561   Thumb Code     0  libspace.o(.text)
    _sys_exit                                0x08000569   Thumb Code     8  sys_exit.o(.text)
    __I$use$semihosting                      0x08000575   Thumb Code     0  use_no_semi.o(.text)
    __use_no_semihosting_swi                 0x08000575   Thumb Code     2  use_no_semi.o(.text)
    __semihosting_library_function           0x08000577   Thumb Code     0  indicate_semi.o(.text)
    Gpio_Init                                0x08000579   Thumb Code    76  main.o(i.Gpio_Init)
    HAL_GPIO_Init                            0x080005cd   Thumb Code   456  stm32f4xx_hal_gpio.o(i.HAL_GPIO_Init)
    HAL_GPIO_WritePin                        0x080007bd   Thumb Code    12  stm32f4xx_hal_gpio.o(i.HAL_GPIO_WritePin)
    SysTick_Handler                          0x080007c9   Thumb Code    22  cmsis_os2.o(i.SysTick_Handler)
    SystemInit                               0x080007e1   Thumb Code    82  system_stm32f4xx.o(i.SystemInit)
    _mutex_acquire                           0x08000845   Thumb Code    22  clib_arm.o(i._mutex_acquire)
    _mutex_free                              0x0800085d   Thumb Code    46  clib_arm.o(i._mutex_free)
    _mutex_initialize                        0x08000891   Thumb Code    86  clib_arm.o(i._mutex_initialize)
    _mutex_release                           0x080008f1   Thumb Code    24  clib_arm.o(i._mutex_release)
    _platform_post_stackheap_init            0x08000909   Thumb Code     2  clib_arm.o(i._platform_post_stackheap_init)
    main                                     0x0800090d   Thumb Code    94  main.o(i.main)
    pvPortMalloc                             0x08001321   Thumb Code   188  heap_4.o(i.pvPortMalloc)
    pvTaskIncrementMutexHeldCount            0x080013f1   Thumb Code    26  tasks.o(i.pvTaskIncrementMutexHeldCount)
    pxPortInitialiseStack                    0x08001411   Thumb Code    38  port.o(i.pxPortInitialiseStack)
    uxListRemove                             0x0800143d   Thumb Code    40  list.o(i.uxListRemove)
    vApplicationGetIdleTaskMemory            0x08001465   Thumb Code    14  cmsis_os2.o(i.vApplicationGetIdleTaskMemory)
    vApplicationGetTimerTaskMemory           0x0800147d   Thumb Code    14  cmsis_os2.o(i.vApplicationGetTimerTaskMemory)
    vApplicationStackOverflowHook            0x08001495   Thumb Code     2  cmsis_os2.o(i.vApplicationStackOverflowHook)
    vLED1_Controller                         0x08001499   Thumb Code    38  main.o(i.vLED1_Controller)
    vLED2_Controller                         0x080014cd   Thumb Code    38  main.o(i.vLED2_Controller)
    vLED3_Controller                         0x08001501   Thumb Code    38  main.o(i.vLED3_Controller)
    vLED4_Controller                         0x08001535   Thumb Code    38  main.o(i.vLED4_Controller)
    vListInitialise                          0x08001569   Thumb Code    26  list.o(i.vListInitialise)
    vListInitialiseItem                      0x08001583   Thumb Code     6  list.o(i.vListInitialiseItem)
    vListInsert                              0x08001589   Thumb Code    52  list.o(i.vListInsert)
    vListInsertEnd                           0x080015bd   Thumb Code    24  list.o(i.vListInsertEnd)
    vPortEnterCritical                       0x080015d5   Thumb Code    30  port.o(i.vPortEnterCritical)
    vPortExitCritical                        0x080015f9   Thumb Code    28  port.o(i.vPortExitCritical)
    vPortFree                                0x08001619   Thumb Code    64  heap_4.o(i.vPortFree)
    vPortSetupTimerInterrupt                 0x08001661   Thumb Code    36  port.o(i.vPortSetupTimerInterrupt)
    vQueueDelete                             0x08001689   Thumb Code    20  queue.o(i.vQueueDelete)
    vQueueWaitForMessageRestricted           0x0800169d   Thumb Code    74  queue.o(i.vQueueWaitForMessageRestricted)
    vTaskInternalSetTimeOutState             0x080016e9   Thumb Code    14  tasks.o(i.vTaskInternalSetTimeOutState)
    vTaskMissedYield                         0x08001701   Thumb Code     8  tasks.o(i.vTaskMissedYield)
    vTaskPlaceOnEventList                    0x0800170d   Thumb Code    28  tasks.o(i.vTaskPlaceOnEventList)
    vTaskPlaceOnEventListRestricted          0x0800172d   Thumb Code    36  tasks.o(i.vTaskPlaceOnEventListRestricted)
    vTaskPriorityDisinheritAfterTimeout      0x08001755   Thumb Code   130  tasks.o(i.vTaskPriorityDisinheritAfterTimeout)
    vTaskStartScheduler                      0x080017e1   Thumb Code   120  tasks.o(i.vTaskStartScheduler)
    vTaskSuspendAll                          0x08001875   Thumb Code    12  tasks.o(i.vTaskSuspendAll)
    vTaskSwitchContext                       0x08001885   Thumb Code   154  tasks.o(i.vTaskSwitchContext)
    xPortStartScheduler                      0x08001935   Thumb Code    58  port.o(i.xPortStartScheduler)
    xPortSysTickHandler                      0x0800197d   Thumb Code    46  port.o(i.xPortSysTickHandler)
    xQueueCreateMutex                        0x080019b1   Thumb Code    34  queue.o(i.xQueueCreateMutex)
    xQueueCreateMutexStatic                  0x080019d3   Thumb Code    42  queue.o(i.xQueueCreateMutexStatic)
    xQueueGenericCreate                      0x080019fd   Thumb Code    64  queue.o(i.xQueueGenericCreate)
    xQueueGenericCreateStatic                0x08001a3d   Thumb Code    46  queue.o(i.xQueueGenericCreateStatic)
    xQueueGenericReset                       0x08001a6d   Thumb Code   122  queue.o(i.xQueueGenericReset)
    xQueueGenericSend                        0x08001aed   Thumb Code   276  queue.o(i.xQueueGenericSend)
    xQueueGenericSendFromISR                 0x08001c05   Thumb Code   134  queue.o(i.xQueueGenericSendFromISR)
    xQueueReceive                            0x08001c8d   Thumb Code   256  queue.o(i.xQueueReceive)
    xQueueSemaphoreTake                      0x08001d91   Thumb Code   300  queue.o(i.xQueueSemaphoreTake)
    xTaskCheckForTimeOut                     0x08001ec1   Thumb Code    84  tasks.o(i.xTaskCheckForTimeOut)
    xTaskCreate                              0x08001f1d   Thumb Code   100  tasks.o(i.xTaskCreate)
    xTaskCreateStatic                        0x08001f81   Thumb Code    78  tasks.o(i.xTaskCreateStatic)
    xTaskGetSchedulerState                   0x08001fd1   Thumb Code    24  tasks.o(i.xTaskGetSchedulerState)
    xTaskGetTickCount                        0x08001ff1   Thumb Code     6  tasks.o(i.xTaskGetTickCount)
    xTaskIncrementTick                       0x08001ffd   Thumb Code   236  tasks.o(i.xTaskIncrementTick)
    xTaskPriorityDisinherit                  0x08002115   Thumb Code    86  tasks.o(i.xTaskPriorityDisinherit)
    xTaskPriorityInherit                     0x08002175   Thumb Code   150  tasks.o(i.xTaskPriorityInherit)
    xTaskRemoveFromEventList                 0x08002219   Thumb Code   102  tasks.o(i.xTaskRemoveFromEventList)
    xTaskResumeAll                           0x08002299   Thumb Code   194  tasks.o(i.xTaskResumeAll)
    xTimerCreateTimerTask                    0x08002381   Thumb Code    76  timers.o(i.xTimerCreateTimerTask)
    xTimerGenericCommand                     0x080023e1   Thumb Code   104  timers.o(i.xTimerGenericCommand)
    _fp_init                                 0x0800244d   Thumb Code    10  fpinit.o(x$fpl$fpinit)
    __fplib_config_fpu_vfp                   0x08002455   Thumb Code     0  fpinit.o(x$fpl$fpinit)
    __fplib_config_pureend_doubles           0x08002455   Thumb Code     0  fpinit.o(x$fpl$fpinit)
    Region$$Table$$Base                      0x08002458   Number         0  anon$$obj.o(Region$$Table)
    Region$$Table$$Limit                     0x08002478   Number         0  anon$$obj.o(Region$$Table)
    count1                                   0x20000000   Data           4  main.o(.data)
    count2                                   0x20000004   Data           4  main.o(.data)
    count3                                   0x20000008   Data           4  main.o(.data)
    count4                                   0x2000000c   Data           4  main.o(.data)
    SystemCoreClock                          0x20000014   Data           4  system_stm32f4xx.o(.data)
    pxCurrentTCB                             0x20000034   Data           4  tasks.o(.data)
    __libspace_start                         0x20002d9c   Data          96  libspace.o(.bss)
    __temporary_stack_top$libspace           0x20002dfc   Data           0  libspace.o(.bss)



==============================================================================

Memory Map of the image

  Image Entry point : 0x0800032d

  Load Region LR_1 (Base: 0x08000000, Size: 0x000024fc, Max: 0xffffffff, ABSOLUTE)

    Execution Region ER_RO (Exec base: 0x08000000, Load base: 0x08000000, Size: 0x00002478, Max: 0xffffffff, ABSOLUTE)

    Exec Addr    Load Addr    Size         Type   Attr      Idx    E Section Name        Object

    0x08000000   0x08000000   0x000001c4   Data   RO         1565    RESET               startup_stm32f446xx.o
    0x080001c4   0x080001c4   0x00000008   Code   RO         2752  * !!!main             c_w.l(__main.o)
    0x080001cc   0x080001cc   0x00000034   Code   RO         2923    !!!scatter          c_w.l(__scatter.o)
    0x08000200   0x08000200   0x0000001a   Code   RO         2925    !!handler_copy      c_w.l(__scatter_copy.o)
    0x0800021a   0x0800021a   0x00000002   PAD
    0x0800021c   0x0800021c   0x0000001c   Code   RO         2927    !!handler_zi        c_w.l(__scatter_zi.o)
    0x08000238   0x08000238   0x00000002   Code   RO         2793    .ARM.Collect$$libinit$$00000000  c_w.l(libinit.o)
    0x0800023a   0x0800023a   0x00000004   Code   RO         2805    .ARM.Collect$$libinit$$00000001  c_w.l(libinit2.o)
    0x0800023e   0x0800023e   0x00000000   Code   RO         2808    .ARM.Collect$$libinit$$00000004  c_w.l(libinit2.o)
    0x0800023e   0x0800023e   0x00000000   Code   RO         2811    .ARM.Collect$$libinit$$0000000A  c_w.l(libinit2.o)
    0x0800023e   0x0800023e   0x00000000   Code   RO         2813    .ARM.Collect$$libinit$$0000000C  c_w.l(libinit2.o)
    0x0800023e   0x0800023e   0x00000000   Code   RO         2815    .ARM.Collect$$libinit$$0000000E  c_w.l(libinit2.o)
    0x0800023e   0x0800023e   0x00000000   Code   RO         2818    .ARM.Collect$$libinit$$00000011  c_w.l(libinit2.o)
    0x0800023e   0x0800023e   0x00000000   Code   RO         2820    .ARM.Collect$$libinit$$00000013  c_w.l(libinit2.o)
    0x0800023e   0x0800023e   0x00000000   Code   RO         2822    .ARM.Collect$$libinit$$00000015  c_w.l(libinit2.o)
    0x0800023e   0x0800023e   0x00000000   Code   RO         2824    .ARM.Collect$$libinit$$00000017  c_w.l(libinit2.o)
    0x0800023e   0x0800023e   0x00000000   Code   RO         2826    .ARM.Collect$$libinit$$00000019  c_w.l(libinit2.o)
    0x0800023e   0x0800023e   0x00000000   Code   RO         2828    .ARM.Collect$$libinit$$0000001B  c_w.l(libinit2.o)
    0x0800023e   0x0800023e   0x00000000   Code   RO         2830    .ARM.Collect$$libinit$$0000001D  c_w.l(libinit2.o)
    0x0800023e   0x0800023e   0x00000000   Code   RO         2832    .ARM.Collect$$libinit$$0000001F  c_w.l(libinit2.o)
    0x0800023e   0x0800023e   0x00000000   Code   RO         2834    .ARM.Collect$$libinit$$00000021  c_w.l(libinit2.o)
    0x0800023e   0x0800023e   0x00000000   Code   RO         2836    .ARM.Collect$$libinit$$00000023  c_w.l(libinit2.o)
    0x0800023e   0x0800023e   0x00000000   Code   RO         2838    .ARM.Collect$$libinit$$00000025  c_w.l(libinit2.o)
    0x0800023e   0x0800023e   0x00000000   Code   RO         2842    .ARM.Collect$$libinit$$0000002C  c_w.l(libinit2.o)
    0x0800023e   0x0800023e   0x00000000   Code   RO         2844    .ARM.Collect$$libinit$$0000002E  c_w.l(libinit2.o)
    0x0800023e   0x0800023e   0x00000000   Code   RO         2846    .ARM.Collect$$libinit$$00000030  c_w.l(libinit2.o)
    0x0800023e   0x0800023e   0x00000000   Code   RO         2848    .ARM.Collect$$libinit$$00000032  c_w.l(libinit2.o)
    0x0800023e   0x0800023e   0x00000002   Code   RO         2849    .ARM.Collect$$libinit$$00000033  c_w.l(libinit2.o)
    0x08000240   0x08000240   0x00000002   Code   RO         2880    .ARM.Collect$$libshutdown$$00000000  c_w.l(libshutdown.o)
    0x08000242   0x08000242   0x00000000   Code   RO         2906    .ARM.Collect$$libshutdown$$00000002  c_w.l(libshutdown2.o)
    0x08000242   0x08000242   0x00000000   Code   RO         2908    .ARM.Collect$$libshutdown$$00000004  c_w.l(libshutdown2.o)
    0x08000242   0x08000242   0x00000000   Code   RO         2911    .ARM.Collect$$libshutdown$$00000007  c_w.l(libshutdown2.o)
    0x08000242   0x08000242   0x00000000   Code   RO         2914    .ARM.Collect$$libshutdown$$0000000A  c_w.l(libshutdown2.o)
    0x08000242   0x08000242   0x00000000   Code   RO         2916    .ARM.Collect$$libshutdown$$0000000C  c_w.l(libshutdown2.o)
    0x08000242   0x08000242   0x00000000   Code   RO         2919    .ARM.Collect$$libshutdown$$0000000F  c_w.l(libshutdown2.o)
    0x08000242   0x08000242   0x00000002   Code   RO         2920    .ARM.Collect$$libshutdown$$00000010  c_w.l(libshutdown2.o)
    0x08000244   0x08000244   0x00000000   Code   RO         2754    .ARM.Collect$$rtentry$$00000000  c_w.l(__rtentry.o)
    0x08000244   0x08000244   0x00000000   Code   RO         2764    .ARM.Collect$$rtentry$$00000002  c_w.l(__rtentry2.o)
    0x08000244   0x08000244   0x00000006   Code   RO         2776    .ARM.Collect$$rtentry$$00000004  c_w.l(__rtentry4.o)
    0x0800024a   0x0800024a   0x00000008   Code   RO         2765    .ARM.Collect$$rtentry$$00000008  c_w.l(__rtentry2.o)
    0x08000252   0x08000252   0x00000004   Code   RO         2767    .ARM.Collect$$rtentry$$0000000A  c_w.l(__rtentry2.o)
    0x08000256   0x08000256   0x00000000   Code   RO         2769    .ARM.Collect$$rtentry$$0000000C  c_w.l(__rtentry2.o)
    0x08000256   0x08000256   0x00000008   Code   RO         2770    .ARM.Collect$$rtentry$$0000000D  c_w.l(__rtentry2.o)
    0x0800025e   0x0800025e   0x00000002   Code   RO         2797    .ARM.Collect$$rtexit$$00000000  c_w.l(rtexit.o)
    0x08000260   0x08000260   0x00000000   Code   RO         2853    .ARM.Collect$$rtexit$$00000002  c_w.l(rtexit2.o)
    0x08000260   0x08000260   0x00000004   Code   RO         2854    .ARM.Collect$$rtexit$$00000003  c_w.l(rtexit2.o)
    0x08000264   0x08000264   0x00000006   Code   RO         2855    .ARM.Collect$$rtexit$$00000004  c_w.l(rtexit2.o)
    0x0800026a   0x0800026a   0x00000002   PAD
    0x0800026c   0x0800026c   0x000000be   Code   RO         1871    .emb_text           port.o
    0x0800032a   0x0800032a   0x00000002   PAD
    0x0800032c   0x0800032c   0x00000040   Code   RO         1566  * .text               startup_stm32f446xx.o
    0x0800036c   0x0800036c   0x0000008a   Code   RO         2746    .text               c_w.l(rt_memcpy_v6.o)
    0x080003f6   0x080003f6   0x00000010   Code   RO         2748    .text               c_w.l(aeabi_memset.o)
    0x08000406   0x08000406   0x00000006   Code   RO         2750    .text               c_w.l(heapauxi.o)
    0x0800040c   0x0800040c   0x00000064   Code   RO         2759    .text               c_w.l(rt_memcpy_w.o)
    0x08000470   0x08000470   0x00000044   Code   RO         2761    .text               c_w.l(rt_memclr.o)
    0x080004b4   0x080004b4   0x0000004e   Code   RO         2780    .text               c_w.l(rt_memclr_w.o)
    0x08000502   0x08000502   0x0000004a   Code   RO         2782    .text               c_w.l(sys_stackheap_outer.o)
    0x0800054c   0x0800054c   0x00000012   Code   RO         2784    .text               c_w.l(exit.o)
    0x0800055e   0x0800055e   0x00000002   PAD
    0x08000560   0x08000560   0x00000008   Code   RO         2794    .text               c_w.l(libspace.o)
    0x08000568   0x08000568   0x0000000c   Code   RO         2850    .text               c_w.l(sys_exit.o)
    0x08000574   0x08000574   0x00000002   Code   RO         2869    .text               c_w.l(use_no_semi.o)
    0x08000576   0x08000576   0x00000000   Code   RO         2871    .text               c_w.l(indicate_semi.o)
    0x08000576   0x08000576   0x00000002   PAD
    0x08000578   0x08000578   0x00000054   Code   RO            4    i.Gpio_Init         main.o
    0x080005cc   0x080005cc   0x000001f0   Code   RO         1119    i.HAL_GPIO_Init     stm32f4xx_hal_gpio.o
    0x080007bc   0x080007bc   0x0000000c   Code   RO         1123    i.HAL_GPIO_WritePin  stm32f4xx_hal_gpio.o
    0x080007c8   0x080007c8   0x00000016   Code   RO          242    i.SysTick_Handler   cmsis_os2.o
    0x080007de   0x080007de   0x00000002   PAD
    0x080007e0   0x080007e0   0x00000064   Code   RO         1574    i.SystemInit        system_stm32f4xx.o
    0x08000844   0x08000844   0x00000016   Code   RO          175    i._mutex_acquire    clib_arm.o
    0x0800085a   0x0800085a   0x00000002   PAD
    0x0800085c   0x0800085c   0x00000034   Code   RO          176    i._mutex_free       clib_arm.o
    0x08000890   0x08000890   0x00000060   Code   RO          177    i._mutex_initialize  clib_arm.o
    0x080008f0   0x080008f0   0x00000018   Code   RO          178    i._mutex_release    clib_arm.o
    0x08000908   0x08000908   0x00000002   Code   RO          179    i._platform_post_stackheap_init  clib_arm.o
    0x0800090a   0x0800090a   0x00000002   PAD
    0x0800090c   0x0800090c   0x000000b0   Code   RO            5    i.main              main.o
    0x080009bc   0x080009bc   0x00000024   Code   RO          180    i.os_kernel_is_active  clib_arm.o
    0x080009e0   0x080009e0   0x0000007c   Code   RO         2191    i.prvAddCurrentTaskToDelayedList  tasks.o
    0x08000a5c   0x08000a5c   0x000000b8   Code   RO         2192    i.prvAddNewTaskToReadyList  tasks.o
    0x08000b14   0x08000b14   0x0000005c   Code   RO         2576    i.prvCheckForValidListAndQueue  timers.o
    0x08000b70   0x08000b70   0x00000048   Code   RO         2193    i.prvCheckTasksWaitingTermination  tasks.o
    0x08000bb8   0x08000bb8   0x0000002a   Code   RO         1954    i.prvCopyDataFromQueue  queue.o
    0x08000be2   0x08000be2   0x0000007e   Code   RO         1955    i.prvCopyDataToQueue  queue.o
    0x08000c60   0x08000c60   0x00000028   Code   RO         2194    i.prvDeleteTCB      tasks.o
    0x08000c88   0x08000c88   0x00000014   Code   RO         1956    i.prvGetDisinheritPriorityAfterTimeout  queue.o
    0x08000c9c   0x08000c9c   0x00000028   Code   RO         2577    i.prvGetNextExpireTime  timers.o
    0x08000cc4   0x08000cc4   0x0000007c   Code   RO         1810    i.prvHeapInit       heap_4.o
    0x08000d40   0x08000d40   0x00000028   Code   RO         2195    i.prvIdleTask       tasks.o
    0x08000d68   0x08000d68   0x0000001e   Code   RO         1957    i.prvInitialiseMutex  queue.o
    0x08000d86   0x08000d86   0x0000002a   Code   RO         1958    i.prvInitialiseNewQueue  queue.o
    0x08000db0   0x08000db0   0x0000009a   Code   RO         2196    i.prvInitialiseNewTask  tasks.o
    0x08000e4a   0x08000e4a   0x00000002   PAD
    0x08000e4c   0x08000e4c   0x00000068   Code   RO         2197    i.prvInitialiseTaskLists  tasks.o
    0x08000eb4   0x08000eb4   0x00000068   Code   RO         1811    i.prvInsertBlockIntoFreeList  heap_4.o
    0x08000f1c   0x08000f1c   0x00000058   Code   RO         2579    i.prvInsertTimerInActiveList  timers.o
    0x08000f74   0x08000f74   0x0000001a   Code   RO         1959    i.prvIsQueueEmpty   queue.o
    0x08000f8e   0x08000f8e   0x0000001e   Code   RO         1960    i.prvIsQueueFull    queue.o
    0x08000fac   0x08000fac   0x0000005c   Code   RO         2580    i.prvProcessExpiredTimer  timers.o
    0x08001008   0x08001008   0x0000010c   Code   RO         2581    i.prvProcessReceivedCommands  timers.o
    0x08001114   0x08001114   0x00000074   Code   RO         2582    i.prvProcessTimerOrBlockTask  timers.o
    0x08001188   0x08001188   0x00000034   Code   RO         2199    i.prvResetNextTaskUnblockTime  tasks.o
    0x080011bc   0x080011bc   0x0000002c   Code   RO         2583    i.prvSampleTimeNow  timers.o
    0x080011e8   0x080011e8   0x00000088   Code   RO         2584    i.prvSwitchTimerLists  timers.o
    0x08001270   0x08001270   0x00000016   Code   RO         1872    i.prvTaskExitError  port.o
    0x08001286   0x08001286   0x0000001a   Code   RO         2585    i.prvTimerTask      timers.o
    0x080012a0   0x080012a0   0x0000007e   Code   RO         1961    i.prvUnlockQueue    queue.o
    0x0800131e   0x0800131e   0x00000002   PAD
    0x08001320   0x08001320   0x000000d0   Code   RO         1812    i.pvPortMalloc      heap_4.o
    0x080013f0   0x080013f0   0x00000020   Code   RO         2202    i.pvTaskIncrementMutexHeldCount  tasks.o
    0x08001410   0x08001410   0x0000002c   Code   RO         1873    i.pxPortInitialiseStack  port.o
    0x0800143c   0x0800143c   0x00000028   Code   RO         1759    i.uxListRemove      list.o
    0x08001464   0x08001464   0x00000018   Code   RO          309    i.vApplicationGetIdleTaskMemory  cmsis_os2.o
    0x0800147c   0x0800147c   0x00000018   Code   RO          310    i.vApplicationGetTimerTaskMemory  cmsis_os2.o
    0x08001494   0x08001494   0x00000002   Code   RO          311    i.vApplicationStackOverflowHook  cmsis_os2.o
    0x08001496   0x08001496   0x00000002   PAD
    0x08001498   0x08001498   0x00000034   Code   RO            6    i.vLED1_Controller  main.o
    0x080014cc   0x080014cc   0x00000034   Code   RO            7    i.vLED2_Controller  main.o
    0x08001500   0x08001500   0x00000034   Code   RO            8    i.vLED3_Controller  main.o
    0x08001534   0x08001534   0x00000034   Code   RO            9    i.vLED4_Controller  main.o
    0x08001568   0x08001568   0x0000001a   Code   RO         1760    i.vListInitialise   list.o
    0x08001582   0x08001582   0x00000006   Code   RO         1761    i.vListInitialiseItem  list.o
    0x08001588   0x08001588   0x00000034   Code   RO         1762    i.vListInsert       list.o
    0x080015bc   0x080015bc   0x00000018   Code   RO         1763    i.vListInsertEnd    list.o
    0x080015d4   0x080015d4   0x00000024   Code   RO         1875    i.vPortEnterCritical  port.o
    0x080015f8   0x080015f8   0x00000020   Code   RO         1876    i.vPortExitCritical  port.o
    0x08001618   0x08001618   0x00000048   Code   RO         1813    i.vPortFree         heap_4.o
    0x08001660   0x08001660   0x00000028   Code   RO         1877    i.vPortSetupTimerInterrupt  port.o
    0x08001688   0x08001688   0x00000014   Code   RO         1967    i.vQueueDelete      queue.o
    0x0800169c   0x0800169c   0x0000004a   Code   RO         1969    i.vQueueWaitForMessageRestricted  queue.o
    0x080016e6   0x080016e6   0x00000002   PAD
    0x080016e8   0x080016e8   0x00000018   Code   RO         2216    i.vTaskInternalSetTimeOutState  tasks.o
    0x08001700   0x08001700   0x0000000c   Code   RO         2217    i.vTaskMissedYield  tasks.o
    0x0800170c   0x0800170c   0x00000020   Code   RO         2219    i.vTaskPlaceOnEventList  tasks.o
    0x0800172c   0x0800172c   0x00000028   Code   RO         2220    i.vTaskPlaceOnEventListRestricted  tasks.o
    0x08001754   0x08001754   0x0000008c   Code   RO         2222    i.vTaskPriorityDisinheritAfterTimeout  tasks.o
    0x080017e0   0x080017e0   0x00000094   Code   RO         2228    i.vTaskStartScheduler  tasks.o
    0x08001874   0x08001874   0x00000010   Code   RO         2230    i.vTaskSuspendAll   tasks.o
    0x08001884   0x08001884   0x000000b0   Code   RO         2231    i.vTaskSwitchContext  tasks.o
    0x08001934   0x08001934   0x00000048   Code   RO         1878    i.xPortStartScheduler  port.o
    0x0800197c   0x0800197c   0x00000034   Code   RO         1879    i.xPortSysTickHandler  port.o
    0x080019b0   0x080019b0   0x00000022   Code   RO         1972    i.xQueueCreateMutex  queue.o
    0x080019d2   0x080019d2   0x0000002a   Code   RO         1973    i.xQueueCreateMutexStatic  queue.o
    0x080019fc   0x080019fc   0x00000040   Code   RO         1974    i.xQueueGenericCreate  queue.o
    0x08001a3c   0x08001a3c   0x0000002e   Code   RO         1975    i.xQueueGenericCreateStatic  queue.o
    0x08001a6a   0x08001a6a   0x00000002   PAD
    0x08001a6c   0x08001a6c   0x00000080   Code   RO         1976    i.xQueueGenericReset  queue.o
    0x08001aec   0x08001aec   0x00000118   Code   RO         1977    i.xQueueGenericSend  queue.o
    0x08001c04   0x08001c04   0x00000086   Code   RO         1978    i.xQueueGenericSendFromISR  queue.o
    0x08001c8a   0x08001c8a   0x00000002   PAD
    0x08001c8c   0x08001c8c   0x00000104   Code   RO         1987    i.xQueueReceive     queue.o
    0x08001d90   0x08001d90   0x00000130   Code   RO         1989    i.xQueueSemaphoreTake  queue.o
    0x08001ec0   0x08001ec0   0x0000005c   Code   RO         2232    i.xTaskCheckForTimeOut  tasks.o
    0x08001f1c   0x08001f1c   0x00000064   Code   RO         2233    i.xTaskCreate       tasks.o
    0x08001f80   0x08001f80   0x0000004e   Code   RO         2234    i.xTaskCreateStatic  tasks.o
    0x08001fce   0x08001fce   0x00000002   PAD
    0x08001fd0   0x08001fd0   0x00000020   Code   RO         2238    i.xTaskGetSchedulerState  tasks.o
    0x08001ff0   0x08001ff0   0x0000000c   Code   RO         2239    i.xTaskGetTickCount  tasks.o
    0x08001ffc   0x08001ffc   0x00000118   Code   RO         2241    i.xTaskIncrementTick  tasks.o
    0x08002114   0x08002114   0x00000060   Code   RO         2244    i.xTaskPriorityDisinherit  tasks.o
    0x08002174   0x08002174   0x000000a4   Code   RO         2245    i.xTaskPriorityInherit  tasks.o
    0x08002218   0x08002218   0x00000080   Code   RO         2246    i.xTaskRemoveFromEventList  tasks.o
    0x08002298   0x08002298   0x000000e8   Code   RO         2247    i.xTaskResumeAll    tasks.o
    0x08002380   0x08002380   0x00000060   Code   RO         2593    i.xTimerCreateTimerTask  timers.o
    0x080023e0   0x080023e0   0x0000006c   Code   RO         2594    i.xTimerGenericCommand  timers.o
    0x0800244c   0x0800244c   0x0000000a   Code   RO         2865    x$fpl$fpinit        fz_wm.l(fpinit.o)
    0x08002456   0x08002456   0x00000002   PAD
    0x08002458   0x08002458   0x00000020   Data   RO         2921    Region$$Table       anon$$obj.o


    Execution Region ER_RW (Exec base: 0x20000000, Load base: 0x08002478, Size: 0x00000084, Max: 0xffffffff, ABSOLUTE)

    Exec Addr    Load Addr    Size         Type   Attr      Idx    E Section Name        Object

    0x20000000   0x08002478   0x00000010   Data   RW           10    .data               main.o
    0x20000010   0x08002488   0x00000001   Data   RW          182    .data               clib_arm.o
    0x20000011   0x08002489   0x00000003   PAD
    0x20000014   0x0800248c   0x00000004   Data   RW         1576    .data               system_stm32f4xx.o
    0x20000018   0x08002490   0x00000018   Data   RW         1818    .data               heap_4.o
    0x20000030   0x080024a8   0x00000004   Data   RW         1880    .data               port.o
    0x20000034   0x080024ac   0x0000003c   Data   RW         2250    .data               tasks.o
    0x20000070   0x080024e8   0x00000014   Data   RW         2602    .data               timers.o


    Execution Region ER_ZI (Exec base: 0x20000084, Load base: 0x080024fc, Size: 0x0000337c, Max: 0xffffffff, ABSOLUTE)

    Exec Addr    Load Addr    Size         Type   Attr      Idx    E Section Name        Object

    0x20000084        -       0x00000394   Zero   RW          181    .bss                clib_arm.o
    0x20000418        -       0x000003f8   Zero   RW          312    .bss                cmsis_os2.o
    0x20000810        -       0x00002000   Zero   RW         1817    .bss                heap_4.o
    0x20002810        -       0x000004c4   Zero   RW         2249    .bss                tasks.o
    0x20002cd4        -       0x000000c8   Zero   RW         2601    .bss                timers.o
    0x20002d9c        -       0x00000060   Zero   RW         2795    .bss                c_w.l(libspace.o)
    0x20002dfc   0x080024fc   0x00000004   PAD
    0x20002e00        -       0x00000200   Zero   RW         1564    HEAP                startup_stm32f446xx.o
    0x20003000        -       0x00000400   Zero   RW         1563    STACK               startup_stm32f446xx.o


==============================================================================

Image component sizes


      Code (inc. data)   RO Data    RW Data    ZI Data      Debug   Object Name

       232         20          0          1        916      10580   clib_arm.o
        72         20          0          0       1016      25939   cmsis_os2.o
         0          0          0          0          0      10316   event_groups.o
       508         62          0         24       8192       4431   heap_4.o
       148          0          0          0          0      12674   list.o
       468        146          0         16          0     602977   main.o
       488         56          0          4          0      10180   port.o
      1828         18          0          0          0      20626   queue.o
        64         26        452          0       1536        856   startup_stm32f446xx.o
       508         40          0          0          0       2716   stm32f4xx_hal_gpio.o
       100         18          0          4          0       1475   system_stm32f4xx.o
      2604        364          0         60       1220      41134   tasks.o
      1106        114          0         20        200      12743   timers.o

    ----------------------------------------------------------------------
      8148        884        484        132      13080     756647   Object Totals
         0          0         32          0          0          0   (incl. Generated)
        22          0          0          3          0          0   (incl. Padding)

    ----------------------------------------------------------------------

      Code (inc. data)   RO Data    RW Data    ZI Data      Debug   Library Member Name

         8          0          0          0          0         68   __main.o
         0          0          0          0          0          0   __rtentry.o
        20          0          0          0          0          0   __rtentry2.o
         6          0          0          0          0          0   __rtentry4.o
        52          8          0          0          0          0   __scatter.o
        26          0          0          0          0          0   __scatter_copy.o
        28          0          0          0          0          0   __scatter_zi.o
        16          0          0          0          0         68   aeabi_memset.o
        18          0          0          0          0         80   exit.o
         6          0          0          0          0        152   heapauxi.o
         0          0          0          0          0          0   indicate_semi.o
         2          0          0          0          0          0   libinit.o
         6          0          0          0          0          0   libinit2.o
         2          0          0          0          0          0   libshutdown.o
         2          0          0          0          0          0   libshutdown2.o
         8          4          0          0         96         68   libspace.o
        68          0          0          0          0         68   rt_memclr.o
        78          0          0          0          0         80   rt_memclr_w.o
       138          0          0          0          0         68   rt_memcpy_v6.o
       100          0          0          0          0         80   rt_memcpy_w.o
         2          0          0          0          0          0   rtexit.o
        10          0          0          0          0          0   rtexit2.o
        12          4          0          0          0         68   sys_exit.o
        74          0          0          0          0         80   sys_stackheap_outer.o
         2          0          0          0          0         68   use_no_semi.o
        10          0          0          0          0        116   fpinit.o

    ----------------------------------------------------------------------
       704         16          0          0        100       1064   Library Totals
        10          0          0          0          4          0   (incl. Padding)

    ----------------------------------------------------------------------

      Code (inc. data)   RO Data    RW Data    ZI Data      Debug   Library Name

       684         16          0          0         96        948   c_w.l
        10          0          0          0          0        116   fz_wm.l

    ----------------------------------------------------------------------
       704         16          0          0        100       1064   Library Totals

    ----------------------------------------------------------------------

==============================================================================


      Code (inc. data)   RO Data    RW Data    ZI Data      Debug   

      8852        900        484        132      13180     748395   Grand Totals
      8852        900        484        132      13180     748395   ELF Image Totals
      8852        900        484        132          0          0   ROM Totals

==============================================================================

    Total RO  Size (Code + RO Data)                 9336 (   9.12kB)
    Total RW  Size (RW Data + ZI Data)             13312 (  13.00kB)
    Total ROM Size (Code + RO Data + RW Data)       9468 (   9.25kB)

==============================================================================

