Component: ARM Compiler 5.06 update 6 (build 750) Tool: armlink [4d35ed]

==============================================================================

Section Cross References

    startup_stm32f446xx.o(RESET) refers to startup_stm32f446xx.o(STACK) for __initial_sp
    startup_stm32f446xx.o(RESET) refers to startup_stm32f446xx.o(.text) for Reset_Handler
    startup_stm32f446xx.o(RESET) refers to stm32f4xx_it.o(i.NMI_Handler) for NMI_Handler
    startup_stm32f446xx.o(RESET) refers to stm32f4xx_it.o(i.HardFault_Handler) for HardFault_Handler
    startup_stm32f446xx.o(RESET) refers to stm32f4xx_it.o(i.MemManage_Handler) for MemManage_Handler
    startup_stm32f446xx.o(RESET) refers to stm32f4xx_it.o(i.BusFault_Handler) for BusFault_Handler
    startup_stm32f446xx.o(RESET) refers to stm32f4xx_it.o(i.UsageFault_Handler) for UsageFault_Handler
    startup_stm32f446xx.o(RESET) refers to stm32f4xx_it.o(i.SVC_Handler) for SVC_Handler
    startup_stm32f446xx.o(RESET) refers to stm32f4xx_it.o(i.DebugMon_Handler) for DebugMon_Handler
    startup_stm32f446xx.o(RESET) refers to stm32f4xx_it.o(i.PendSV_Handler) for PendSV_Handler
    startup_stm32f446xx.o(RESET) refers to stm32f4xx_it.o(i.SysTick_Handler) for SysTick_Handler
    startup_stm32f446xx.o(.text) refers to system_stm32f4xx.o(i.SystemInit) for SystemInit
    startup_stm32f446xx.o(.text) refers to entry.o(.ARM.Collect$$$$00000000) for __main
    main.o(i.MX_CRC_Init) refers to stm32f4xx_hal_crc.o(i.HAL_CRC_Init) for HAL_CRC_Init
    main.o(i.MX_CRC_Init) refers to main.o(i.Error_Handler) for Error_Handler
    main.o(i.MX_CRC_Init) refers to main.o(.data) for hcrc
    main.o(i.MX_GPIO_Init) refers to memseta.o(.text) for __aeabi_memclr4
    main.o(i.MX_GPIO_Init) refers to stm32f4xx_hal_gpio.o(i.HAL_GPIO_WritePin) for HAL_GPIO_WritePin
    main.o(i.MX_GPIO_Init) refers to stm32f4xx_hal_gpio.o(i.HAL_GPIO_Init) for HAL_GPIO_Init
    main.o(i.MX_USART2_UART_Init) refers to stm32f4xx_hal_uart.o(i.HAL_UART_Init) for HAL_UART_Init
    main.o(i.MX_USART2_UART_Init) refers to main.o(i.Error_Handler) for Error_Handler
    main.o(i.MX_USART2_UART_Init) refers to main.o(.bss) for huart2
    main.o(i.MX_USART3_UART_Init) refers to stm32f4xx_hal_uart.o(i.HAL_UART_Init) for HAL_UART_Init
    main.o(i.MX_USART3_UART_Init) refers to main.o(i.Error_Handler) for Error_Handler
    main.o(i.MX_USART3_UART_Init) refers to main.o(.bss) for huart3
    main.o(i.SystemClock_Config) refers to memseta.o(.text) for __aeabi_memclr4
    main.o(i.SystemClock_Config) refers to stm32f4xx_hal_rcc_ex.o(i.HAL_RCC_OscConfig) for HAL_RCC_OscConfig
    main.o(i.SystemClock_Config) refers to main.o(i.Error_Handler) for Error_Handler
    main.o(i.SystemClock_Config) refers to stm32f4xx_hal_rcc.o(i.HAL_RCC_ClockConfig) for HAL_RCC_ClockConfig
    main.o(i.bootloader_jump_to_user_app) refers to main.o(i.printmsg) for printmsg
    main.o(i.bootloader_uart_read_data) refers to main.o(i.printmsg) for printmsg
    main.o(i.bootloader_uart_read_data) refers to stm32f4xx_hal_uart.o(i.HAL_UART_Receive) for HAL_UART_Receive
    main.o(i.bootloader_uart_read_data) refers to bl_command.o(i.bootloader_handle_get_ver) for bootloader_handle_get_ver
    main.o(i.bootloader_uart_read_data) refers to bl_command.o(i.bootloader_handle_get_help) for bootloader_handle_get_help
    main.o(i.bootloader_uart_read_data) refers to bl_command.o(i.bootloader_handle_get_cid) for bootloader_handle_get_cid
    main.o(i.bootloader_uart_read_data) refers to bl_command.o(i.bootloader_handle_get_rdp_status) for bootloader_handle_get_rdp_status
    main.o(i.bootloader_uart_read_data) refers to bl_command.o(i.bootloader_handle_go_to_addr) for bootloader_handle_go_to_addr
    main.o(i.bootloader_uart_read_data) refers to bl_command.o(i.bootloader_handle_flash_erase) for bootloader_handle_flash_erase
    main.o(i.bootloader_uart_read_data) refers to bl_command.o(i.bootloader_handle_mem_write) for bootloader_handle_mem_write
    main.o(i.bootloader_uart_read_data) refers to bl_command.o(i.bootloader_handle_en_r_w_protect) for bootloader_handle_en_r_w_protect
    main.o(i.bootloader_uart_read_data) refers to bl_command.o(i.bootloader_handle_mem_read) for bootloader_handle_mem_read
    main.o(i.bootloader_uart_read_data) refers to bl_command.o(i.bootloader_handle_read_sector_status) for bootloader_handle_read_sector_status
    main.o(i.bootloader_uart_read_data) refers to bl_command.o(i.bootloader_handle_otp_read) for bootloader_handle_otp_read
    main.o(i.bootloader_uart_read_data) refers to bl_command.o(i.bootloader_handle_dis_r_w_protect) for bootloader_handle_dis_r_w_protect
    main.o(i.bootloader_uart_read_data) refers to main.o(.bss) for BL_COMMAND_RCV_buffer
    main.o(i.main) refers to stm32f4xx_hal.o(i.HAL_Init) for HAL_Init
    main.o(i.main) refers to main.o(i.SystemClock_Config) for SystemClock_Config
    main.o(i.main) refers to main.o(i.MX_GPIO_Init) for MX_GPIO_Init
[...]
    stm32f4xx_hal.o(i.HAL_InitTick) refers to system_stm32f4xx.o(.data) for SystemCoreClock
    stm32f4xx_hal.o(i.HAL_SetTickFreq) refers to stm32f4xx_hal.o(i.HAL_InitTick) for HAL_InitTick
    stm32f4xx_hal.o(i.HAL_SetTickFreq) refers to stm32f4xx_hal.o(.data) for uwTickFreq
    system_stm32f4xx.o(i.SystemCoreClockUpdate) refers to system_stm32f4xx.o(.data) for SystemCoreClock
    system_stm32f4xx.o(i.SystemCoreClockUpdate) refers to system_stm32f4xx.o(.constdata) for AHBPrescTable
    entry.o(.ARM.Collect$$$$00000000) refers (Special) to entry10a.o(.ARM.Collect$$$$0000000D) for __rt_final_cpp
    entry.o(.ARM.Collect$$$$00000000) refers (Special) to entry11a.o(.ARM.Collect$$$$0000000F) for __rt_final_exit
    entry.o(.ARM.Collect$$$$00000000) refers (Special) to entry7b.o(.ARM.Collect$$$$00000008) for _main_clock
    entry.o(.ARM.Collect$$$$00000000) refers (Special) to entry8b.o(.ARM.Collect$$$$0000000A) for _main_cpp_init
    entry.o(.ARM.Collect$$$$00000000) refers (Special) to entry9a.o(.ARM.Collect$$$$0000000B) for _main_init
    entry.o(.ARM.Collect$$$$00000000) refers (Special) to entry5.o(.ARM.Collect$$$$00000004) for _main_scatterload
    entry.o(.ARM.Collect$$$$00000000) refers (Special) to entry2.o(.ARM.Collect$$$$00000001) for _main_stk
    uldiv.o(.text) refers to llushr.o(.text) for __aeabi_llsr
    uldiv.o(.text) refers to llshl.o(.text) for __aeabi_llsl
    printfa.o(i.__0fprintf) refers (Special) to iusefp.o(.text) for __I$use$fp
    printfa.o(i.__0fprintf) refers to printfa.o(i._printf_core) for _printf_core
    printfa.o(i.__0fprintf) refers to fputc.o(i.fputc) for fputc
    printfa.o(i.__0printf) refers (Special) to iusefp.o(.text) for __I$use$fp
    printfa.o(i.__0printf) refers to printfa.o(i._printf_core) for _printf_core
    printfa.o(i.__0printf) refers to fputc.o(i.fputc) for fputc
    printfa.o(i.__0printf) refers to stdout.o(.data) for __stdout
    printfa.o(i.__0snprintf) refers (Special) to iusefp.o(.text) for __I$use$fp
    printfa.o(i.__0snprintf) refers to printfa.o(i._printf_core) for _printf_core
    printfa.o(i.__0snprintf) refers to printfa.o(i._snputc) for _snputc
    printfa.o(i.__0sprintf) refers (Special) to iusefp.o(.text) for __I$use$fp
    printfa.o(i.__0sprintf) refers to printfa.o(i._printf_core) for _printf_core
    printfa.o(i.__0sprintf) refers to printfa.o(i._sputc) for _sputc
    printfa.o(i.__0vfprintf) refers (Special) to iusefp.o(.text) for __I$use$fp
    printfa.o(i.__0vfprintf) refers to printfa.o(i._printf_core) for _printf_core
    printfa.o(i.__0vfprintf) refers to fputc.o(i.fputc) for fputc
    printfa.o(i.__0vprintf) refers (Special) to iusefp.o(.text) for __I$use$fp
    printfa.o(i.__0vprintf) refers to printfa.o(i._printf_core) for _printf_core
    printfa.o(i.__0vprintf) refers to fputc.o(i.fputc) for fputc
    printfa.o(i.__0vprintf) refers to stdout.o(.data) for __stdout
    printfa.o(i.__0vsnprintf) refers (Special) to iusefp.o(.text) for __I$use$fp
    printfa.o(i.__0vsnprintf) refers to printfa.o(i._printf_core) for _printf_core
    printfa.o(i.__0vsnprintf) refers to printfa.o(i._snputc) for _snputc
    printfa.o(i.__0vsprintf) refers (Special) to iusefp.o(.text) for __I$use$fp
    printfa.o(i.__0vsprintf) refers to printfa.o(i._printf_core) for _printf_core
    printfa.o(i.__0vsprintf) refers to printfa.o(i._sputc) for _sputc
    printfa.o(i._fp_digits) refers (Special) to iusefp.o(.text) for __I$use$fp
    printfa.o(i._fp_digits) refers to dmul.o(.text) for __aeabi_dmul
    printfa.o(i._fp_digits) refers to ddiv.o(.text) for __aeabi_ddiv
    printfa.o(i._fp_digits) refers to cdrcmple.o(.text) for __aeabi_cdrcmple
    printfa.o(i._fp_digits) refers to dadd.o(.text) for __aeabi_dadd
    printfa.o(i._fp_digits) refers to dfixul.o(.text) for __aeabi_d2ulz
    printfa.o(i._fp_digits) refers to uldiv.o(.text) for __aeabi_uldivmod
    printfa.o(i._printf_core) refers (Special) to iusefp.o(.text) for __I$use$fp
    printfa.o(i._printf_core) refers to printfa.o(i._printf_pre_padding) for _printf_pre_padding
    printfa.o(i._printf_core) refers to uldiv.o(.text) for __aeabi_uldivmod
    printfa.o(i._printf_core) refers to printfa.o(i._printf_post_padding) for _printf_post_padding
    printfa.o(i._printf_core) refers to printfa.o(i._fp_digits) for _fp_digits
    printfa.o(i._printf_core) refers to uidiv.o(.text) for __aeabi_uidivmod
    printfa.o(i._printf_post_padding) refers (Special) to iusefp.o(.text) for __I$use$fp
    printfa.o(i._printf_pre_padding) refers (Special) to iusefp.o(.text) for __I$use$fp
    printfa.o(i._snputc) refers (Special) to iusefp.o(.text) for __I$use$fp
    printfa.o(i._sputc) refers (Special) to iusefp.o(.text) for __I$use$fp
    entry2.o(.ARM.Collect$$$$00000001) refers to entry2.o(.ARM.Collect$$$$00002712) for __lit__00000000
    entry2.o(.ARM.Collect$$$$00002712) refers to startup_stm32f446xx.o(STACK) for __initial_sp
    entry2.o(__vectab_stack_and_reset_area) refers to startup_stm32f446xx.o(STACK) for __initial_sp
    entry2.o(__vectab_stack_and_reset_area) refers to entry.o(.ARM.Collect$$$$00000000) for __main
    entry5.o(.ARM.Collect$$$$00000004) refers to init.o(.text) for __scatterload
    entry9a.o(.ARM.Collect$$$$0000000B) refers to main.o(i.main) for main
    entry9b.o(.ARM.Collect$$$$0000000C) refers to main.o(i.main) for main
    fputc.o(i.fputc) refers (Special) to iusesemip.o(.text) for __I$use$semihosting$fputc
    fputc.o(i.fputc) refers (Special) to semi.o(.text) for __semihosting_library_function
    dadd.o(.text) refers to llshl.o(.text) for __aeabi_llsl
    dadd.o(.text) refers to llsshr.o(.text) for __aeabi_lasr
    dadd.o(.text) refers to depilogue.o(.text) for _double_epilogue
    dmul.o(.text) refers to depilogue.o(.text) for _double_epilogue
    ddiv.o(.text) refers to depilogue.o(.text) for _double_round
    dfixul.o(.text) refers to llushr.o(.text) for __aeabi_llsr
    dfixul.o(.text) refers to llshl.o(.text) for __aeabi_llsl
    init.o(.text) refers to entry5.o(.ARM.Collect$$$$00000004) for __main_after_scatterload
    depilogue.o(.text) refers to llshl.o(.text) for __aeabi_llsl
    depilogue.o(.text) refers to llushr.o(.text) for __aeabi_llsr


==============================================================================

Removing Unused input sections from the image.

    Removing startup_stm32f446xx.o(HEAP), (512 bytes).
    Removing main.o(.rev16_text), (4 bytes).
    Removing main.o(.revsh_text), (4 bytes).
    Removing main.o(.rrx_text), (6 bytes).
    Removing stm32f4xx_it.o(.rev16_text), (4 bytes).
    Removing stm32f4xx_it.o(.revsh_text), (4 bytes).
    Removing stm32f4xx_it.o(.rrx_text), (6 bytes).
    Removing stm32f4xx_hal_msp.o(.rev16_text), (4 bytes).
    Removing stm32f4xx_hal_msp.o(.revsh_text), (4 bytes).
    Removing stm32f4xx_hal_msp.o(.rrx_text), (6 bytes).
    Removing stm32f4xx_hal_msp.o(i.HAL_CRC_MspDeInit), (32 bytes).
    Removing stm32f4xx_hal_msp.o(i.HAL_UART_MspDeInit), (88 bytes).
    Removing bl_command.o(.rev16_text), (4 bytes).
    Removing bl_command.o(.revsh_text), (4 bytes).
    Removing bl_command.o(.rrx_text), (6 bytes).
    Removing stm32f4xx_hal_crc.o(.rev16_text), (4 bytes).
    Removing stm32f4xx_hal_crc.o(.revsh_text), (4 bytes).
    Removing stm32f4xx_hal_crc.o(.rrx_text), (6 bytes).
    Removing stm32f4xx_hal_crc.o(i.HAL_CRC_Calculate), (52 bytes).
    Removing stm32f4xx_hal_crc.o(i.HAL_CRC_DeInit), (64 bytes).
    Removing stm32f4xx_hal_crc.o(i.HAL_CRC_GetState), (6 bytes).
    Removing stm32f4xx_hal_crc.o(i.HAL_CRC_MspDeInit), (2 bytes).
    Removing stm32f4xx_hal_crc.o(i.HAL_CRC_MspInit), (2 bytes).
    Removing stm32f4xx_hal_tim.o(.rev16_text), (4 bytes).
    Removing stm32f4xx_hal_tim.o(.revsh_text), (4 bytes).
    Removing stm32f4xx_hal_tim.o(.rrx_text), (6 bytes).
    Removing stm32f4xx_hal_tim_ex.o(.rev16_text), (4 bytes).
    Removing stm32f4xx_hal_tim_ex.o(.revsh_text), (4 bytes).
    Removing stm32f4xx_hal_tim_ex.o(.rrx_text), (6 bytes).
    Removing stm32f4xx_hal_uart.o(.rev16_text), (4 bytes).
    Removing stm32f4xx_hal_uart.o(.revsh_text), (4 bytes).
    Removing stm32f4xx_hal_uart.o(.rrx_text), (6 bytes).
    Removing stm32f4xx_hal_uart.o(i.HAL_HalfDuplex_EnableReceiver), (68 bytes).
    Removing stm32f4xx_hal_uart.o(i.HAL_HalfDuplex_EnableTransmitter), (68 bytes).
    Removing stm32f4xx_hal_uart.o(i.HAL_HalfDuplex_Init), (118 bytes).
    Removing stm32f4xx_hal_uart.o(i.HAL_LIN_Init), (142 bytes).
    Removing stm32f4xx_hal_uart.o(i.HAL_LIN_SendBreak), (62 bytes).
    Removing stm32f4xx_hal_uart.o(i.HAL_MultiProcessor_EnterMuteMode), (62 bytes).
    Removing stm32f4xx_hal_uart.o(i.HAL_MultiProcessor_ExitMuteMode), (62 bytes).
    Removing stm32f4xx_hal_uart.o(i.HAL_MultiProcessor_Init), (154 bytes).
    Removing stm32f4xx_hal_uart.o(i.HAL_UART_Abort), (170 bytes).
    Removing stm32f4xx_hal_uart.o(i.HAL_UART_AbortCpltCallback), (2 bytes).
    Removing stm32f4xx_hal_uart.o(i.HAL_UART_AbortReceive), (102 bytes).
    Removing stm32f4xx_hal_uart.o(i.HAL_UART_AbortReceiveCpltCallback), (2 bytes).
    Removing stm32f4xx_hal_uart.o(i.HAL_UART_AbortReceive_IT), (120 bytes).
    Removing stm32f4xx_hal_uart.o(i.HAL_UART_AbortTransmit), (90 bytes).
    Removing stm32f4xx_hal_uart.o(i.HAL_UART_AbortTransmitCpltCallback), (2 bytes).
    Removing stm32f4xx_hal_uart.o(i.HAL_UART_AbortTransmit_IT), (108 bytes).
    Removing stm32f4xx_hal_uart.o(i.HAL_UART_Abort_IT), (224 bytes).
    Removing stm32f4xx_hal_uart.o(i.HAL_UART_DMAPause), (124 bytes).
    Removing stm32f4xx_hal_uart.o(i.HAL_UART_DMAResume), (126 bytes).
    Removing stm32f4xx_hal_uart.o(i.HAL_UART_DMAStop), (102 bytes).
    Removing stm32f4xx_hal_uart.o(i.HAL_UART_DeInit), (58 bytes).
    Removing stm32f4xx_hal_uart.o(i.HAL_UART_ErrorCallback), (2 bytes).
    Removing stm32f4xx_hal_uart.o(i.HAL_UART_GetError), (6 bytes).
    Removing stm32f4xx_hal_uart.o(i.HAL_UART_GetState), (20 bytes).
    Removing stm32f4xx_hal_uart.o(i.HAL_UART_IRQHandler), (340 bytes).
    Removing stm32f4xx_hal_uart.o(i.HAL_UART_MspDeInit), (2 bytes).
    Removing stm32f4xx_hal_uart.o(i.HAL_UART_MspInit), (2 bytes).
    Removing stm32f4xx_hal_uart.o(i.HAL_UART_Receive_DMA), (196 bytes).
    Removing stm32f4xx_hal_uart.o(i.HAL_UART_Receive_IT), (112 bytes).
    Removing stm32f4xx_hal_uart.o(i.HAL_UART_RxCpltCallback), (2 bytes).
    Removing stm32f4xx_hal_uart.o(i.HAL_UART_RxHalfCpltCallback), (2 bytes).
    Removing stm32f4xx_hal_uart.o(i.HAL_UART_Transmit_DMA), (156 bytes).
    Removing stm32f4xx_hal_uart.o(i.HAL_UART_Transmit_IT), (88 bytes).
    Removing stm32f4xx_hal_uart.o(i.HAL_UART_TxCpltCallback), (2 bytes).
    Removing stm32f4xx_hal_uart.o(i.HAL_UART_TxHalfCpltCallback), (2 bytes).
    Removing stm32f4xx_hal_uart.o(i.UART_DMAAbortOnError), (20 bytes).
    Removing stm32f4xx_hal_uart.o(i.UART_DMAError), (80 bytes).
    Removing stm32f4xx_hal_uart.o(i.UART_DMAReceiveCplt), (70 bytes).
    Removing stm32f4xx_hal_uart.o(i.UART_DMARxAbortCallback), (52 bytes).
    Removing stm32f4xx_hal_uart.o(i.UART_DMARxHalfCplt), (14 bytes).
    Removing stm32f4xx_hal_uart.o(i.UART_DMARxOnlyAbortCallback), (24 bytes).
    Removing stm32f4xx_hal_uart.o(i.UART_DMATransmitCplt), (54 bytes).
    Removing stm32f4xx_hal_uart.o(i.UART_DMATxAbortCallback), (52 bytes).
    Removing stm32f4xx_hal_uart.o(i.UART_DMATxHalfCplt), (14 bytes).
    Removing stm32f4xx_hal_uart.o(i.UART_DMATxOnlyAbortCallback), (24 bytes).
    Removing stm32f4xx_hal_uart.o(i.UART_EndRxTransfer), (32 bytes).
    Removing stm32f4xx_hal_uart.o(i.UART_EndTransmit_IT), (32 bytes).
    Removing stm32f4xx_hal_uart.o(i.UART_EndTxTransfer), (20 bytes).
    Removing stm32f4xx_hal_uart.o(i.UART_Receive_IT), (166 bytes).
    Removing stm32f4xx_hal_uart.o(i.UART_Transmit_IT), (104 bytes).
    Removing stm32f4xx_hal_rcc.o(.rev16_text), (4 bytes).
    Removing stm32f4xx_hal_rcc.o(.revsh_text), (4 bytes).
    Removing stm32f4xx_hal_rcc.o(.rrx_text), (6 bytes).
    Removing stm32f4xx_hal_rcc.o(i.HAL_RCC_CSSCallback), (2 bytes).
    Removing stm32f4xx_hal_rcc.o(i.HAL_RCC_DeInit), (4 bytes).
    Removing stm32f4xx_hal_rcc.o(i.HAL_RCC_DisableCSS), (12 bytes).
    Removing stm32f4xx_hal_rcc.o(i.HAL_RCC_EnableCSS), (12 bytes).
    Removing stm32f4xx_hal_rcc.o(i.HAL_RCC_GetClockConfig), (68 bytes).
    Removing stm32f4xx_hal_rcc.o(i.HAL_RCC_GetOscConfig), (244 bytes).
    Removing stm32f4xx_hal_rcc.o(i.HAL_RCC_GetSysClockFreq), (176 bytes).
    Removing stm32f4xx_hal_rcc.o(i.HAL_RCC_MCOConfig), (192 bytes).
    Removing stm32f4xx_hal_rcc.o(i.HAL_RCC_NMI_IRQHandler), (32 bytes).
    Removing stm32f4xx_hal_rcc.o(i.HAL_RCC_OscConfig), (1160 bytes).
    Removing stm32f4xx_hal_rcc_ex.o(.rev16_text), (4 bytes).
    Removing stm32f4xx_hal_rcc_ex.o(.revsh_text), (4 bytes).
    Removing stm32f4xx_hal_rcc_ex.o(.rrx_text), (6 bytes).
    Removing stm32f4xx_hal_rcc_ex.o(i.HAL_RCCEx_DisablePLLI2S), (56 bytes).
    Removing stm32f4xx_hal_rcc_ex.o(i.HAL_RCCEx_DisablePLLSAI), (56 bytes).
    Removing stm32f4xx_hal_rcc_ex.o(i.HAL_RCCEx_EnablePLLI2S), (136 bytes).
    Removing stm32f4xx_hal_rcc_ex.o(i.HAL_RCCEx_EnablePLLSAI), (128 bytes).
    Removing stm32f4xx_hal_rcc_ex.o(i.HAL_RCCEx_GetPeriphCLKConfig), (300 bytes).
    Removing stm32f4xx_hal_rcc_ex.o(i.HAL_RCCEx_GetPeriphCLKFreq), (868 bytes).
    Removing stm32f4xx_hal_rcc_ex.o(i.HAL_RCCEx_PeriphCLKConfig), (1368 bytes).
    Removing stm32f4xx_hal_rcc_ex.o(i.HAL_RCCEx_SelectLSEMode), (36 bytes).
    Removing stm32f4xx_hal_rcc_ex.o(i.HAL_RCC_DeInit), (452 bytes).
    Removing stm32f4xx_hal_rcc_ex.o(i.HAL_RCC_GetOscConfig), (256 bytes).
    Removing stm32f4xx_hal_flash.o(.rev16_text), (4 bytes).
    Removing stm32f4xx_hal_flash.o(.revsh_text), (4 bytes).
    Removing stm32f4xx_hal_flash.o(.rrx_text), (6 bytes).
    Removing stm32f4xx_hal_flash.o(i.HAL_FLASH_EndOfOperationCallback), (2 bytes).
    Removing stm32f4xx_hal_flash.o(i.HAL_FLASH_GetError), (12 bytes).
    Removing stm32f4xx_hal_flash.o(i.HAL_FLASH_IRQHandler), (272 bytes).
    Removing stm32f4xx_hal_flash.o(i.HAL_FLASH_OB_Launch), (28 bytes).
    Removing stm32f4xx_hal_flash.o(i.HAL_FLASH_OB_Lock), (20 bytes).
    Removing stm32f4xx_hal_flash.o(i.HAL_FLASH_OB_Unlock), (44 bytes).
    Removing stm32f4xx_hal_flash.o(i.HAL_FLASH_OperationErrorCallback), (2 bytes).
    Removing stm32f4xx_hal_flash.o(i.HAL_FLASH_Program_IT), (136 bytes).
    Removing stm32f4xx_hal_flash_ex.o(.rev16_text), (4 bytes).
    Removing stm32f4xx_hal_flash_ex.o(.revsh_text), (4 bytes).
    Removing stm32f4xx_hal_flash_ex.o(.rrx_text), (6 bytes).
    Removing stm32f4xx_hal_flash_ex.o(i.FLASH_OB_BOR_LevelConfig), (32 bytes).
    Removing stm32f4xx_hal_flash_ex.o(i.FLASH_OB_DisablePCROP), (36 bytes).
    Removing stm32f4xx_hal_flash_ex.o(i.FLASH_OB_DisableWRP), (40 bytes).
    Removing stm32f4xx_hal_flash_ex.o(i.FLASH_OB_EnablePCROP), (40 bytes).
    Removing stm32f4xx_hal_flash_ex.o(i.FLASH_OB_EnableWRP), (40 bytes).
    Removing stm32f4xx_hal_flash_ex.o(i.FLASH_OB_GetBOR), (16 bytes).
    Removing stm32f4xx_hal_flash_ex.o(i.FLASH_OB_GetRDP), (36 bytes).
    Removing stm32f4xx_hal_flash_ex.o(i.FLASH_OB_GetUser), (16 bytes).
    Removing stm32f4xx_hal_flash_ex.o(i.FLASH_OB_GetWRP), (12 bytes).
    Removing stm32f4xx_hal_flash_ex.o(i.FLASH_OB_RDP_LevelConfig), (32 bytes).
    Removing stm32f4xx_hal_flash_ex.o(i.FLASH_OB_UserConfig), (60 bytes).
    Removing stm32f4xx_hal_flash_ex.o(i.HAL_FLASHEx_AdvOBGetConfig), (12 bytes).
    Removing stm32f4xx_hal_flash_ex.o(i.HAL_FLASHEx_AdvOBProgram), (42 bytes).
    Removing stm32f4xx_hal_flash_ex.o(i.HAL_FLASHEx_Erase_IT), (120 bytes).
    Removing stm32f4xx_hal_flash_ex.o(i.HAL_FLASHEx_OBGetConfig), (34 bytes).
    Removing stm32f4xx_hal_flash_ex.o(i.HAL_FLASHEx_OBProgram), (148 bytes).
    Removing stm32f4xx_hal_flash_ex.o(i.HAL_FLASHEx_OB_DeSelectPCROP), (24 bytes).
    Removing stm32f4xx_hal_flash_ex.o(i.HAL_FLASHEx_OB_SelectPCROP), (28 bytes).
    Removing stm32f4xx_hal_flash_ramfunc.o(.rev16_text), (4 bytes).
    Removing stm32f4xx_hal_flash_ramfunc.o(.revsh_text), (4 bytes).
    Removing stm32f4xx_hal_flash_ramfunc.o(.rrx_text), (6 bytes).
    Removing stm32f4xx_hal_flash_ramfunc.o(i.HAL_FLASHEx_DisableFlashSleepMode), (60 bytes).
    Removing stm32f4xx_hal_flash_ramfunc.o(i.HAL_FLASHEx_EnableFlashSleepMode), (60 bytes).
    Removing stm32f4xx_hal_flash_ramfunc.o(i.HAL_FLASHEx_StartFlashInterfaceClk), (60 bytes).
    Removing stm32f4xx_hal_flash_ramfunc.o(i.HAL_FLASHEx_StopFlashInterfaceClk), (60 bytes).
    Removing stm32f4xx_hal_gpio.o(.rev16_text), (4 bytes).
    Removing stm32f4xx_hal_gpio.o(.revsh_text), (4 bytes).
    Removing stm32f4xx_hal_gpio.o(.rrx_text), (6 bytes).
    Removing stm32f4xx_hal_gpio.o(i.HAL_GPIO_DeInit), (344 bytes).
    Removing stm32f4xx_hal_gpio.o(i.HAL_GPIO_EXTI_Callback), (2 bytes).
    Removing stm32f4xx_hal_gpio.o(i.HAL_GPIO_EXTI_IRQHandler), (28 bytes).
    Removing stm32f4xx_hal_gpio.o(i.HAL_GPIO_LockPin), (46 bytes).
    Removing stm32f4xx_hal_gpio.o(i.HAL_GPIO_TogglePin), (18 bytes).
    Removing stm32f4xx_hal_dma_ex.o(.rev16_text), (4 bytes).
    Removing stm32f4xx_hal_dma_ex.o(.revsh_text), (4 bytes).
    Removing stm32f4xx_hal_dma_ex.o(.rrx_text), (6 bytes).
    Removing stm32f4xx_hal_dma_ex.o(i.DMA_MultiBufferSetConfig), (32 bytes).
    Removing stm32f4xx_hal_dma_ex.o(i.HAL_DMAEx_ChangeMemory), (18 bytes).
    Removing stm32f4xx_hal_dma_ex.o(i.HAL_DMAEx_MultiBufferStart), (124 bytes).
    Removing stm32f4xx_hal_dma_ex.o(i.HAL_DMAEx_MultiBufferStart_IT), (4056 bytes).
    Removing stm32f4xx_hal_dma.o(.rev16_text), (4 bytes).
    Removing stm32f4xx_hal_dma.o(.revsh_text), (4 bytes).
    Removing stm32f4xx_hal_dma.o(.rrx_text), (6 bytes).
    Removing stm32f4xx_hal_dma.o(i.DMA_CalcBaseAndBitshift), (52 bytes).
    Removing stm32f4xx_hal_dma.o(i.DMA_CheckFifoParam), (170 bytes).
    Removing stm32f4xx_hal_dma.o(i.DMA_SetConfig), (44 bytes).
    Removing stm32f4xx_hal_dma.o(i.HAL_DMA_Abort), (170 bytes).
    Removing stm32f4xx_hal_dma.o(i.HAL_DMA_Abort_IT), (40 bytes).
    Removing stm32f4xx_hal_dma.o(i.HAL_DMA_DeInit), (112 bytes).
    Removing stm32f4xx_hal_dma.o(i.HAL_DMA_GetError), (6 bytes).
    Removing stm32f4xx_hal_dma.o(i.HAL_DMA_GetState), (8 bytes).
    Removing stm32f4xx_hal_dma.o(i.HAL_DMA_IRQHandler), (576 bytes).
    Removing stm32f4xx_hal_dma.o(i.HAL_DMA_Init), (236 bytes).
    Removing stm32f4xx_hal_dma.o(i.HAL_DMA_PollForTransfer), (346 bytes).
    Removing stm32f4xx_hal_dma.o(i.HAL_DMA_RegisterCallback), (94 bytes).
    Removing stm32f4xx_hal_dma.o(i.HAL_DMA_Start), (102 bytes).
    Removing stm32f4xx_hal_dma.o(i.HAL_DMA_Start_IT), (146 bytes).
    Removing stm32f4xx_hal_dma.o(i.HAL_DMA_UnRegisterCallback), (124 bytes).
    Removing stm32f4xx_hal_dma.o(.constdata), (8 bytes).
    Removing stm32f4xx_hal_pwr.o(.rev16_text), (4 bytes).
    Removing stm32f4xx_hal_pwr.o(.revsh_text), (4 bytes).
    Removing stm32f4xx_hal_pwr.o(.rrx_text), (6 bytes).
    Removing stm32f4xx_hal_pwr.o(i.HAL_PWR_ConfigPVD), (180 bytes).
    Removing stm32f4xx_hal_pwr.o(i.HAL_PWR_DeInit), (28 bytes).
    Removing stm32f4xx_hal_pwr.o(i.HAL_PWR_DisableBkUpAccess), (12 bytes).
    Removing stm32f4xx_hal_pwr.o(i.HAL_PWR_DisablePVD), (12 bytes).
    Removing stm32f4xx_hal_pwr.o(i.HAL_PWR_DisableSEVOnPend), (20 bytes).
    Removing stm32f4xx_hal_pwr.o(i.HAL_PWR_DisableSleepOnExit), (20 bytes).
    Removing stm32f4xx_hal_pwr.o(i.HAL_PWR_DisableWakeUpPin), (16 bytes).
    Removing stm32f4xx_hal_pwr.o(i.HAL_PWR_EnableBkUpAccess), (12 bytes).
    Removing stm32f4xx_hal_pwr.o(i.HAL_PWR_EnablePVD), (12 bytes).
    Removing stm32f4xx_hal_pwr.o(i.HAL_PWR_EnableSEVOnPend), (20 bytes).
    Removing stm32f4xx_hal_pwr.o(i.HAL_PWR_EnableSleepOnExit), (20 bytes).
    Removing stm32f4xx_hal_pwr.o(i.HAL_PWR_EnableWakeUpPin), (16 bytes).
    Removing stm32f4xx_hal_pwr.o(i.HAL_PWR_EnterSLEEPMode), (32 bytes).
    Removing stm32f4xx_hal_pwr.o(i.HAL_PWR_EnterSTANDBYMode), (40 bytes).
    Removing stm32f4xx_hal_pwr.o(i.HAL_PWR_EnterSTOPMode), (64 bytes).
    Removing stm32f4xx_hal_pwr.o(i.HAL_PWR_PVDCallback), (2 bytes).
    Removing stm32f4xx_hal_pwr.o(i.HAL_PWR_PVD_IRQHandler), (32 bytes).
    Removing stm32f4xx_hal_pwr_ex.o(.rev16_text), (4 bytes).
    Removing stm32f4xx_hal_pwr_ex.o(.revsh_text), (4 bytes).
    Removing stm32f4xx_hal_pwr_ex.o(.rrx_text), (6 bytes).
    Removing stm32f4xx_hal_pwr_ex.o(i.HAL_PWREx_ControlVoltageScaling), (228 bytes).
    Removing stm32f4xx_hal_pwr_ex.o(i.HAL_PWREx_DisableBkUpReg), (60 bytes).
    Removing stm32f4xx_hal_pwr_ex.o(i.HAL_PWREx_DisableFlashPowerDown), (12 bytes).
    Removing stm32f4xx_hal_pwr_ex.o(i.HAL_PWREx_DisableOverDrive), (140 bytes).
    Removing stm32f4xx_hal_pwr_ex.o(i.HAL_PWREx_EnableBkUpReg), (60 bytes).
    Removing stm32f4xx_hal_pwr_ex.o(i.HAL_PWREx_EnableFlashPowerDown), (12 bytes).
    Removing stm32f4xx_hal_pwr_ex.o(i.HAL_PWREx_EnableOverDrive), (140 bytes).
    Removing stm32f4xx_hal_pwr_ex.o(i.HAL_PWREx_EnterUnderDriveSTOPMode), (128 bytes).
    Removing stm32f4xx_hal_pwr_ex.o(i.HAL_PWREx_GetVoltageRange), (16 bytes).
    Removing stm32f4xx_hal_cortex.o(.rev16_text), (4 bytes).
    Removing stm32f4xx_hal_cortex.o(.revsh_text), (4 bytes).
    Removing stm32f4xx_hal_cortex.o(.rrx_text), (6 bytes).
    Removing stm32f4xx_hal_cortex.o(i.HAL_MPU_ConfigRegion), (92 bytes).
    Removing stm32f4xx_hal_cortex.o(i.HAL_MPU_Disable), (44 bytes).
    Removing stm32f4xx_hal_cortex.o(i.HAL_MPU_Enable), (64 bytes).
    Removing stm32f4xx_hal_cortex.o(i.HAL_NVIC_ClearPendingIRQ), (36 bytes).
    Removing stm32f4xx_hal_cortex.o(i.HAL_NVIC_DisableIRQ), (68 bytes).
    Removing stm32f4xx_hal_cortex.o(i.HAL_NVIC_EnableIRQ), (32 bytes).
    Removing stm32f4xx_hal_cortex.o(i.HAL_NVIC_GetActive), (48 bytes).
    Removing stm32f4xx_hal_cortex.o(i.HAL_NVIC_GetPendingIRQ), (48 bytes).
    Removing stm32f4xx_hal_cortex.o(i.HAL_NVIC_GetPriority), (148 bytes).
    Removing stm32f4xx_hal_cortex.o(i.HAL_NVIC_GetPriorityGrouping), (8 bytes).
    Removing stm32f4xx_hal_cortex.o(i.HAL_NVIC_SetPendingIRQ), (36 bytes).
    Removing stm32f4xx_hal_cortex.o(i.HAL_NVIC_SystemReset), (68 bytes).
    Removing stm32f4xx_hal_cortex.o(i.HAL_SYSTICK_CLKSourceConfig), (40 bytes).
    Removing stm32f4xx_hal_cortex.o(i.HAL_SYSTICK_Callback), (2 bytes).
    Removing stm32f4xx_hal_cortex.o(i.HAL_SYSTICK_IRQHandler), (8 bytes).
    Removing stm32f4xx_hal.o(.rev16_text), (4 bytes).
    Removing stm32f4xx_hal.o(.revsh_text), (4 bytes).
    Removing stm32f4xx_hal.o(.rrx_text), (6 bytes).
    Removing stm32f4xx_hal.o(i.HAL_DBGMCU_DisableDBGSleepMode), (20 bytes).
    Removing stm32f4xx_hal.o(i.HAL_DBGMCU_DisableDBGStandbyMode), (20 bytes).
    Removing stm32f4xx_hal.o(i.HAL_DBGMCU_DisableDBGStopMode), (20 bytes).
    Removing stm32f4xx_hal.o(i.HAL_DBGMCU_EnableDBGSleepMode), (20 bytes).
    Removing stm32f4xx_hal.o(i.HAL_DBGMCU_EnableDBGStandbyMode), (20 bytes).
    Removing stm32f4xx_hal.o(i.HAL_DBGMCU_EnableDBGStopMode), (20 bytes).
    Removing stm32f4xx_hal.o(i.HAL_DeInit), (68 bytes).
    Removing stm32f4xx_hal.o(i.HAL_Delay), (40 bytes).
    Removing stm32f4xx_hal.o(i.HAL_DisableCompensationCell), (12 bytes).
    Removing stm32f4xx_hal.o(i.HAL_EnableCompensationCell), (12 bytes).
    Removing stm32f4xx_hal.o(i.HAL_GetDEVID), (16 bytes).
    Removing stm32f4xx_hal.o(i.HAL_GetHalVersion), (8 bytes).
    Removing stm32f4xx_hal.o(i.HAL_GetREVID), (12 bytes).
    Removing stm32f4xx_hal.o(i.HAL_GetTickFreq), (12 bytes).
    Removing stm32f4xx_hal.o(i.HAL_GetTickPrio), (12 bytes).
    Removing stm32f4xx_hal.o(i.HAL_GetUIDw0), (12 bytes).
    Removing stm32f4xx_hal.o(i.HAL_GetUIDw1), (12 bytes).
    Removing stm32f4xx_hal.o(i.HAL_GetUIDw2), (12 bytes).
    Removing stm32f4xx_hal.o(i.HAL_MspDeInit), (2 bytes).
    Removing stm32f4xx_hal.o(i.HAL_MspInit), (2 bytes).
    Removing stm32f4xx_hal.o(i.HAL_ResumeTick), (18 bytes).
    Removing stm32f4xx_hal.o(i.HAL_SetTickFreq), (48 bytes).
    Removing stm32f4xx_hal.o(i.HAL_SuspendTick), (18 bytes).
    Removing stm32f4xx_hal_exti.o(.rev16_text), (4 bytes).
    Removing stm32f4xx_hal_exti.o(.revsh_text), (4 bytes).
    Removing stm32f4xx_hal_exti.o(.rrx_text), (6 bytes).
    Removing stm32f4xx_hal_exti.o(i.HAL_EXTI_ClearConfigLine), (120 bytes).
    Removing stm32f4xx_hal_exti.o(i.HAL_EXTI_ClearPending), (28 bytes).
    Removing stm32f4xx_hal_exti.o(i.HAL_EXTI_GenerateSWI), (24 bytes).
    Removing stm32f4xx_hal_exti.o(i.HAL_EXTI_GetConfigLine), (176 bytes).
    Removing stm32f4xx_hal_exti.o(i.HAL_EXTI_GetHandle), (14 bytes).
    Removing stm32f4xx_hal_exti.o(i.HAL_EXTI_GetPending), (36 bytes).
    Removing stm32f4xx_hal_exti.o(i.HAL_EXTI_IRQHandler), (44 bytes).
    Removing stm32f4xx_hal_exti.o(i.HAL_EXTI_RegisterCallback), (20 bytes).
    Removing stm32f4xx_hal_exti.o(i.HAL_EXTI_SetConfigLine), (240 bytes).
    Removing system_stm32f4xx.o(.rev16_text), (4 bytes).
    Removing system_stm32f4xx.o(.revsh_text), (4 bytes).
    Removing system_stm32f4xx.o(.rrx_text), (6 bytes).
    Removing system_stm32f4xx.o(i.SystemCoreClockUpdate), (192 bytes).

273 unused section(s) (total 22112 bytes) removed from the image.

==============================================================================

Image Symbol Table

    Local Symbols

    Symbol Name                              Value     Ov Type        Size  Object(Section)

    ../Drivers/STM32F4xx_HAL_Driver/Src/stm32f4xx_hal.c 0x00000000   Number         0  stm32f4xx_hal.o ABSOLUTE
    ../Drivers/STM32F4xx_HAL_Driver/Src/stm32f4xx_hal_cortex.c 0x00000000   Number         0  stm32f4xx_hal_cortex.o ABSOLUTE
    ../Drivers/STM32F4xx_HAL_Driver/Src/stm32f4xx_hal_crc.c 0x00000000   Number         0  stm32f4xx_hal_crc.o ABSOLUTE
    ../Drivers/STM32F4xx_HAL_Driver/Src/stm32f4xx_hal_dma.c 0x00000000   Number         0  stm32f4xx_hal_dma.o ABSOLUTE
    ../Drivers/STM32F4xx_HAL_Driver/Src/stm32f4xx_hal_dma_ex.c 0x00000000   Number         0  stm32f4xx_hal_dma_ex.o ABSOLUTE
    ../Drivers/STM32F4xx_HAL_Driver/Src/stm32f4xx_hal_exti.c 0x00000000   Number         0  stm32f4xx_hal_exti.o ABSOLUTE
    ../Drivers/STM32F4xx_HAL_Driver/Src/stm32f4xx_hal_flash.c 0x00000000   Number         0  stm32f4xx_hal_flash.o ABSOLUTE
    ../Drivers/STM32F4xx_HAL_Driver/Src/stm32f4xx_hal_flash_ex.c 0x00000000   Number         0  stm32f4xx_hal_flash_ex.o ABSOLUTE
    ../Drivers/STM32F4xx_HAL_Driver/Src/stm32f4xx_hal_flash_ramfunc.c 0x00000000   Number         0  stm32f4xx_hal_flash_ramfunc.o ABSOLUTE
    ../Drivers/STM32F4xx_HAL_Driver/Src/stm32f4xx_hal_gpio.c 0x00000000   Number         0  stm32f4xx_hal_gpio.o ABSOLUTE
    ../Drivers/STM32F4xx_HAL_Driver/Src/stm32f4xx_hal_pwr.c 0x00000000   Number         0  stm32f4xx_hal_pwr.o ABSOLUTE
    ../Drivers/STM32F4xx_HAL_Driver/Src/stm32f4xx_hal_pwr_ex.c 0x00000000   Number         0  stm32f4xx_hal_pwr_ex.o ABSOLUTE
    ../Drivers/STM32F4xx_HAL_Driver/Src/stm32f4xx_hal_rcc.c 0x00000000   Number         0  stm32f4xx_hal_rcc.o ABSOLUTE
    ../Drivers/STM32F4xx_HAL_Driver/Src/stm32f4xx_hal_rcc_ex.c 0x00000000   Number         0  stm32f4xx_hal_rcc_ex.o ABSOLUTE
    ../Drivers/STM32F4xx_HAL_Driver/Src/stm32f4xx_hal_tim.c 0x00000000   Number         0  stm32f4xx_hal_tim.o ABSOLUTE
    ../Drivers/STM32F4xx_HAL_Driver/Src/stm32f4xx_hal_tim_ex.c 0x00000000   Number         0  stm32f4xx_hal_tim_ex.o ABSOLUTE
    ../Drivers/STM32F4xx_HAL_Driver/Src/stm32f4xx_hal_uart.c 0x00000000   Number         0  stm32f4xx_hal_uart.o ABSOLUTE
    ../Src/main.c                            0x00000000   Number         0  main.o ABSOLUTE
    ../Src/stm32f4xx_hal_msp.c               0x00000000   Number         0  stm32f4xx_hal_msp.o ABSOLUTE
    ../Src/stm32f4xx_it.c                    0x00000000   Number         0  stm32f4xx_it.o ABSOLUTE
    ../Src/system_stm32f4xx.c                0x00000000   Number         0  system_stm32f4xx.o ABSOLUTE
    ../clib/microlib/division.c              0x00000000   Number         0  uldiv.o ABSOLUTE
    ../clib/microlib/division.c              0x00000000   Number         0  uidiv.o ABSOLUTE
    ../clib/microlib/init/entry.s            0x00000000   Number         0  entry8a.o ABSOLUTE
    ../clib/microlib/init/entry.s            0x00000000   Number         0  entry11b.o ABSOLUTE
    ../clib/microlib/init/entry.s            0x00000000   Number         0  entry11a.o ABSOLUTE
    ../clib/microlib/init/entry.s            0x00000000   Number         0  entry.o ABSOLUTE
    ../clib/microlib/init/entry.s            0x00000000   Number         0  entry2.o ABSOLUTE
    ../clib/microlib/init/entry.s            0x00000000   Number         0  entry8b.o ABSOLUTE
    ../clib/microlib/init/entry.s            0x00000000   Number         0  entry5.o ABSOLUTE
    ../clib/microlib/init/entry.s            0x00000000   Number         0  entry9a.o ABSOLUTE
    ../clib/microlib/init/entry.s            0x00000000   Number         0  entry7b.o ABSOLUTE
    ../clib/microlib/init/entry.s            0x00000000   Number         0  entry10b.o ABSOLUTE
    ../clib/microlib/init/entry.s            0x00000000   Number         0  entry10a.o ABSOLUTE
    ../clib/microlib/init/entry.s            0x00000000   Number         0  entry9b.o ABSOLUTE
    ../clib/microlib/init/entry.s            0x00000000   Number         0  entry7a.o ABSOLUTE
    ../clib/microlib/longlong.c              0x00000000   Number         0  llsshr.o ABSOLUTE
    ../clib/microlib/longlong.c              0x00000000   Number         0  llushr.o ABSOLUTE
    ../clib/microlib/longlong.c              0x00000000   Number         0  llshl.o ABSOLUTE
    ../clib/microlib/printf/printf.c         0x00000000   Number         0  printfa.o ABSOLUTE
    ../clib/microlib/stdio/fputc.c           0x00000000   Number         0  fputc.o ABSOLUTE
    ../clib/microlib/stdio/semi.s            0x00000000   Number         0  semi.o ABSOLUTE
    ../clib/microlib/stdio/streams.c         0x00000000   Number         0  stdout.o ABSOLUTE
    ../clib/microlib/string/memset.c         0x00000000   Number         0  memseta.o ABSOLUTE
    ../clib/microlib/string/strlen.c         0x00000000   Number         0  strlen.o ABSOLUTE
    ../clib/microlib/stubs.s                 0x00000000   Number         0  iusefp.o ABSOLUTE
    ../clib/microlib/stubs.s                 0x00000000   Number         0  iusesemip.o ABSOLUTE
    ../fplib/microlib/fpadd.c                0x00000000   Number         0  dadd.o ABSOLUTE
    ../fplib/microlib/fpdiv.c                0x00000000   Number         0  ddiv.o ABSOLUTE
    ../fplib/microlib/fpepilogue.c           0x00000000   Number         0  depilogue.o ABSOLUTE
    ../fplib/microlib/fpfix.c                0x00000000   Number         0  dfixul.o ABSOLUTE
    ../fplib/microlib/fpmul.c                0x00000000   Number         0  dmul.o ABSOLUTE
    ..\Drivers\STM32F4xx_HAL_Driver\Src\stm32f4xx_hal.c 0x00000000   Number         0  stm32f4xx_hal.o ABSOLUTE
    ..\Drivers\STM32F4xx_HAL_Driver\Src\stm32f4xx_hal_cortex.c 0x00000000   Number         0  stm32f4xx_hal_cortex.o ABSOLUTE
    ..\Drivers\STM32F4xx_HAL_Driver\Src\stm32f4xx_hal_crc.c 0x00000000   Number         0  stm32f4xx_hal_crc.o ABSOLUTE
    ..\Drivers\STM32F4xx_HAL_Driver\Src\stm32f4xx_hal_dma.c 0x00000000   Number         0  stm32f4xx_hal_dma.o ABSOLUTE
    ..\Drivers\STM32F4xx_HAL_Driver\Src\stm32f4xx_hal_dma_ex.c 0x00000000   Number         0  stm32f4xx_hal_dma_ex.o ABSOLUTE
    ..\Drivers\STM32F4xx_HAL_Driver\Src\stm32f4xx_hal_exti.c 0x00000000   Number         0  stm32f4xx_hal_exti.o ABSOLUTE
    ..\Drivers\STM32F4xx_HAL_Driver\Src\stm32f4xx_hal_flash.c 0x00000000   Number         0  stm32f4xx_hal_flash.o ABSOLUTE
    ..\Drivers\STM32F4xx_HAL_Driver\Src\stm32f4xx_hal_flash_ex.c 0x00000000   Number         0  stm32f4xx_hal_flash_ex.o ABSOLUTE
    ..\Drivers\STM32F4xx_HAL_Driver\Src\stm32f4xx_hal_flash_ramfunc.c 0x00000000   Number         0  stm32f4xx_hal_flash_ramfunc.o ABSOLUTE
    ..\Drivers\STM32F4xx_HAL_Driver\Src\stm32f4xx_hal_gpio.c 0x00000000   Number         0  stm32f4xx_hal_gpio.o ABSOLUTE
    ..\Drivers\STM32F4xx_HAL_Driver\Src\stm32f4xx_hal_pwr.c 0x00000000   Number         0  stm32f4xx_hal_pwr.o ABSOLUTE
    ..\Drivers\STM32F4xx_HAL_Driver\Src\stm32f4xx_hal_pwr_ex.c 0x00000000   Number         0  stm32f4xx_hal_pwr_ex.o ABSOLUTE
    ..\Drivers\STM32F4xx_HAL_Driver\Src\stm32f4xx_hal_rcc.c 0x00000000   Number         0  stm32f4xx_hal_rcc.o ABSOLUTE
    ..\Drivers\STM32F4xx_HAL_Driver\Src\stm32f4xx_hal_rcc_ex.c 0x00000000   Number         0  stm32f4xx_hal_rcc_ex.o ABSOLUTE
    ..\Drivers\STM32F4xx_HAL_Driver\Src\stm32f4xx_hal_tim.c 0x00000000   Number         0  stm32f4xx_hal_tim.o ABSOLUTE
    ..\Drivers\STM32F4xx_HAL_Driver\Src\stm32f4xx_hal_tim_ex.c 0x00000000   Number         0  stm32f4xx_hal_tim_ex.o ABSOLUTE
    ..\Drivers\STM32F4xx_HAL_Driver\Src\stm32f4xx_hal_uart.c 0x00000000   Number         0  stm32f4xx_hal_uart.o ABSOLUTE
    ..\Src\main.c                            0x00000000   Number         0  main.o ABSOLUTE
    ..\Src\stm32f4xx_hal_msp.c               0x00000000   Number         0  stm32f4xx_hal_msp.o ABSOLUTE
    ..\Src\stm32f4xx_it.c                    0x00000000   Number         0  stm32f4xx_it.o ABSOLUTE
    ..\Src\system_stm32f4xx.c                0x00000000   Number         0  system_stm32f4xx.o ABSOLUTE
    bl_command.c                             0x00000000   Number         0  bl_command.o ABSOLUTE
    bl_command.c                             0x00000000   Number         0  bl_command.o ABSOLUTE
    cdrcmple.s                               0x00000000   Number         0  cdrcmple.o ABSOLUTE
    dc.s                                     0x00000000   Number         0  dc.o ABSOLUTE
    handlers.s                               0x00000000   Number         0  handlers.o ABSOLUTE
    init.s                                   0x00000000   Number         0  init.o ABSOLUTE
    startup_stm32f446xx.s                    0x00000000   Number         0  startup_stm32f446xx.o ABSOLUTE
    RESET                                    0x08000000   Section      452  startup_stm32f446xx.o(RESET)
    .ARM.Collect$$$$00000000                 0x080001c4   Section        0  entry.o(.ARM.Collect$$$$00000000)
    .ARM.Collect$$$$00000001                 0x080001c4   Section        4  entry2.o(.ARM.Collect$$$$00000001)
    .ARM.Collect$$$$00000004                 0x080001c8   Section        4  entry5.o(.ARM.Collect$$$$00000004)
    .ARM.Collect$$$$00000008                 0x080001cc   Section        0  entry7b.o(.ARM.Collect$$$$00000008)
    .ARM.Collect$$$$0000000A                 0x080001cc   Section        0  entry8b.o(.ARM.Collect$$$$0000000A)
    .ARM.Collect$$$$0000000B                 0x080001cc   Section        8  entry9a.o(.ARM.Collect$$$$0000000B)
    .ARM.Collect$$$$0000000D                 0x080001d4   Section        0  entry10a.o(.ARM.Collect$$$$0000000D)
    .ARM.Collect$$$$0000000F                 0x080001d4   Section        0  entry11a.o(.ARM.Collect$$$$0000000F)
    .ARM.Collect$$$$00002712                 0x080001d4   Section        4  entry2.o(.ARM.Collect$$$$00002712)
    __lit__00000000                          0x080001d4   Data           4  entry2.o(.ARM.Collect$$$$00002712)
    .text                                    0x080001d8   Section       36  startup_stm32f446xx.o(.text)
    $v0                                      0x080001d8   Number         0  startup_stm32f446xx.o(.text)
    .text                                    0x080001fc   Section        0  uldiv.o(.text)
    .text                                    0x0800025e   Section        0  memseta.o(.text)
    .text                                    0x08000282   Section        0  strlen.o(.text)
    .text                                    0x08000290   Section        0  uidiv.o(.text)
    .text                                    0x080002bc   Section        0  llshl.o(.text)
    .text                                    0x080002da   Section        0  llushr.o(.text)
    .text                                    0x080002fa   Section        0  dadd.o(.text)
    .text                                    0x080002fa   Section        0  iusefp.o(.text)
    .text                                    0x08000448   Section        0  dmul.o(.text)
    .text                                    0x0800052c   Section        0  ddiv.o(.text)
    .text                                    0x0800060a   Section        0  dfixul.o(.text)
    .text                                    0x0800063c   Section       48  cdrcmple.o(.text)
    .text                                    0x0800066c   Section       36  init.o(.text)
    .text                                    0x08000690   Section        0  llsshr.o(.text)
    .text                                    0x080006b4   Section        0  depilogue.o(.text)
    i.BusFault_Handler                       0x0800076e   Section        0  stm32f4xx_it.o(i.BusFault_Handler)
    i.DebugMon_Handler                       0x08000772   Section        0  stm32f4xx_it.o(i.DebugMon_Handler)
    i.Error_Handler                          0x08000774   Section        0  main.o(i.Error_Handler)
    i.FLASH_Erase_Sector                     0x08000778   Section        0  stm32f4xx_hal_flash_ex.o(i.FLASH_Erase_Sector)
    i.FLASH_FlushCaches                      0x080007d4   Section        0  stm32f4xx_hal_flash_ex.o(i.FLASH_FlushCaches)
    i.FLASH_MassErase                        0x0800084c   Section        0  stm32f4xx_hal_flash_ex.o(i.FLASH_MassErase)
    FLASH_MassErase                          0x0800084d   Thumb Code    42  stm32f4xx_hal_flash_ex.o(i.FLASH_MassErase)
    i.FLASH_Program_Byte                     0x0800087c   Section        0  stm32f4xx_hal_flash.o(i.FLASH_Program_Byte)
    FLASH_Program_Byte                       0x0800087d   Thumb Code    32  stm32f4xx_hal_flash.o(i.FLASH_Program_Byte)
    i.FLASH_Program_DoubleWord               0x080008a0   Section        0  stm32f4xx_hal_flash.o(i.FLASH_Program_DoubleWord)
    FLASH_Program_DoubleWord                 0x080008a1   Thumb Code    56  stm32f4xx_hal_flash.o(i.FLASH_Program_DoubleWord)
    i.FLASH_Program_HalfWord                 0x080008dc   Section        0  stm32f4xx_hal_flash.o(i.FLASH_Program_HalfWord)
    FLASH_Program_HalfWord                   0x080008dd   Thumb Code    36  stm32f4xx_hal_flash.o(i.FLASH_Program_HalfWord)
    i.FLASH_Program_Word                     0x08000904   Section        0  stm32f4xx_hal_flash.o(i.FLASH_Program_Word)
    FLASH_Program_Word                       0x08000905   Thumb Code    36  stm32f4xx_hal_flash.o(i.FLASH_Program_Word)
    i.FLASH_SetErrorCode                     0x0800092c   Section        0  stm32f4xx_hal_flash.o(i.FLASH_SetErrorCode)
    FLASH_SetErrorCode                       0x0800092d   Thumb Code   172  stm32f4xx_hal_flash.o(i.FLASH_SetErrorCode)
    i.FLASH_WaitForLastOperation             0x080009e0   Section        0  stm32f4xx_hal_flash.o(i.FLASH_WaitForLastOperation)
    i.HAL_CRC_Accumulate                     0x08000a44   Section        0  stm32f4xx_hal_crc.o(i.HAL_CRC_Accumulate)
    i.HAL_CRC_Init                           0x08000a6c   Section        0  stm32f4xx_hal_crc.o(i.HAL_CRC_Init)
    i.HAL_CRC_MspInit                        0x08000a8c   Section        0  stm32f4xx_hal_msp.o(i.HAL_CRC_MspInit)
    i.HAL_FLASHEx_Erase                      0x08000ac0   Section        0  stm32f4xx_hal_flash_ex.o(i.HAL_FLASHEx_Erase)
    i.HAL_FLASH_Lock                         0x08000b6c   Section        0  stm32f4xx_hal_flash.o(i.HAL_FLASH_Lock)
    i.HAL_FLASH_Program                      0x08000b80   Section        0  stm32f4xx_hal_flash.o(i.HAL_FLASH_Program)
    i.HAL_FLASH_Unlock                       0x08000c18   Section        0  stm32f4xx_hal_flash.o(i.HAL_FLASH_Unlock)
    i.HAL_GPIO_Init                          0x08000c4c   Section        0  stm32f4xx_hal_gpio.o(i.HAL_GPIO_Init)
    i.HAL_GPIO_ReadPin                       0x08000e3c   Section        0  stm32f4xx_hal_gpio.o(i.HAL_GPIO_ReadPin)
    i.HAL_GPIO_WritePin                      0x08000e4c   Section        0  stm32f4xx_hal_gpio.o(i.HAL_GPIO_WritePin)
    i.HAL_GetTick                            0x08000e58   Section        0  stm32f4xx_hal.o(i.HAL_GetTick)
    i.HAL_IncTick                            0x08000e64   Section        0  stm32f4xx_hal.o(i.HAL_IncTick)
    i.HAL_Init                               0x08000e7c   Section        0  stm32f4xx_hal.o(i.HAL_Init)
    i.HAL_InitTick                           0x08000eb8   Section        0  stm32f4xx_hal.o(i.HAL_InitTick)
    i.HAL_MspInit                            0x08000f04   Section        0  stm32f4xx_hal_msp.o(i.HAL_MspInit)
    i.HAL_NVIC_SetPriority                   0x08000f54   Section        0  stm32f4xx_hal_cortex.o(i.HAL_NVIC_SetPriority)
    i.HAL_NVIC_SetPriorityGrouping           0x08000fd0   Section        0  stm32f4xx_hal_cortex.o(i.HAL_NVIC_SetPriorityGrouping)
    i.HAL_RCC_ClockConfig                    0x08000ff8   Section        0  stm32f4xx_hal_rcc.o(i.HAL_RCC_ClockConfig)
    i.HAL_RCC_GetHCLKFreq                    0x0800117c   Section        0  stm32f4xx_hal_rcc.o(i.HAL_RCC_GetHCLKFreq)
    i.HAL_RCC_GetPCLK1Freq                   0x08001188   Section        0  stm32f4xx_hal_rcc.o(i.HAL_RCC_GetPCLK1Freq)
    i.HAL_RCC_GetPCLK2Freq                   0x080011a8   Section        0  stm32f4xx_hal_rcc.o(i.HAL_RCC_GetPCLK2Freq)
    i.HAL_RCC_GetSysClockFreq                0x080011c8   Section        0  stm32f4xx_hal_rcc_ex.o(i.HAL_RCC_GetSysClockFreq)
    i.HAL_RCC_OscConfig                      0x080012e0   Section        0  stm32f4xx_hal_rcc_ex.o(i.HAL_RCC_OscConfig)
    i.HAL_SYSTICK_Config                     0x08001760   Section        0  stm32f4xx_hal_cortex.o(i.HAL_SYSTICK_Config)
    i.HAL_UART_Init                          0x08001794   Section        0  stm32f4xx_hal_uart.o(i.HAL_UART_Init)
    i.HAL_UART_MspInit                       0x08001808   Section        0  stm32f4xx_hal_msp.o(i.HAL_UART_MspInit)
    i.HAL_UART_Receive                       0x08001904   Section        0  stm32f4xx_hal_uart.o(i.HAL_UART_Receive)
    i.HAL_UART_Transmit                      0x080019e4   Section        0  stm32f4xx_hal_uart.o(i.HAL_UART_Transmit)
    i.HardFault_Handler                      0x08001abc   Section        0  stm32f4xx_it.o(i.HardFault_Handler)
    i.MX_CRC_Init                            0x08001ac0   Section        0  main.o(i.MX_CRC_Init)
    MX_CRC_Init                              0x08001ac1   Thumb Code    22  main.o(i.MX_CRC_Init)
    i.MX_GPIO_Init                           0x08001ae0   Section        0  main.o(i.MX_GPIO_Init)
    MX_GPIO_Init                             0x08001ae1   Thumb Code   192  main.o(i.MX_GPIO_Init)
    i.MX_USART2_UART_Init                    0x08001bb0   Section        0  main.o(i.MX_USART2_UART_Init)
    MX_USART2_UART_Init                      0x08001bb1   Thumb Code    46  main.o(i.MX_USART2_UART_Init)
    i.MX_USART3_UART_Init                    0x08001be8   Section        0  main.o(i.MX_USART3_UART_Init)
    MX_USART3_UART_Init                      0x08001be9   Thumb Code    46  main.o(i.MX_USART3_UART_Init)
    i.MemManage_Handler                      0x08001c20   Section        0  stm32f4xx_it.o(i.MemManage_Handler)
    i.NMI_Handler                            0x08001c24   Section        0  stm32f4xx_it.o(i.NMI_Handler)
    i.PendSV_Handler                         0x08001c26   Section        0  stm32f4xx_it.o(i.PendSV_Handler)
    i.SVC_Handler                            0x08001c28   Section        0  stm32f4xx_it.o(i.SVC_Handler)
    i.SysTick_Handler                        0x08001c2a   Section        0  stm32f4xx_it.o(i.SysTick_Handler)
    i.SystemClock_Config                     0x08001c34   Section        0  main.o(i.SystemClock_Config)
    i.SystemInit                             0x08001cf0   Section        0  system_stm32f4xx.o(i.SystemInit)
    i.UART_SetConfig                         0x08001d0c   Section        0  stm32f4xx_hal_uart.o(i.UART_SetConfig)
    UART_SetConfig                           0x08001d0d   Thumb Code   992  stm32f4xx_hal_uart.o(i.UART_SetConfig)
    i.UART_WaitOnFlagUntilTimeout            0x080020f4   Section        0  stm32f4xx_hal_uart.o(i.UART_WaitOnFlagUntilTimeout)
    UART_WaitOnFlagUntilTimeout              0x080020f5   Thumb Code   108  stm32f4xx_hal_uart.o(i.UART_WaitOnFlagUntilTimeout)
    i.UsageFault_Handler                     0x08002160   Section        0  stm32f4xx_it.o(i.UsageFault_Handler)
    i.__0vsprintf                            0x08002164   Section        0  printfa.o(i.__0vsprintf)
    i.__NVIC_GetPriorityGrouping             0x08002188   Section        0  stm32f4xx_hal_cortex.o(i.__NVIC_GetPriorityGrouping)
    __NVIC_GetPriorityGrouping               0x08002189   Thumb Code    10  stm32f4xx_hal_cortex.o(i.__NVIC_GetPriorityGrouping)
    i.__NVIC_SetPriority                     0x08002198   Section        0  stm32f4xx_hal_cortex.o(i.__NVIC_SetPriority)
    __NVIC_SetPriority                       0x08002199   Thumb Code    32  stm32f4xx_hal_cortex.o(i.__NVIC_SetPriority)
    i.__scatterload_copy                     0x080021c0   Section       14  handlers.o(i.__scatterload_copy)
    i.__scatterload_null                     0x080021ce   Section        2  handlers.o(i.__scatterload_null)
    i.__scatterload_zeroinit                 0x080021d0   Section       14  handlers.o(i.__scatterload_zeroinit)
    i._fp_digits                             0x080021e0   Section        0  printfa.o(i._fp_digits)
    _fp_digits                               0x080021e1   Thumb Code   366  printfa.o(i._fp_digits)
    i._printf_core                           0x08002364   Section        0  printfa.o(i._printf_core)
    _printf_core                             0x08002365   Thumb Code  1744  printfa.o(i._printf_core)
    i._printf_post_padding                   0x08002a40   Section        0  printfa.o(i._printf_post_padding)
    _printf_post_padding                     0x08002a41   Thumb Code    36  printfa.o(i._printf_post_padding)
    i._printf_pre_padding                    0x08002a64   Section        0  printfa.o(i._printf_pre_padding)
    _printf_pre_padding                      0x08002a65   Thumb Code    46  printfa.o(i._printf_pre_padding)
    i._sputc                                 0x08002a92   Section        0  printfa.o(i._sputc)
    _sputc                                   0x08002a93   Thumb Code    10  printfa.o(i._sputc)
    i.bootloader_handle_dis_r_w_protect      0x08002a9c   Section        0  bl_command.o(i.bootloader_handle_dis_r_w_protect)
    i.bootloader_handle_en_r_w_protect       0x08002a9e   Section        0  bl_command.o(i.bootloader_handle_en_r_w_protect)
    i.bootloader_handle_flash_erase          0x08002aa0   Section        0  bl_command.o(i.bootloader_handle_flash_erase)
    i.bootloader_handle_get_cid              0x08002bf8   Section        0  bl_command.o(i.bootloader_handle_get_cid)
    i.bootloader_handle_get_help             0x08002cdc   Section        0  bl_command.o(i.bootloader_handle_get_help)
    i.bootloader_handle_get_rdp_status       0x08002d90   Section        0  bl_command.o(i.bootloader_handle_get_rdp_status)
    i.bootloader_handle_get_ver              0x08002e7c   Section        0  bl_command.o(i.bootloader_handle_get_ver)
    i.bootloader_handle_go_to_addr           0x08002f60   Section        0  bl_command.o(i.bootloader_handle_go_to_addr)
    i.bootloader_handle_mem_read             0x0800309c   Section        0  bl_command.o(i.bootloader_handle_mem_read)
    i.bootloader_handle_mem_write            0x080030a0   Section        0  bl_command.o(i.bootloader_handle_mem_write)
    i.bootloader_handle_otp_read             0x08003220   Section        0  bl_command.o(i.bootloader_handle_otp_read)
    i.bootloader_handle_read_sector_status   0x08003222   Section        0  bl_command.o(i.bootloader_handle_read_sector_status)
    i.bootloader_jump_to_user_app            0x08003224   Section        0  main.o(i.bootloader_jump_to_user_app)
    i.bootloader_send_ack                    0x080032d4   Section        0  bl_command.o(i.bootloader_send_ack)
    i.bootloader_send_nack                   0x080032f8   Section        0  bl_command.o(i.bootloader_send_nack)
    i.bootloader_uart_read_data              0x08003314   Section        0  main.o(i.bootloader_uart_read_data)
    i.bootloader_uart_write_data             0x08003414   Section        0  bl_command.o(i.bootloader_uart_write_data)
    i.bootloader_verify_crc                  0x08003430   Section        0  bl_command.o(i.bootloader_verify_crc)
    i.execute_mem_write                      0x0800346c   Section        0  bl_command.o(i.execute_mem_write)
    i.get_bootloader_RDP_status              0x080034a4   Section        0  bl_command.o(i.get_bootloader_RDP_status)
    i.get_bootloader_cid_num                 0x080034b4   Section        0  bl_command.o(i.get_bootloader_cid_num)
    i.get_bootloader_flash_erase             0x080034c4   Section        0  bl_command.o(i.get_bootloader_flash_erase)
    i.get_bootloader_version                 0x08003520   Section        0  bl_command.o(i.get_bootloader_version)
    i.is_valid_add                           0x08003524   Section        0  bl_command.o(i.is_valid_add)
    i.main                                   0x08003580   Section        0  main.o(i.main)
    i.printmsg                               0x08003634   Section        0  main.o(i.printmsg)
    .constdata                               0x08003670   Section       24  system_stm32f4xx.o(.constdata)
    .data                                    0x20000000   Section       38  main.o(.data)
    .data                                    0x20000026   Section       12  bl_command.o(.data)
    .data                                    0x20000034   Section        9  stm32f4xx_hal.o(.data)
    .data                                    0x20000040   Section        4  system_stm32f4xx.o(.data)
    .bss                                     0x20000044   Section      328  main.o(.bss)
    .bss                                     0x2000018c   Section       32  stm32f4xx_hal_flash.o(.bss)
    STACK                                    0x200001b0   Section     1024  startup_stm32f446xx.o(STACK)

    Global Symbols

    Symbol Name                              Value     Ov Type        Size  Object(Section)

    BuildAttributes$$THM_ISAv4$E$P$D$K$B$S$7EM$VFPi3$EXTD16$VFPS$VFMA$PE$A:L22UL41UL21$X:L11$S22US41US21$IEEE1$IW$USESV6$~STKCKD$USESV7$~SHL$OSPACE$ROPI$EBA8$MICROLIB$REQ8$PRES8$EABIv2 0x00000000   Number         0  anon$$obj.o ABSOLUTE
    __ARM_use_no_argv                        0x00000000   Number         0  main.o ABSOLUTE
    __cpp_initialize__aeabi_                  - Undefined Weak Reference
    __cxa_finalize                            - Undefined Weak Reference
    __decompress                              - Undefined Weak Reference
    _clock_init                               - Undefined Weak Reference
    _microlib_exit                            - Undefined Weak Reference
    __Vectors_Size                           0x000001c4   Number         0  startup_stm32f446xx.o ABSOLUTE
    __Vectors                                0x08000000   Data           4  startup_stm32f446xx.o(RESET)
    __Vectors_End                            0x080001c4   Data           0  startup_stm32f446xx.o(RESET)
    __main                                   0x080001c5   Thumb Code     0  entry.o(.ARM.Collect$$$$00000000)
    _main_stk                                0x080001c5   Thumb Code     0  entry2.o(.ARM.Collect$$$$00000001)
    _main_scatterload                        0x080001c9   Thumb Code     0  entry5.o(.ARM.Collect$$$$00000004)
    __main_after_scatterload                 0x080001cd   Thumb Code     0  entry5.o(.ARM.Collect$$$$00000004)
    _main_clock                              0x080001cd   Thumb Code     0  entry7b.o(.ARM.Collect$$$$00000008)
    _main_cpp_init                           0x080001cd   Thumb Code     0  entry8b.o(.ARM.Collect$$$$0000000A)
    _main_init                               0x080001cd   Thumb Code     0  entry9a.o(.ARM.Collect$$$$0000000B)
    __rt_final_cpp                           0x080001d5   Thumb Code     0  entry10a.o(.ARM.Collect$$$$0000000D)
    __rt_final_exit                          0x080001d5   Thumb Code     0  entry11a.o(.ARM.Collect$$$$0000000F)
    Reset_Handler                            0x080001d9   Thumb Code     8  startup_stm32f446xx.o(.text)
    ADC_IRQHandler                           0x080001f3   Thumb Code     0  startup_stm32f446xx.o(.text)
    CAN1_RX0_IRQHandler                      0x080001f3   Thumb Code     0  startup_stm32f446xx.o(.text)
    CAN1_RX1_IRQHandler                      0x080001f3   Thumb Code     0  startup_stm32f446xx.o(.text)
    CAN1_SCE_IRQHandler                      0x080001f3   Thumb Code     0  startup_stm32f446xx.o(.text)
    CAN1_TX_IRQHandler                       0x080001f3   Thumb Code     0  startup_stm32f446xx.o(.text)
    CAN2_RX0_IRQHandler                      0x080001f3   Thumb Code     0  startup_stm32f446xx.o(.text)
    CAN2_RX1_IRQHandler                      0x080001f3   Thumb Code     0  startup_stm32f446xx.o(.text)
    CAN2_SCE_IRQHandler                      0x080001f3   Thumb Code     0  startup_stm32f446xx.o(.text)
    CAN2_TX_IRQHandler                       0x080001f3   Thumb Code     0  startup_stm32f446xx.o(.text)
    CEC_IRQHandler                           0x080001f3   Thumb Code     0  startup_stm32f446xx.o(.text)
    DCMI_IRQHandler                          0x080001f3   Thumb Code     0  startup_stm32f446xx.o(.text)
    DMA1_Stream0_IRQHandler                  0x080001f3   Thumb Code     0  startup_stm32f446xx.o(.text)
    DMA1_Stream1_IRQHandler                  0x080001f3   Thumb Code     0  startup_stm32f446xx.o(.text)
    DMA1_Stream2_IRQHandler                  0x080001f3   Thumb Code     0  startup_stm32f446xx.o(.text)
    DMA1_Stream3_IRQHandler                  0x080001f3   Thumb Code     0  startup_stm32f446xx.o(.text)
    DMA1_Stream4_IRQHandler                  0x080001f3   Thumb Code     0  startup_stm32f446xx.o(.text)
    DMA1_Stream5_IRQHandler                  0x080001f3   Thumb Code     0  startup_stm32f446xx.o(.text)
    DMA1_Stream6_IRQHandler                  0x080001f3   Thumb Code     0  startup_stm32f446xx.o(.text)
    DMA1_Stream7_IRQHandler                  0x080001f3   Thumb Code     0  startup_stm32f446xx.o(.text)
    DMA2_Stream0_IRQHandler                  0x080001f3   Thumb Code     0  startup_stm32f446xx.o(.text)
    DMA2_Stream1_IRQHandler                  0x080001f3   Thumb Code     0  startup_stm32f446xx.o(.text)
    DMA2_Stream2_IRQHandler                  0x080001f3   Thumb Code     0  startup_stm32f446xx.o(.text)
    DMA2_Stream3_IRQHandler                  0x080001f3   Thumb Code     0  startup_stm32f446xx.o(.text)
    DMA2_Stream4_IRQHandler                  0x080001f3   Thumb Code     0  startup_stm32f446xx.o(.text)
    DMA2_Stream5_IRQHandler                  0x080001f3   Thumb Code     0  startup_stm32f446xx.o(.text)
    DMA2_Stream6_IRQHandler                  0x080001f3   Thumb Code     0  startup_stm32f446xx.o(.text)
    DMA2_Stream7_IRQHandler                  0x080001f3   Thumb Code     0  startup_stm32f446xx.o(.text)
    EXTI0_IRQHandler                         0x080001f3   Thumb Code     0  startup_stm32f446xx.o(.text)
    EXTI15_10_IRQHandler                     0x080001f3   Thumb Code     0  startup_stm32f446xx.o(.text)
    EXTI1_IRQHandler                         0x080001f3   Thumb Code     0  startup_stm32f446xx.o(.text)
    EXTI2_IRQHandler                         0x080001f3   Thumb Code     0  startup_stm32f446xx.o(.text)
    EXTI3_IRQHandler                         0x080001f3   Thumb Code     0  startup_stm32f446xx.o(.text)
    EXTI4_IRQHandler                         0x080001f3   Thumb Code     0  startup_stm32f446xx.o(.text)
    EXTI9_5_IRQHandler                       0x080001f3   Thumb Code     0  startup_stm32f446xx.o(.text)
    FLASH_IRQHandler                         0x080001f3   Thumb Code     0  startup_stm32f446xx.o(.text)
    FMC_IRQHandler                           0x080001f3   Thumb Code     0  startup_stm32f446xx.o(.text)
    FMPI2C1_ER_IRQHandler                    0x080001f3   Thumb Code     0  startup_stm32f446xx.o(.text)
    FMPI2C1_EV_IRQHandler                    0x080001f3   Thumb Code     0  startup_stm32f446xx.o(.text)
    FPU_IRQHandler                           0x080001f3   Thumb Code     0  startup_stm32f446xx.o(.text)
    I2C1_ER_IRQHandler                       0x080001f3   Thumb Code     0  startup_stm32f446xx.o(.text)
    I2C1_EV_IRQHandler                       0x080001f3   Thumb Code     0  startup_stm32f446xx.o(.text)
    I2C2_ER_IRQHandler                       0x080001f3   Thumb Code     0  startup_stm32f446xx.o(.text)
    I2C2_EV_IRQHandler                       0x080001f3   Thumb Code     0  startup_stm32f446xx.o(.text)
    I2C3_ER_IRQHandler                       0x080001f3   Thumb Code     0  startup_stm32f446xx.o(.text)
    I2C3_EV_IRQHandler                       0x080001f3   Thumb Code     0  startup_stm32f446xx.o(.text)
    OTG_FS_IRQHandler                        0x080001f3   Thumb Code     0  startup_stm32f446xx.o(.text)
    OTG_FS_WKUP_IRQHandler                   0x080001f3   Thumb Code     0  startup_stm32f446xx.o(.text)
    OTG_HS_EP1_IN_IRQHandler                 0x080001f3   Thumb Code     0  startup_stm32f446xx.o(.text)
    OTG_HS_EP1_OUT_IRQHandler                0x080001f3   Thumb Code     0  startup_stm32f446xx.o(.text)
    OTG_HS_IRQHandler                        0x080001f3   Thumb Code     0  startup_stm32f446xx.o(.text)
    OTG_HS_WKUP_IRQHandler                   0x080001f3   Thumb Code     0  startup_stm32f446xx.o(.text)
    PVD_IRQHandler                           0x080001f3   Thumb Code     0  startup_stm32f446xx.o(.text)
    QUADSPI_IRQHandler                       0x080001f3   Thumb Code     0  startup_stm32f446xx.o(.text)
    RCC_IRQHandler                           0x080001f3   Thumb Code     0  startup_stm32f446xx.o(.text)
    RTC_Alarm_IRQHandler                     0x080001f3   Thumb Code     0  startup_stm32f446xx.o(.text)
    RTC_WKUP_IRQHandler                      0x080001f3   Thumb Code     0  startup_stm32f446xx.o(.text)
    SAI1_IRQHandler                          0x080001f3   Thumb Code     0  startup_stm32f446xx.o(.text)
    SAI2_IRQHandler                          0x080001f3   Thumb Code     0  startup_stm32f446xx.o(.text)
    SDIO_IRQHandler                          0x080001f3   Thumb Code     0  startup_stm32f446xx.o(.text)
    SPDIF_RX_IRQHandler                      0x080001f3   Thumb Code     0  startup_stm32f446xx.o(.text)
    SPI1_IRQHandler                          0x080001f3   Thumb Code     0  startup_stm32f446xx.o(.text)
    SPI2_IRQHandler                          0x080001f3   Thumb Code     0  startup_stm32f446xx.o(.text)
    SPI3_IRQHandler                          0x080001f3   Thumb Code     0  startup_stm32f446xx.o(.text)
    SPI4_IRQHandler                          0x080001f3   Thumb Code     0  startup_stm32f446xx.o(.text)
    TAMP_STAMP_IRQHandler                    0x080001f3   Thumb Code     0  startup_stm32f446xx.o(.text)
    TIM1_BRK_TIM9_IRQHandler                 0x080001f3   Thumb Code     0  startup_stm32f446xx.o(.text)
    TIM1_CC_IRQHandler                       0x080001f3   Thumb Code     0  startup_stm32f446xx.o(.text)
    TIM1_TRG_COM_TIM11_IRQHandler            0x080001f3   Thumb Code     0  startup_stm32f446xx.o(.text)
    TIM1_UP_TIM10_IRQHandler                 0x080001f3   Thumb Code     0  startup_stm32f446xx.o(.text)
    TIM2_IRQHandler                          0x080001f3   Thumb Code     0  startup_stm32f446xx.o(.text)
    TIM3_IRQHandler                          0x080001f3   Thumb Code     0  startup_stm32f446xx.o(.text)
    TIM4_IRQHandler                          0x080001f3   Thumb Code     0  startup_stm32f446xx.o(.text)
    TIM5_IRQHandler                          0x080001f3   Thumb Code     0  startup_stm32f446xx.o(.text)
    TIM6_DAC_IRQHandler                      0x080001f3   Thumb Code     0  startup_stm32f446xx.o(.text)
    TIM7_IRQHandler                          0x080001f3   Thumb Code     0  startup_stm32f446xx.o(.text)
    TIM8_BRK_TIM12_IRQHandler                0x080001f3   Thumb Code     0  startup_stm32f446xx.o(.text)
    TIM8_CC_IRQHandler                       0x080001f3   Thumb Code     0  startup_stm32f446xx.o(.text)
    TIM8_TRG_COM_TIM14_IRQHandler            0x080001f3   Thumb Code     0  startup_stm32f446xx.o(.text)
    TIM8_UP_TIM13_IRQHandler                 0x080001f3   Thumb Code     0  startup_stm32f446xx.o(.text)
    UART4_IRQHandler                         0x080001f3   Thumb Code     0  startup_stm32f446xx.o(.text)
    UART5_IRQHandler                         0x080001f3   Thumb Code     0  startup_stm32f446xx.o(.text)
    USART1_IRQHandler                        0x080001f3   Thumb Code     0  startup_stm32f446xx.o(.text)
    USART2_IRQHandler                        0x080001f3   Thumb Code     0  startup_stm32f446xx.o(.text)
    USART3_IRQHandler                        0x080001f3   Thumb Code     0  startup_stm32f446xx.o(.text)
    USART6_IRQHandler                        0x080001f3   Thumb Code     0  startup_stm32f446xx.o(.text)
    WWDG_IRQHandler                          0x080001f3   Thumb Code     0  startup_stm32f446xx.o(.text)
    __aeabi_uldivmod                         0x080001fd   Thumb Code    98  uldiv.o(.text)
    __aeabi_memset                           0x0800025f   Thumb Code    14  memseta.o(.text)
    __aeabi_memset4                          0x0800025f   Thumb Code     0  memseta.o(.text)
    __aeabi_memset8                          0x0800025f   Thumb Code     0  memseta.o(.text)
    __aeabi_memclr                           0x0800026d   Thumb Code     4  memseta.o(.text)
    __aeabi_memclr4                          0x0800026d   Thumb Code     0  memseta.o(.text)
    __aeabi_memclr8                          0x0800026d   Thumb Code     0  memseta.o(.text)
    _memset$wrapper                          0x08000271   Thumb Code    18  memseta.o(.text)
    strlen                                   0x08000283   Thumb Code    14  strlen.o(.text)
    __aeabi_uidiv                            0x08000291   Thumb Code     0  uidiv.o(.text)
    __aeabi_uidivmod                         0x08000291   Thumb Code    44  uidiv.o(.text)
    __aeabi_llsl                             0x080002bd   Thumb Code    30  llshl.o(.text)
    _ll_shift_l                              0x080002bd   Thumb Code     0  llshl.o(.text)
    __aeabi_llsr                             0x080002db   Thumb Code    32  llushr.o(.text)
    _ll_ushift_r                             0x080002db   Thumb Code     0  llushr.o(.text)
    __I$use$fp                               0x080002fb   Thumb Code     0  iusefp.o(.text)
    __aeabi_dadd                             0x080002fb   Thumb Code   322  dadd.o(.text)
    __aeabi_dsub                             0x0800043d   Thumb Code     6  dadd.o(.text)
    __aeabi_drsub                            0x08000443   Thumb Code     6  dadd.o(.text)
    __aeabi_dmul                             0x08000449   Thumb Code   228  dmul.o(.text)
    __aeabi_ddiv                             0x0800052d   Thumb Code   222  ddiv.o(.text)
    __aeabi_d2ulz                            0x0800060b   Thumb Code    48  dfixul.o(.text)
    __aeabi_cdrcmple                         0x0800063d   Thumb Code    48  cdrcmple.o(.text)
    __scatterload                            0x0800066d   Thumb Code    28  init.o(.text)
    __scatterload_rt2                        0x0800066d   Thumb Code     0  init.o(.text)
    __aeabi_lasr                             0x08000691   Thumb Code    36  llsshr.o(.text)
    _ll_sshift_r                             0x08000691   Thumb Code     0  llsshr.o(.text)
    _double_round                            0x080006b5   Thumb Code    30  depilogue.o(.text)
    _double_epilogue                         0x080006d3   Thumb Code   156  depilogue.o(.text)
    BusFault_Handler                         0x0800076f   Thumb Code     4  stm32f4xx_it.o(i.BusFault_Handler)
    DebugMon_Handler                         0x08000773   Thumb Code     2  stm32f4xx_it.o(i.DebugMon_Handler)
    Error_Handler                            0x08000775   Thumb Code     2  main.o(i.Error_Handler)
    FLASH_Erase_Sector                       0x08000779   Thumb Code    86  stm32f4xx_hal_flash_ex.o(i.FLASH_Erase_Sector)
    FLASH_FlushCaches                        0x080007d5   Thumb Code   114  stm32f4xx_hal_flash_ex.o(i.FLASH_FlushCaches)
    FLASH_WaitForLastOperation               0x080009e1   Thumb Code    90  stm32f4xx_hal_flash.o(i.FLASH_WaitForLastOperation)
    HAL_CRC_Accumulate                       0x08000a45   Thumb Code    40  stm32f4xx_hal_crc.o(i.HAL_CRC_Accumulate)
    HAL_CRC_Init                             0x08000a6d   Thumb Code    32  stm32f4xx_hal_crc.o(i.HAL_CRC_Init)
    HAL_CRC_MspInit                          0x08000a8d   Thumb Code    44  stm32f4xx_hal_msp.o(i.HAL_CRC_MspInit)
    HAL_FLASHEx_Erase                        0x08000ac1   Thumb Code   164  stm32f4xx_hal_flash_ex.o(i.HAL_FLASHEx_Erase)
    HAL_FLASH_Lock                           0x08000b6d   Thumb Code    16  stm32f4xx_hal_flash.o(i.HAL_FLASH_Lock)
    HAL_FLASH_Program                        0x08000b81   Thumb Code   142  stm32f4xx_hal_flash.o(i.HAL_FLASH_Program)
    HAL_FLASH_Unlock                         0x08000c19   Thumb Code    38  stm32f4xx_hal_flash.o(i.HAL_FLASH_Unlock)
    HAL_GPIO_Init                            0x08000c4d   Thumb Code   456  stm32f4xx_hal_gpio.o(i.HAL_GPIO_Init)
    HAL_GPIO_ReadPin                         0x08000e3d   Thumb Code    16  stm32f4xx_hal_gpio.o(i.HAL_GPIO_ReadPin)
    HAL_GPIO_WritePin                        0x08000e4d   Thumb Code    12  stm32f4xx_hal_gpio.o(i.HAL_GPIO_WritePin)
    HAL_GetTick                              0x08000e59   Thumb Code     6  stm32f4xx_hal.o(i.HAL_GetTick)
    HAL_IncTick                              0x08000e65   Thumb Code    16  stm32f4xx_hal.o(i.HAL_IncTick)
    HAL_Init                                 0x08000e7d   Thumb Code    54  stm32f4xx_hal.o(i.HAL_Init)
    HAL_InitTick                             0x08000eb9   Thumb Code    64  stm32f4xx_hal.o(i.HAL_InitTick)
    HAL_MspInit                              0x08000f05   Thumb Code    74  stm32f4xx_hal_msp.o(i.HAL_MspInit)
    HAL_NVIC_SetPriority                     0x08000f55   Thumb Code   124  stm32f4xx_hal_cortex.o(i.HAL_NVIC_SetPriority)
    HAL_NVIC_SetPriorityGrouping             0x08000fd1   Thumb Code    32  stm32f4xx_hal_cortex.o(i.HAL_NVIC_SetPriorityGrouping)
    HAL_RCC_ClockConfig                      0x08000ff9   Thumb Code   368  stm32f4xx_hal_rcc.o(i.HAL_RCC_ClockConfig)
    HAL_RCC_GetHCLKFreq                      0x0800117d   Thumb Code     6  stm32f4xx_hal_rcc.o(i.HAL_RCC_GetHCLKFreq)
    HAL_RCC_GetPCLK1Freq                     0x08001189   Thumb Code    22  stm32f4xx_hal_rcc.o(i.HAL_RCC_GetPCLK1Freq)
    HAL_RCC_GetPCLK2Freq                     0x080011a9   Thumb Code    22  stm32f4xx_hal_rcc.o(i.HAL_RCC_GetPCLK2Freq)
    HAL_RCC_GetSysClockFreq                  0x080011c9   Thumb Code   266  stm32f4xx_hal_rcc_ex.o(i.HAL_RCC_GetSysClockFreq)
    HAL_RCC_OscConfig                        0x080012e1   Thumb Code  1142  stm32f4xx_hal_rcc_ex.o(i.HAL_RCC_OscConfig)
    HAL_SYSTICK_Config                       0x08001761   Thumb Code    52  stm32f4xx_hal_cortex.o(i.HAL_SYSTICK_Config)
    HAL_UART_Init                            0x08001795   Thumb Code   114  stm32f4xx_hal_uart.o(i.HAL_UART_Init)
    HAL_UART_MspInit                         0x08001809   Thumb Code   230  stm32f4xx_hal_msp.o(i.HAL_UART_MspInit)
    HAL_UART_Receive                         0x08001905   Thumb Code   224  stm32f4xx_hal_uart.o(i.HAL_UART_Receive)
    HAL_UART_Transmit                        0x080019e5   Thumb Code   216  stm32f4xx_hal_uart.o(i.HAL_UART_Transmit)
    HardFault_Handler                        0x08001abd   Thumb Code     4  stm32f4xx_it.o(i.HardFault_Handler)
    MemManage_Handler                        0x08001c21   Thumb Code     4  stm32f4xx_it.o(i.MemManage_Handler)
    NMI_Handler                              0x08001c25   Thumb Code     2  stm32f4xx_it.o(i.NMI_Handler)
    PendSV_Handler                           0x08001c27   Thumb Code     2  stm32f4xx_it.o(i.PendSV_Handler)
    SVC_Handler                              0x08001c29   Thumb Code     2  stm32f4xx_it.o(i.SVC_Handler)
    SysTick_Handler                          0x08001c2b   Thumb Code     8  stm32f4xx_it.o(i.SysTick_Handler)
    SystemClock_Config                       0x08001c35   Thumb Code   180  main.o(i.SystemClock_Config)
    SystemInit                               0x08001cf1   Thumb Code    24  system_stm32f4xx.o(i.SystemInit)
    UsageFault_Handler                       0x08002161   Thumb Code     4  stm32f4xx_it.o(i.UsageFault_Handler)
    __0vsprintf                              0x08002165   Thumb Code    30  printfa.o(i.__0vsprintf)
    __1vsprintf                              0x08002165   Thumb Code     0  printfa.o(i.__0vsprintf)
    __2vsprintf                              0x08002165   Thumb Code     0  printfa.o(i.__0vsprintf)
    __c89vsprintf                            0x08002165   Thumb Code     0  printfa.o(i.__0vsprintf)
    vsprintf                                 0x08002165   Thumb Code     0  printfa.o(i.__0vsprintf)
    __scatterload_copy                       0x080021c1   Thumb Code    14  handlers.o(i.__scatterload_copy)
    __scatterload_null                       0x080021cf   Thumb Code     2  handlers.o(i.__scatterload_null)
    __scatterload_zeroinit                   0x080021d1   Thumb Code    14  handlers.o(i.__scatterload_zeroinit)
    bootloader_handle_dis_r_w_protect        0x08002a9d   Thumb Code     2  bl_command.o(i.bootloader_handle_dis_r_w_protect)
    bootloader_handle_en_r_w_protect         0x08002a9f   Thumb Code     2  bl_command.o(i.bootloader_handle_en_r_w_protect)
    bootloader_handle_flash_erase            0x08002aa1   Thumb Code   102  bl_command.o(i.bootloader_handle_flash_erase)
    bootloader_handle_get_cid                0x08002bf9   Thumb Code    88  bl_command.o(i.bootloader_handle_get_cid)
    bootloader_handle_get_help               0x08002cdd   Thumb Code    68  bl_command.o(i.bootloader_handle_get_help)
    bootloader_handle_get_rdp_status         0x08002d91   Thumb Code    86  bl_command.o(i.bootloader_handle_get_rdp_status)
    bootloader_handle_get_ver                0x08002e7d   Thumb Code    86  bl_command.o(i.bootloader_handle_get_ver)
    bootloader_handle_go_to_addr             0x08002f61   Thumb Code   128  bl_command.o(i.bootloader_handle_go_to_addr)
    bootloader_handle_mem_read               0x0800309d   Thumb Code     2  bl_command.o(i.bootloader_handle_mem_read)
    bootloader_handle_mem_write              0x080030a1   Thumb Code   160  bl_command.o(i.bootloader_handle_mem_write)
    bootloader_handle_otp_read               0x08003221   Thumb Code     2  bl_command.o(i.bootloader_handle_otp_read)
    bootloader_handle_read_sector_status     0x08003223   Thumb Code     2  bl_command.o(i.bootloader_handle_read_sector_status)
    bootloader_jump_to_user_app              0x08003225   Thumb Code    46  main.o(i.bootloader_jump_to_user_app)
    bootloader_send_ack                      0x080032d5   Thumb Code    32  bl_command.o(i.bootloader_send_ack)
    bootloader_send_nack                     0x080032f9   Thumb Code    22  bl_command.o(i.bootloader_send_nack)
    bootloader_uart_read_data                0x08003315   Thumb Code   174  main.o(i.bootloader_uart_read_data)
    bootloader_uart_write_data               0x08003415   Thumb Code    22  bl_command.o(i.bootloader_uart_write_data)
    bootloader_verify_crc                    0x08003431   Thumb Code    54  bl_command.o(i.bootloader_verify_crc)
    execute_mem_write                        0x0800346d   Thumb Code    56  bl_command.o(i.execute_mem_write)
    get_bootloader_RDP_status                0x080034a5   Thumb Code    12  bl_command.o(i.get_bootloader_RDP_status)
    get_bootloader_cid_num                   0x080034b5   Thumb Code    10  bl_command.o(i.get_bootloader_cid_num)
    get_bootloader_flash_erase               0x080034c5   Thumb Code    92  bl_command.o(i.get_bootloader_flash_erase)
    get_bootloader_version                   0x08003521   Thumb Code     4  bl_command.o(i.get_bootloader_version)
    is_valid_add                             0x08003525   Thumb Code    70  bl_command.o(i.is_valid_add)
    main                                     0x08003581   Thumb Code    62  main.o(i.main)
    printmsg                                 0x08003635   Thumb Code    54  main.o(i.printmsg)
    AHBPrescTable                            0x08003670   Data          16  system_stm32f4xx.o(.constdata)
    APBPrescTable                            0x08003680   Data           8  system_stm32f4xx.o(.constdata)
    Region$$Table$$Base                      0x08003688   Number         0  anon$$obj.o(Region$$Table)
    Region$$Table$$Limit                     0x080036a8   Number         0  anon$$obj.o(Region$$Table)
    hcrc                                     0x20000000   Data           8  main.o(.data)
    temp_data                                0x20000008   Data          29  main.o(.data)
    rcv_len                                  0x20000025   Data           1  main.o(.data)
    SUPPORTED_CMD                            0x20000026   Data          12  bl_command.o(.data)
    uwTick                                   0x20000034   Data           4  stm32f4xx_hal.o(.data)
    uwTickPrio                               0x20000038   Data           4  stm32f4xx_hal.o(.data)
    uwTickFreq                               0x2000003c   Data           1  stm32f4xx_hal.o(.data)
    SystemCoreClock                          0x20000040   Data           4  system_stm32f4xx.o(.data)
    huart2                                   0x20000044   Data          64  main.o(.bss)
    huart3                                   0x20000084   Data          64  main.o(.bss)
    BL_COMMAND_RCV_buffer                    0x200000c4   Data         200  main.o(.bss)
    pFlash                                   0x2000018c   Data          32  stm32f4xx_hal_flash.o(.bss)
    __initial_sp                             0x200005b0   Data           0  startup_stm32f446xx.o(STACK)



==============================================================================

Memory Map of the image

  Image Entry point : 0x080001c5

  Load Region LR_IROM1 (Base: 0x08000000, Size: 0x000036ec, Max: 0x00080000, ABSOLUTE)

    Execution Region ER_IROM1 (Exec base: 0x08000000, Load base: 0x08000000, Size: 0x000036a8, Max: 0x00080000, ABSOLUTE)

    Exec Addr    Load Addr    Size         Type   Attr      Idx    E Section Name        Object

    0x08000000   0x08000000   0x000001c4   Data   RO            3    RESET               startup_stm32f446xx.o
    0x080001c4   0x080001c4   0x00000000   Code   RO         2229  * .ARM.Collect$$$$00000000  mc_w.l(entry.o)
    0x080001c4   0x080001c4   0x00000004   Code   RO         2266    .ARM.Collect$$$$00000001  mc_w.l(entry2.o)
    0x080001c8   0x080001c8   0x00000004   Code   RO         2269    .ARM.Collect$$$$00000004  mc_w.l(entry5.o)
    0x080001cc   0x080001cc   0x00000000   Code   RO         2271    .ARM.Collect$$$$00000008  mc_w.l(entry7b.o)
    0x080001cc   0x080001cc   0x00000000   Code   RO         2273    .ARM.Collect$$$$0000000A  mc_w.l(entry8b.o)
    0x080001cc   0x080001cc   0x00000008   Code   RO         2274    .ARM.Collect$$$$0000000B  mc_w.l(entry9a.o)
    0x080001d4   0x080001d4   0x00000000   Code   RO         2276    .ARM.Collect$$$$0000000D  mc_w.l(entry10a.o)
    0x080001d4   0x080001d4   0x00000000   Code   RO         2278    .ARM.Collect$$$$0000000F  mc_w.l(entry11a.o)
    0x080001d4   0x080001d4   0x00000004   Code   RO         2267    .ARM.Collect$$$$00002712  mc_w.l(entry2.o)
    0x080001d8   0x080001d8   0x00000024   Code   RO            4    .text               startup_stm32f446xx.o
    0x080001fc   0x080001fc   0x00000062   Code   RO         2232    .text               mc_w.l(uldiv.o)
    0x0800025e   0x0800025e   0x00000024   Code   RO         2234    .text               mc_w.l(memseta.o)
    0x08000282   0x08000282   0x0000000e   Code   RO         2236    .text               mc_w.l(strlen.o)
    0x08000290   0x08000290   0x0000002c   Code   RO         2283    .text               mc_w.l(uidiv.o)
    0x080002bc   0x080002bc   0x0000001e   Code   RO         2285    .text               mc_w.l(llshl.o)
    0x080002da   0x080002da   0x00000020   Code   RO         2287    .text               mc_w.l(llushr.o)
    0x080002fa   0x080002fa   0x00000000   Code   RO         2289    .text               mc_w.l(iusefp.o)
    0x080002fa   0x080002fa   0x0000014e   Code   RO         2290    .text               mf_w.l(dadd.o)
    0x08000448   0x08000448   0x000000e4   Code   RO         2292    .text               mf_w.l(dmul.o)
    0x0800052c   0x0800052c   0x000000de   Code   RO         2294    .text               mf_w.l(ddiv.o)
    0x0800060a   0x0800060a   0x00000030   Code   RO         2296    .text               mf_w.l(dfixul.o)
    0x0800063a   0x0800063a   0x00000002   PAD
    0x0800063c   0x0800063c   0x00000030   Code   RO         2298    .text               mf_w.l(cdrcmple.o)
    0x0800066c   0x0800066c   0x00000024   Code   RO         2300    .text               mc_w.l(init.o)
    0x08000690   0x08000690   0x00000024   Code   RO         2303    .text               mc_w.l(llsshr.o)
    0x080006b4   0x080006b4   0x000000ba   Code   RO         2306    .text               mf_w.l(depilogue.o)
    0x0800076e   0x0800076e   0x00000004   Code   RO          191    i.BusFault_Handler  stm32f4xx_it.o
    0x08000772   0x08000772   0x00000002   Code   RO          192    i.DebugMon_Handler  stm32f4xx_it.o
    0x08000774   0x08000774   0x00000002   Code   RO           13    i.Error_Handler     main.o
    0x08000776   0x08000776   0x00000002   PAD
    0x08000778   0x08000778   0x0000005c   Code   RO         1211    i.FLASH_Erase_Sector  stm32f4xx_hal_flash_ex.o
    0x080007d4   0x080007d4   0x00000078   Code   RO         1212    i.FLASH_FlushCaches  stm32f4xx_hal_flash_ex.o
    0x0800084c   0x0800084c   0x00000030   Code   RO         1213    i.FLASH_MassErase   stm32f4xx_hal_flash_ex.o
    0x0800087c   0x0800087c   0x00000024   Code   RO         1093    i.FLASH_Program_Byte  stm32f4xx_hal_flash.o
    0x080008a0   0x080008a0   0x0000003c   Code   RO         1094    i.FLASH_Program_DoubleWord  stm32f4xx_hal_flash.o
    0x080008dc   0x080008dc   0x00000028   Code   RO         1095    i.FLASH_Program_HalfWord  stm32f4xx_hal_flash.o
    0x08000904   0x08000904   0x00000028   Code   RO         1096    i.FLASH_Program_Word  stm32f4xx_hal_flash.o
    0x0800092c   0x0800092c   0x000000b4   Code   RO         1097    i.FLASH_SetErrorCode  stm32f4xx_hal_flash.o
    0x080009e0   0x080009e0   0x00000064   Code   RO         1098    i.FLASH_WaitForLastOperation  stm32f4xx_hal_flash.o
    0x08000a44   0x08000a44   0x00000028   Code   RO          474    i.HAL_CRC_Accumulate  stm32f4xx_hal_crc.o
    0x08000a6c   0x08000a6c   0x00000020   Code   RO          478    i.HAL_CRC_Init      stm32f4xx_hal_crc.o
    0x08000a8c   0x08000a8c   0x00000034   Code   RO          274    i.HAL_CRC_MspInit   stm32f4xx_hal_msp.o
    0x08000ac0   0x08000ac0   0x000000ac   Code   RO         1227    i.HAL_FLASHEx_Erase  stm32f4xx_hal_flash_ex.o
    0x08000b6c   0x08000b6c   0x00000014   Code   RO         1102    i.HAL_FLASH_Lock    stm32f4xx_hal_flash.o
    0x08000b80   0x08000b80   0x00000098   Code   RO         1107    i.HAL_FLASH_Program  stm32f4xx_hal_flash.o
    0x08000c18   0x08000c18   0x00000034   Code   RO         1109    i.HAL_FLASH_Unlock  stm32f4xx_hal_flash.o
    0x08000c4c   0x08000c4c   0x000001f0   Code   RO         1395    i.HAL_GPIO_Init     stm32f4xx_hal_gpio.o
    0x08000e3c   0x08000e3c   0x00000010   Code   RO         1397    i.HAL_GPIO_ReadPin  stm32f4xx_hal_gpio.o
    0x08000e4c   0x08000e4c   0x0000000c   Code   RO         1399    i.HAL_GPIO_WritePin  stm32f4xx_hal_gpio.o
    0x08000e58   0x08000e58   0x0000000c   Code   RO         1950    i.HAL_GetTick       stm32f4xx_hal.o
    0x08000e64   0x08000e64   0x00000018   Code   RO         1956    i.HAL_IncTick       stm32f4xx_hal.o
    0x08000e7c   0x08000e7c   0x0000003c   Code   RO         1957    i.HAL_Init          stm32f4xx_hal.o
    0x08000eb8   0x08000eb8   0x0000004c   Code   RO         1958    i.HAL_InitTick      stm32f4xx_hal.o
    0x08000f04   0x08000f04   0x00000050   Code   RO          275    i.HAL_MspInit       stm32f4xx_hal_msp.o
    0x08000f54   0x08000f54   0x0000007c   Code   RO         1808    i.HAL_NVIC_SetPriority  stm32f4xx_hal_cortex.o
    0x08000fd0   0x08000fd0   0x00000028   Code   RO         1809    i.HAL_NVIC_SetPriorityGrouping  stm32f4xx_hal_cortex.o
    0x08000ff8   0x08000ff8   0x00000184   Code   RO          902    i.HAL_RCC_ClockConfig  stm32f4xx_hal_rcc.o
    0x0800117c   0x0800117c   0x0000000c   Code   RO          907    i.HAL_RCC_GetHCLKFreq  stm32f4xx_hal_rcc.o
    0x08001188   0x08001188   0x00000020   Code   RO          909    i.HAL_RCC_GetPCLK1Freq  stm32f4xx_hal_rcc.o
    0x080011a8   0x080011a8   0x00000020   Code   RO          910    i.HAL_RCC_GetPCLK2Freq  stm32f4xx_hal_rcc.o
    0x080011c8   0x080011c8   0x00000118   Code   RO         1013    i.HAL_RCC_GetSysClockFreq  stm32f4xx_hal_rcc_ex.o
    0x080012e0   0x080012e0   0x00000480   Code   RO         1014    i.HAL_RCC_OscConfig  stm32f4xx_hal_rcc_ex.o
    0x08001760   0x08001760   0x00000034   Code   RO         1813    i.HAL_SYSTICK_Config  stm32f4xx_hal_cortex.o
    0x08001794   0x08001794   0x00000072   Code   RO          595    i.HAL_UART_Init     stm32f4xx_hal_uart.o
    0x08001806   0x08001806   0x00000002   PAD
    0x08001808   0x08001808   0x000000fc   Code   RO          277    i.HAL_UART_MspInit  stm32f4xx_hal_msp.o
    0x08001904   0x08001904   0x000000e0   Code   RO          598    i.HAL_UART_Receive  stm32f4xx_hal_uart.o
    0x080019e4   0x080019e4   0x000000d8   Code   RO          603    i.HAL_UART_Transmit  stm32f4xx_hal_uart.o
    0x08001abc   0x08001abc   0x00000004   Code   RO          193    i.HardFault_Handler  stm32f4xx_it.o
    0x08001ac0   0x08001ac0   0x00000020   Code   RO           14    i.MX_CRC_Init       main.o
    0x08001ae0   0x08001ae0   0x000000d0   Code   RO           15    i.MX_GPIO_Init      main.o
    0x08001bb0   0x08001bb0   0x00000038   Code   RO           16    i.MX_USART2_UART_Init  main.o
    0x08001be8   0x08001be8   0x00000038   Code   RO           17    i.MX_USART3_UART_Init  main.o
    0x08001c20   0x08001c20   0x00000004   Code   RO          194    i.MemManage_Handler  stm32f4xx_it.o
    0x08001c24   0x08001c24   0x00000002   Code   RO          195    i.NMI_Handler       stm32f4xx_it.o
    0x08001c26   0x08001c26   0x00000002   Code   RO          196    i.PendSV_Handler    stm32f4xx_it.o
    0x08001c28   0x08001c28   0x00000002   Code   RO          197    i.SVC_Handler       stm32f4xx_it.o
    0x08001c2a   0x08001c2a   0x00000008   Code   RO          198    i.SysTick_Handler   stm32f4xx_it.o
    0x08001c32   0x08001c32   0x00000002   PAD
    0x08001c34   0x08001c34   0x000000bc   Code   RO           18    i.SystemClock_Config  main.o
    0x08001cf0   0x08001cf0   0x0000001c   Code   RO         2196    i.SystemInit        system_stm32f4xx.o
    0x08001d0c   0x08001d0c   0x000003e8   Code   RO          622    i.UART_SetConfig    stm32f4xx_hal_uart.o
    0x080020f4   0x080020f4   0x0000006c   Code   RO          624    i.UART_WaitOnFlagUntilTimeout  stm32f4xx_hal_uart.o
    0x08002160   0x08002160   0x00000004   Code   RO          199    i.UsageFault_Handler  stm32f4xx_it.o
    0x08002164   0x08002164   0x00000024   Code   RO         2245    i.__0vsprintf       mc_w.l(printfa.o)
    0x08002188   0x08002188   0x00000010   Code   RO         1815    i.__NVIC_GetPriorityGrouping  stm32f4xx_hal_cortex.o
    0x08002198   0x08002198   0x00000028   Code   RO         1816    i.__NVIC_SetPriority  stm32f4xx_hal_cortex.o
    0x080021c0   0x080021c0   0x0000000e   Code   RO         2310    i.__scatterload_copy  mc_w.l(handlers.o)
    0x080021ce   0x080021ce   0x00000002   Code   RO         2311    i.__scatterload_null  mc_w.l(handlers.o)
    0x080021d0   0x080021d0   0x0000000e   Code   RO         2312    i.__scatterload_zeroinit  mc_w.l(handlers.o)
    0x080021de   0x080021de   0x00000002   PAD
    0x080021e0   0x080021e0   0x00000184   Code   RO         2246    i._fp_digits        mc_w.l(printfa.o)
    0x08002364   0x08002364   0x000006dc   Code   RO         2247    i._printf_core      mc_w.l(printfa.o)
    0x08002a40   0x08002a40   0x00000024   Code   RO         2248    i._printf_post_padding  mc_w.l(printfa.o)
    0x08002a64   0x08002a64   0x0000002e   Code   RO         2249    i._printf_pre_padding  mc_w.l(printfa.o)
    0x08002a92   0x08002a92   0x0000000a   Code   RO         2251    i._sputc            mc_w.l(printfa.o)
    0x08002a9c   0x08002a9c   0x00000002   Code   RO          321    i.bootloader_handle_dis_r_w_protect  bl_command.o
    0x08002a9e   0x08002a9e   0x00000002   Code   RO          322    i.bootloader_handle_en_r_w_protect  bl_command.o
    0x08002aa0   0x08002aa0   0x00000158   Code   RO          323    i.bootloader_handle_flash_erase  bl_command.o
    0x08002bf8   0x08002bf8   0x000000e4   Code   RO          324    i.bootloader_handle_get_cid  bl_command.o
    0x08002cdc   0x08002cdc   0x000000b4   Code   RO          325    i.bootloader_handle_get_help  bl_command.o
    0x08002d90   0x08002d90   0x000000ec   Code   RO          326    i.bootloader_handle_get_rdp_status  bl_command.o
    0x08002e7c   0x08002e7c   0x000000e4   Code   RO          327    i.bootloader_handle_get_ver  bl_command.o
    0x08002f60   0x08002f60   0x0000013c   Code   RO          328    i.bootloader_handle_go_to_addr  bl_command.o
    0x0800309c   0x0800309c   0x00000002   Code   RO          329    i.bootloader_handle_mem_read  bl_command.o
    0x0800309e   0x0800309e   0x00000002   PAD
    0x080030a0   0x080030a0   0x00000180   Code   RO          330    i.bootloader_handle_mem_write  bl_command.o
    0x08003220   0x08003220   0x00000002   Code   RO          331    i.bootloader_handle_otp_read  bl_command.o
    0x08003222   0x08003222   0x00000002   Code   RO          332    i.bootloader_handle_read_sector_status  bl_command.o
    0x08003224   0x08003224   0x000000b0   Code   RO           19    i.bootloader_jump_to_user_app  main.o
    0x080032d4   0x080032d4   0x00000024   Code   RO          333    i.bootloader_send_ack  bl_command.o
    0x080032f8   0x080032f8   0x0000001c   Code   RO          334    i.bootloader_send_nack  bl_command.o
    0x08003314   0x08003314   0x00000100   Code   RO           20    i.bootloader_uart_read_data  main.o
    0x08003414   0x08003414   0x0000001c   Code   RO          335    i.bootloader_uart_write_data  bl_command.o
    0x08003430   0x08003430   0x0000003c   Code   RO          336    i.bootloader_verify_crc  bl_command.o
    0x0800346c   0x0800346c   0x00000038   Code   RO          337    i.execute_mem_write  bl_command.o
    0x080034a4   0x080034a4   0x00000010   Code   RO          338    i.get_bootloader_RDP_status  bl_command.o
    0x080034b4   0x080034b4   0x00000010   Code   RO          339    i.get_bootloader_cid_num  bl_command.o
    0x080034c4   0x080034c4   0x0000005c   Code   RO          340    i.get_bootloader_flash_erase  bl_command.o
    0x08003520   0x08003520   0x00000004   Code   RO          341    i.get_bootloader_version  bl_command.o
    0x08003524   0x08003524   0x0000005c   Code   RO          342    i.is_valid_add      bl_command.o
    0x08003580   0x08003580   0x000000b4   Code   RO           21    i.main              main.o
    0x08003634   0x08003634   0x0000003c   Code   RO           22    i.printmsg          main.o
    0x08003670   0x08003670   0x00000018   Data   RO         2197    .constdata          system_stm32f4xx.o
    0x08003688   0x08003688   0x00000020   Data   RO         2308    Region$$Table       anon$$obj.o


    Execution Region RW_IRAM1 (Exec base: 0x20000000, Load base: 0x080036a8, Size: 0x000005b0, Max: 0x00020000, ABSOLUTE)

    Exec Addr    Load Addr    Size         Type   Attr      Idx    E Section Name        Object

    0x20000000   0x080036a8   0x00000026   Data   RW           24    .data               main.o
    0x20000026   0x080036ce   0x0000000c   Data   RW          343    .data               bl_command.o
    0x20000032   0x080036da   0x00000002   PAD
    0x20000034   0x080036dc   0x00000009   Data   RW         1964    .data               stm32f4xx_hal.o
    0x2000003d   0x080036e5   0x00000003   PAD
    0x20000040   0x080036e8   0x00000004   Data   RW         2198    .data               system_stm32f4xx.o
    0x20000044        -       0x00000148   Zero   RW           23    .bss                main.o
    0x2000018c        -       0x00000020   Zero   RW         1110    .bss                stm32f4xx_hal_flash.o
    0x200001ac   0x080036ec   0x00000004   PAD
    0x200001b0        -       0x00000400   Zero   RW            1    STACK               startup_stm32f446xx.o


==============================================================================

Image component sizes


      Code (inc. data)   RO Data    RW Data    ZI Data      Debug   Object Name

      2354       1252          0         12          0      14969   bl_command.o
      1214        402          0         38        328     698526   main.o
        36          8        452          0       1024        844   startup_stm32f446xx.o
       172         32          0          9          0       8661   stm32f4xx_hal.o
       272         22          0          0          0      33802   stm32f4xx_hal_cortex.o
        72          0          0          0          0       1848   stm32f4xx_hal_crc.o
       680         62          0          0         32       6070   stm32f4xx_hal_flash.o
       432         26          0          0          0       3298   stm32f4xx_hal_flash_ex.o
       524         40          0          0          0       3007   stm32f4xx_hal_gpio.o
       384         36          0          0          0       2291   stm32f4xx_hal_msp.o
       464         46          0          0          0       3330   stm32f4xx_hal_rcc.o
      1432         40          0          0          0       2718   stm32f4xx_hal_rcc_ex.o
      1662          8          0          0          0       4871   stm32f4xx_hal_uart.o
        32          0          0          0          0       4182   stm32f4xx_it.o
        28          4         24          4          0       1155   system_stm32f4xx.o

    ----------------------------------------------------------------------
      9766       1978        508         68       1388     789572   Object Totals
         0          0         32          0          0          0   (incl. Generated)
         8          0          0          5          4          0   (incl. Padding)

    ----------------------------------------------------------------------

      Code (inc. data)   RO Data    RW Data    ZI Data      Debug   Library Member Name

         0          0          0          0          0          0   entry.o
         0          0          0          0          0          0   entry10a.o
         0          0          0          0          0          0   entry11a.o
         8          4          0          0          0          0   entry2.o
         4          0          0          0          0          0   entry5.o
         0          0          0          0          0          0   entry7b.o
         0          0          0          0          0          0   entry8b.o
         8          4          0          0          0          0   entry9a.o
        30          0          0          0          0          0   handlers.o
        36          8          0          0          0         68   init.o
         0          0          0          0          0          0   iusefp.o
        30          0          0          0          0         68   llshl.o
        36          0          0          0          0         68   llsshr.o
        32          0          0          0          0         68   llushr.o
        36          0          0          0          0        108   memseta.o
      2272         86          0          0          0        516   printfa.o
        14          0          0          0          0         68   strlen.o
        44          0          0          0          0         80   uidiv.o
        98          0          0          0          0         92   uldiv.o
        48          0          0          0          0         68   cdrcmple.o
       334          0          0          0          0        148   dadd.o
       222          0          0          0          0        100   ddiv.o
       186          0          0          0          0        176   depilogue.o
        48          0          0          0          0         68   dfixul.o
       228          0          0          0          0         96   dmul.o

    ----------------------------------------------------------------------
      3718        102          0          0          0       1792   Library Totals
         4          0          0          0          0          0   (incl. Padding)

    ----------------------------------------------------------------------

      Code (inc. data)   RO Data    RW Data    ZI Data      Debug   Library Name

      2648        102          0          0          0       1136   mc_w.l
      1066          0          0          0          0        656   mf_w.l

    ----------------------------------------------------------------------
      3718        102          0          0          0       1792   Library Totals

    ----------------------------------------------------------------------

==============================================================================


      Code (inc. data)   RO Data    RW Data    ZI Data      Debug   

     13484       2080        508         68       1388     782984   Grand Totals
     13484       2080        508         68       1388     782984   ELF Image Totals
     13484       2080        508         68          0          0   ROM Totals

==============================================================================

    Total RO  Size (Code + RO Data)                13992 (  13.66kB)
    Total RW  Size (RW Data + ZI Data)              1456 (   1.42kB)
    Total ROM Size (Code + RO Data + RW Data)      14060 (  13.73kB)

==============================================================================

