Component: ARM Compiler 5.06 update 6 (build 750) Tool: armlink [4d35ed]

==============================================================================

Section Cross References

    startup_stm32f446xx.o(RESET) refers to startup_stm32f446xx.o(STACK) for __initial_sp
    startup_stm32f446xx.o(RESET) refers to startup_stm32f446xx.o(.text) for Reset_Handler
    startup_stm32f446xx.o(RESET) refers to stm32f4xx_it.o(i.NMI_Handler) for NMI_Handler
    startup_stm32f446xx.o(RESET) refers to stm32f4xx_it.o(i.HardFault_Handler) for HardFault_Handler
    startup_stm32f446xx.o(RESET) refers to stm32f4xx_it.o(i.MemManage_Handler) for MemManage_Handler
    startup_stm32f446xx.o(RESET) refers to stm32f4xx_it.o(i.BusFault_Handler) for BusFault_Handler
    startup_stm32f446xx.o(RESET) refers to stm32f4xx_it.o(i.UsageFault_Handler) for UsageFault_Handler
    startup_stm32f446xx.o(RESET) refers to port.o(.emb_text) for SVC_Handler
    startup_stm32f446xx.o(RESET) refers to stm32f4xx_it.o(i.DebugMon_Handler) for DebugMon_Handler
    startup_stm32f446xx.o(RESET) refers to stm32f4xx_it.o(i.SysTick_Handler) for SysTick_Handler
    startup_stm32f446xx.o(RESET) refers to stm32f4xx_it.o(i.EXTI15_10_IRQHandler) for EXTI15_10_IRQHandler
    startup_stm32f446xx.o(.text) refers to system_stm32f4xx.o(i.SystemInit) for SystemInit
    startup_stm32f446xx.o(.text) refers to entry.o(.ARM.Collect$$$$00000000) for __main
    main.o(i.Led_task_1) refers to stm32f4xx_hal_gpio.o(i.HAL_GPIO_TogglePin) for HAL_GPIO_TogglePin
    main.o(i.Led_task_1) refers to stm32f4xx_hal.o(i.HAL_Delay) for HAL_Delay
    main.o(i.Led_task_2) refers to stm32f4xx_hal_gpio.o(i.HAL_GPIO_TogglePin) for HAL_GPIO_TogglePin
    main.o(i.Led_task_2) refers to stm32f4xx_hal.o(i.HAL_Delay) for HAL_Delay
    main.o(i.MX_GPIO_Init) refers to memseta.o(.text) for __aeabi_memclr4
    main.o(i.MX_GPIO_Init) refers to stm32f4xx_hal_gpio.o(i.HAL_GPIO_WritePin) for HAL_GPIO_WritePin
    main.o(i.MX_GPIO_Init) refers to stm32f4xx_hal_gpio.o(i.HAL_GPIO_Init) for HAL_GPIO_Init
    main.o(i.MX_GPIO_Init) refers to stm32f4xx_hal_cortex.o(i.HAL_NVIC_SetPriority) for HAL_NVIC_SetPriority
    main.o(i.MX_GPIO_Init) refers to stm32f4xx_hal_cortex.o(i.HAL_NVIC_EnableIRQ) for HAL_NVIC_EnableIRQ
    main.o(i.MX_USART2_UART_Init) refers to stm32f4xx_hal_uart.o(i.HAL_UART_Init) for HAL_UART_Init
    main.o(i.MX_USART2_UART_Init) refers to main.o(i.Error_Handler) for Error_Handler
    main.o(i.MX_USART2_UART_Init) refers to main.o(.bss) for huart2
    main.o(i.StartDefaultTask) refers to cmsis_os.o(i.osDelay) for osDelay
    main.o(i.SystemClock_Config) refers to memseta.o(.text) for __aeabi_memclr4
    main.o(i.SystemClock_Config) refers to stm32f4xx_hal_rcc_ex.o(i.HAL_RCC_OscConfig) for HAL_RCC_OscConfig
    main.o(i.SystemClock_Config) refers to main.o(i.Error_Handler) for Error_Handler
    main.o(i.SystemClock_Config) refers to stm32f4xx_hal_rcc.o(i.HAL_RCC_ClockConfig) for HAL_RCC_ClockConfig
    main.o(i.main) refers to stm32f4xx_hal.o(i.HAL_Init) for HAL_Init
    main.o(i.main) refers to main.o(i.SystemClock_Config) for SystemClock_Config
    main.o(i.main) refers to stm32f4xx_hal_rcc_ex.o(i.HAL_RCC_DeInit) for HAL_RCC_DeInit
    main.o(i.main) refers to main.o(i.MX_GPIO_Init) for MX_GPIO_Init
    main.o(i.main) refers to main.o(i.MX_USART2_UART_Init) for MX_USART2_UART_Init
    main.o(i.main) refers to segger_sysview_config_freertos.o(i.SEGGER_SYSVIEW_Conf) for SEGGER_SYSVIEW_Conf
    main.o(i.main) refers to memcpya.o(.text) for __aeabi_memcpy4
    main.o(i.main) refers to cmsis_os.o(i.osThreadCreate) for osThreadCreate
    main.o(i.main) refers to tasks.o(i.xTaskCreate) for xTaskCreate
    main.o(i.main) refers to cmsis_os.o(i.osKernelStart) for osKernelStart
    main.o(i.main) refers to main.o(.constdata) for .constdata
    main.o(i.main) refers to main.o(.data) for defaultTaskHandle
    main.o(i.main) refers to main.o(i.Led_task_1) for Led_task_1
    main.o(i.main) refers to main.o(i.Led_task_2) for Led_task_2
    main.o(.constdata) refers to main.o(.conststring) for .conststring
    main.o(.constdata) refers to main.o(i.StartDefaultTask) for StartDefaultTask
    freertos.o(i.vApplicationGetIdleTaskMemory) refers to freertos.o(.bss) for xIdleTaskTCBBuffer
    stm32f4xx_it.o(i.EXTI15_10_IRQHandler) refers to stm32f4xx_hal_gpio.o(i.HAL_GPIO_EXTI_IRQHandler) for HAL_GPIO_EXTI_IRQHandler
    stm32f4xx_it.o(i.SysTick_Handler) refers to stm32f4xx_hal.o(i.HAL_IncTick) for HAL_IncTick
    stm32f4xx_it.o(i.SysTick_Handler) refers to cmsis_os.o(i.osSystickHandler) for osSystickHandler
    stm32f4xx_hal_msp.o(i.HAL_MspInit) refers to stm32f4xx_hal_cortex.o(i.HAL_NVIC_SetPriority) for HAL_NVIC_SetPriority
    stm32f4xx_hal_msp.o(i.HAL_UART_MspDeInit) refers to stm32f4xx_hal_gpio.o(i.HAL_GPIO_DeInit) for HAL_GPIO_DeInit
    stm32f4xx_hal_msp.o(i.HAL_UART_MspInit) refers to memseta.o(.text) for __aeabi_memclr4
[...]
    Removing tasks.o(i.xTaskPriorityDisinherit), (216 bytes).
    Removing tasks.o(i.xTaskPriorityInherit), (212 bytes).
    Removing tasks.o(i.xTaskRemoveFromEventList), (160 bytes).
    Removing tasks.o(i.xTaskResumeFromISR), (200 bytes).
    Removing cmsis_os.o(.rev16_text), (4 bytes).
    Removing cmsis_os.o(.revsh_text), (4 bytes).
    Removing cmsis_os.o(.rrx_text), (6 bytes).
    Removing cmsis_os.o(i.inHandlerMode), (16 bytes).
    Removing cmsis_os.o(i.makeCmsisPriority), (18 bytes).
    Removing cmsis_os.o(i.osAbortDelay), (6 bytes).
    Removing cmsis_os.o(i.osDelayUntil), (6 bytes).
    Removing cmsis_os.o(i.osKernelRunning), (18 bytes).
    Removing cmsis_os.o(i.osKernelSysTick), (20 bytes).
    Removing cmsis_os.o(i.osMailAlloc), (24 bytes).
    Removing cmsis_os.o(i.osMailCAlloc), (44 bytes).
    Removing cmsis_os.o(i.osMailCreate), (122 bytes).
    Removing cmsis_os.o(i.osMailFree), (22 bytes).
    Removing cmsis_os.o(i.osMailGet), (152 bytes).
    Removing cmsis_os.o(i.osMailPut), (96 bytes).
    Removing cmsis_os.o(i.osMessageAvailableSpace), (12 bytes).
    Removing cmsis_os.o(i.osMessageCreate), (40 bytes).
    Removing cmsis_os.o(i.osMessageDelete), (24 bytes).
    Removing cmsis_os.o(i.osMessageGet), (156 bytes).
    Removing cmsis_os.o(i.osMessagePeek), (86 bytes).
    Removing cmsis_os.o(i.osMessagePut), (96 bytes).
    Removing cmsis_os.o(i.osMessageWaiting), (26 bytes).
    Removing cmsis_os.o(i.osMutexCreate), (26 bytes).
    Removing cmsis_os.o(i.osMutexDelete), (24 bytes).
    Removing cmsis_os.o(i.osMutexRelease), (80 bytes).
    Removing cmsis_os.o(i.osMutexWait), (104 bytes).
    Removing cmsis_os.o(i.osPoolAlloc), (122 bytes).
    Removing cmsis_os.o(i.osPoolCAlloc), (22 bytes).
    Removing cmsis_os.o(i.osPoolCreate), (112 bytes).
    Removing cmsis_os.o(i.osPoolFree), (74 bytes).
    Removing cmsis_os.o(i.osRecursiveMutexCreate), (6 bytes).
    Removing cmsis_os.o(i.osRecursiveMutexRelease), (6 bytes).
    Removing cmsis_os.o(i.osRecursiveMutexWait), (6 bytes).
    Removing cmsis_os.o(i.osSemaphoreCreate), (74 bytes).
    Removing cmsis_os.o(i.osSemaphoreDelete), (24 bytes).
    Removing cmsis_os.o(i.osSemaphoreGetCount), (12 bytes).
    Removing cmsis_os.o(i.osSemaphoreRelease), (80 bytes).
    Removing cmsis_os.o(i.osSemaphoreWait), (104 bytes).
    Removing cmsis_os.o(i.osSignalSet), (96 bytes).
    Removing cmsis_os.o(i.osSignalWait), (98 bytes).
    Removing cmsis_os.o(i.osThreadGetId), (8 bytes).
    Removing cmsis_os.o(i.osThreadGetPriority), (38 bytes).
    Removing cmsis_os.o(i.osThreadList), (6 bytes).
    Removing cmsis_os.o(i.osThreadResume), (52 bytes).
    Removing cmsis_os.o(i.osThreadResumeAll), (18 bytes).
    Removing cmsis_os.o(i.osThreadSetPriority), (26 bytes).
    Removing cmsis_os.o(i.osThreadSuspend), (14 bytes).
    Removing cmsis_os.o(i.osThreadSuspendAll), (10 bytes).
    Removing cmsis_os.o(i.osThreadTerminate), (14 bytes).
    Removing cmsis_os.o(i.osThreadYield), (24 bytes).
    Removing cmsis_os.o(i.osTimerCreate), (6 bytes).
    Removing cmsis_os.o(i.osTimerDelete), (8 bytes).
    Removing cmsis_os.o(i.osTimerStart), (8 bytes).
    Removing cmsis_os.o(i.osTimerStop), (8 bytes).
    Removing heap_4.o(i.vPortInitialiseBlocks), (2 bytes).
    Removing heap_4.o(i.xPortGetFreeHeapSize), (12 bytes).
    Removing heap_4.o(i.xPortGetMinimumEverFreeHeapSize), (12 bytes).
    Removing port.o(i.vPortEndScheduler), (48 bytes).
    Removing segger_rtt.o(i.SEGGER_RTT_AllocDownBuffer), (192 bytes).
    Removing segger_rtt.o(i.SEGGER_RTT_AllocUpBuffer), (192 bytes).
    Removing segger_rtt.o(i.SEGGER_RTT_GetKey), (32 bytes).
    Removing segger_rtt.o(i.SEGGER_RTT_HasData), (28 bytes).
    Removing segger_rtt.o(i.SEGGER_RTT_HasDataUp), (28 bytes).
    Removing segger_rtt.o(i.SEGGER_RTT_HasKey), (40 bytes).
    Removing segger_rtt.o(i.SEGGER_RTT_Init), (8 bytes).
    Removing segger_rtt.o(i.SEGGER_RTT_PutChar), (120 bytes).
    Removing segger_rtt.o(i.SEGGER_RTT_PutCharSkip), (104 bytes).
    Removing segger_rtt.o(i.SEGGER_RTT_PutCharSkipNoLock), (56 bytes).
    Removing segger_rtt.o(i.SEGGER_RTT_Read), (56 bytes).
    Removing segger_rtt.o(i.SEGGER_RTT_SetFlagsDownBuffer), (84 bytes).
    Removing segger_rtt.o(i.SEGGER_RTT_SetFlagsUpBuffer), (84 bytes).
    Removing segger_rtt.o(i.SEGGER_RTT_SetNameDownBuffer), (84 bytes).
    Removing segger_rtt.o(i.SEGGER_RTT_SetNameUpBuffer), (84 bytes).
    Removing segger_rtt.o(i.SEGGER_RTT_SetTerminal), (156 bytes).
    Removing segger_rtt.o(i.SEGGER_RTT_TerminalOut), (256 bytes).
    Removing segger_rtt.o(i.SEGGER_RTT_WaitKey), (14 bytes).
    Removing segger_rtt.o(i.SEGGER_RTT_Write), (72 bytes).
    Removing segger_rtt.o(i.SEGGER_RTT_WriteNoLock), (132 bytes).
    Removing segger_rtt.o(i.SEGGER_RTT_WriteString), (26 bytes).
    Removing segger_rtt.o(i.SEGGER_RTT_WriteWithOverwriteNoLock), (172 bytes).
    Removing segger_rtt.o(i._GetAvailWriteSpace), (28 bytes).
    Removing segger_rtt.o(i._PostTerminalSwitch), (36 bytes).
    Removing segger_rtt.o(i._WriteBlocking), (114 bytes).
    Removing segger_rtt.o(i._WriteNoCheck), (76 bytes).
    Removing segger_rtt.o(.data), (17 bytes).
    Removing segger_sysview.o(i.SEGGER_SYSVIEW_DisableEvents), (16 bytes).
    Removing segger_sysview.o(i.SEGGER_SYSVIEW_EnableEvents), (16 bytes).
    Removing segger_sysview.o(i.SEGGER_SYSVIEW_EncodeData), (20 bytes).
    Removing segger_sysview.o(i.SEGGER_SYSVIEW_EncodeId), (52 bytes).
    Removing segger_sysview.o(i.SEGGER_SYSVIEW_EncodeString), (20 bytes).
    Removing segger_sysview.o(i.SEGGER_SYSVIEW_EncodeU32), (38 bytes).
    Removing segger_sysview.o(i.SEGGER_SYSVIEW_Error), (128 bytes).
    Removing segger_sysview.o(i.SEGGER_SYSVIEW_ErrorfHost), (28 bytes).
    Removing segger_sysview.o(i.SEGGER_SYSVIEW_ErrorfTarget), (28 bytes).
    Removing segger_sysview.o(i.SEGGER_SYSVIEW_IsStarted), (52 bytes).
    Removing segger_sysview.o(i.SEGGER_SYSVIEW_NameResource), (116 bytes).
    Removing segger_sysview.o(i.SEGGER_SYSVIEW_OnTaskStopExec), (52 bytes).
    Removing segger_sysview.o(i.SEGGER_SYSVIEW_OnTaskStopReady), (132 bytes).
    Removing segger_sysview.o(i.SEGGER_SYSVIEW_OnTaskTerminate), (100 bytes).
    Removing segger_sysview.o(i.SEGGER_SYSVIEW_OnUserStart), (88 bytes).
    Removing segger_sysview.o(i.SEGGER_SYSVIEW_OnUserStop), (88 bytes).
    Removing segger_sysview.o(i.SEGGER_SYSVIEW_Print), (128 bytes).
    Removing segger_sysview.o(i.SEGGER_SYSVIEW_PrintfHost), (28 bytes).
    Removing segger_sysview.o(i.SEGGER_SYSVIEW_PrintfHostEx), (30 bytes).
    Removing segger_sysview.o(i.SEGGER_SYSVIEW_PrintfTarget), (28 bytes).
    Removing segger_sysview.o(i.SEGGER_SYSVIEW_PrintfTargetEx), (30 bytes).
    Removing segger_sysview.o(i.SEGGER_SYSVIEW_RecordEndCall), (88 bytes).
    Removing segger_sysview.o(i.SEGGER_SYSVIEW_RecordEndCallU32), (120 bytes).
    Removing segger_sysview.o(i.SEGGER_SYSVIEW_RecordEnterISR), (100 bytes).
    Removing segger_sysview.o(i.SEGGER_SYSVIEW_RecordEnterTimer), (100 bytes).
    Removing segger_sysview.o(i.SEGGER_SYSVIEW_RecordExitISR), (52 bytes).
    Removing segger_sysview.o(i.SEGGER_SYSVIEW_RecordExitISRToScheduler), (52 bytes).
    Removing segger_sysview.o(i.SEGGER_SYSVIEW_RecordExitTimer), (52 bytes).
    Removing segger_sysview.o(i.SEGGER_SYSVIEW_RecordModuleDescription), (168 bytes).
    Removing segger_sysview.o(i.SEGGER_SYSVIEW_RecordString), (72 bytes).
    Removing segger_sysview.o(i.SEGGER_SYSVIEW_RecordU32x10), (352 bytes).
    Removing segger_sysview.o(i.SEGGER_SYSVIEW_RecordU32x3), (152 bytes).
    Removing segger_sysview.o(i.SEGGER_SYSVIEW_RecordU32x4), (184 bytes).
    Removing segger_sysview.o(i.SEGGER_SYSVIEW_RecordU32x5), (212 bytes).
    Removing segger_sysview.o(i.SEGGER_SYSVIEW_RecordU32x6), (240 bytes).
    Removing segger_sysview.o(i.SEGGER_SYSVIEW_RecordU32x7), (268 bytes).
    Removing segger_sysview.o(i.SEGGER_SYSVIEW_RecordU32x8), (296 bytes).
    Removing segger_sysview.o(i.SEGGER_SYSVIEW_RecordU32x9), (324 bytes).
    Removing segger_sysview.o(i.SEGGER_SYSVIEW_RegisterModule), (120 bytes).
    Removing segger_sysview.o(i.SEGGER_SYSVIEW_SendPacket), (52 bytes).
    Removing segger_sysview.o(i.SEGGER_SYSVIEW_ShrinkId), (16 bytes).
    Removing segger_sysview.o(i.SEGGER_SYSVIEW_WarnfHost), (28 bytes).
    Removing segger_sysview.o(i.SEGGER_SYSVIEW_WarnfTarget), (28 bytes).
    Removing segger_sysview.o(i._EncodeData), (26 bytes).
    Removing segger_sysview.o(i._PrintInt), (190 bytes).
    Removing segger_sysview.o(i._PrintUnsigned), (188 bytes).
    Removing segger_sysview.o(i._StoreChar), (134 bytes).
    Removing segger_sysview.o(i._VPrintHost), (240 bytes).
    Removing segger_sysview.o(i._VPrintTarget), (564 bytes).
    Removing segger_sysview_freertos.o(i.SYSVIEW_DeleteTask), (272 bytes).
    Removing segger_sysview_freertos.o(i.SYSVIEW_UpdateTask), (168 bytes).

507 unused section(s) (total 46275 bytes) removed from the image.

==============================================================================

Image Symbol Table

    Local Symbols

    Symbol Name                              Value     Ov Type        Size  Object(Section)

    ../Drivers/STM32F4xx_HAL_Driver/Src/stm32f4xx_hal.c 0x00000000   Number         0  stm32f4xx_hal.o ABSOLUTE
    ../Drivers/STM32F4xx_HAL_Driver/Src/stm32f4xx_hal_cortex.c 0x00000000   Number         0  stm32f4xx_hal_cortex.o ABSOLUTE
    ../Drivers/STM32F4xx_HAL_Driver/Src/stm32f4xx_hal_dma.c 0x00000000   Number         0  stm32f4xx_hal_dma.o ABSOLUTE
    ../Drivers/STM32F4xx_HAL_Driver/Src/stm32f4xx_hal_dma_ex.c 0x00000000   Number         0  stm32f4xx_hal_dma_ex.o ABSOLUTE
    ../Drivers/STM32F4xx_HAL_Driver/Src/stm32f4xx_hal_exti.c 0x00000000   Number         0  stm32f4xx_hal_exti.o ABSOLUTE
    ../Drivers/STM32F4xx_HAL_Driver/Src/stm32f4xx_hal_flash.c 0x00000000   Number         0  stm32f4xx_hal_flash.o ABSOLUTE
    ../Drivers/STM32F4xx_HAL_Driver/Src/stm32f4xx_hal_flash_ex.c 0x00000000   Number         0  stm32f4xx_hal_flash_ex.o ABSOLUTE
    ../Drivers/STM32F4xx_HAL_Driver/Src/stm32f4xx_hal_flash_ramfunc.c 0x00000000   Number         0  stm32f4xx_hal_flash_ramfunc.o ABSOLUTE
    ../Drivers/STM32F4xx_HAL_Driver/Src/stm32f4xx_hal_gpio.c 0x00000000   Number         0  stm32f4xx_hal_gpio.o ABSOLUTE
    ../Drivers/STM32F4xx_HAL_Driver/Src/stm32f4xx_hal_pwr.c 0x00000000   Number         0  stm32f4xx_hal_pwr.o ABSOLUTE
    ../Drivers/STM32F4xx_HAL_Driver/Src/stm32f4xx_hal_pwr_ex.c 0x00000000   Number         0  stm32f4xx_hal_pwr_ex.o ABSOLUTE
    ../Drivers/STM32F4xx_HAL_Driver/Src/stm32f4xx_hal_rcc.c 0x00000000   Number         0  stm32f4xx_hal_rcc.o ABSOLUTE
    ../Drivers/STM32F4xx_HAL_Driver/Src/stm32f4xx_hal_rcc_ex.c 0x00000000   Number         0  stm32f4xx_hal_rcc_ex.o ABSOLUTE
    ../Drivers/STM32F4xx_HAL_Driver/Src/stm32f4xx_hal_tim.c 0x00000000   Number         0  stm32f4xx_hal_tim.o ABSOLUTE
    ../Drivers/STM32F4xx_HAL_Driver/Src/stm32f4xx_hal_tim_ex.c 0x00000000   Number         0  stm32f4xx_hal_tim_ex.o ABSOLUTE
    ../Drivers/STM32F4xx_HAL_Driver/Src/stm32f4xx_hal_uart.c 0x00000000   Number         0  stm32f4xx_hal_uart.o ABSOLUTE
    ../Middlewares/Third_Party/FreeRTOS/Source/CMSIS_RTOS/cmsis_os.c 0x00000000   Number         0  cmsis_os.o ABSOLUTE
    ../Middlewares/Third_Party/FreeRTOS/Source/croutine.c 0x00000000   Number         0  croutine.o ABSOLUTE
    ../Middlewares/Third_Party/FreeRTOS/Source/event_groups.c 0x00000000   Number         0  event_groups.o ABSOLUTE
    ../Middlewares/Third_Party/FreeRTOS/Source/list.c 0x00000000   Number         0  list.o ABSOLUTE
    ../Middlewares/Third_Party/FreeRTOS/Source/portable/MemMang/heap_4.c 0x00000000   Number         0  heap_4.o ABSOLUTE
    ../Middlewares/Third_Party/FreeRTOS/Source/portable/RVDS/ARM_CM4F/port.c 0x00000000   Number         0  port.o ABSOLUTE
    ../Middlewares/Third_Party/FreeRTOS/Source/queue.c 0x00000000   Number         0  queue.o ABSOLUTE
    ../Middlewares/Third_Party/FreeRTOS/Source/stream_buffer.c 0x00000000   Number         0  stream_buffer.o ABSOLUTE
    ../Middlewares/Third_Party/FreeRTOS/Source/tasks.c 0x00000000   Number         0  tasks.o ABSOLUTE
    ../Middlewares/Third_Party/FreeRTOS/Source/timers.c 0x00000000   Number         0  timers.o ABSOLUTE
    ../Src/freertos.c                        0x00000000   Number         0  freertos.o ABSOLUTE
    ../Src/main.c                            0x00000000   Number         0  main.o ABSOLUTE
    ../Src/stm32f4xx_hal_msp.c               0x00000000   Number         0  stm32f4xx_hal_msp.o ABSOLUTE
    ../Src/stm32f4xx_it.c                    0x00000000   Number         0  stm32f4xx_it.o ABSOLUTE
    ../Src/system_stm32f4xx.c                0x00000000   Number         0  system_stm32f4xx.o ABSOLUTE
    ../clib/microlib/division.c              0x00000000   Number         0  uldiv.o ABSOLUTE
    ../clib/microlib/init/entry.s            0x00000000   Number         0  entry9b.o ABSOLUTE
    ../clib/microlib/init/entry.s            0x00000000   Number         0  entry9a.o ABSOLUTE
    ../clib/microlib/init/entry.s            0x00000000   Number         0  entry5.o ABSOLUTE
    ../clib/microlib/init/entry.s            0x00000000   Number         0  entry.o ABSOLUTE
    ../clib/microlib/init/entry.s            0x00000000   Number         0  entry2.o ABSOLUTE
    ../clib/microlib/init/entry.s            0x00000000   Number         0  entry7b.o ABSOLUTE
    ../clib/microlib/init/entry.s            0x00000000   Number         0  entry7a.o ABSOLUTE
    ../clib/microlib/init/entry.s            0x00000000   Number         0  entry8a.o ABSOLUTE
    ../clib/microlib/init/entry.s            0x00000000   Number         0  entry11b.o ABSOLUTE
    ../clib/microlib/init/entry.s            0x00000000   Number         0  entry8b.o ABSOLUTE
    ../clib/microlib/init/entry.s            0x00000000   Number         0  entry11a.o ABSOLUTE
    ../clib/microlib/init/entry.s            0x00000000   Number         0  entry10b.o ABSOLUTE
    ../clib/microlib/init/entry.s            0x00000000   Number         0  entry10a.o ABSOLUTE
    ../clib/microlib/longlong.c              0x00000000   Number         0  llshl.o ABSOLUTE
    ../clib/microlib/longlong.c              0x00000000   Number         0  llushr.o ABSOLUTE
    ../clib/microlib/string/memcmp.c         0x00000000   Number         0  memcmp.o ABSOLUTE
    ../clib/microlib/string/memcpy.c         0x00000000   Number         0  memcpyb.o ABSOLUTE
    ../clib/microlib/string/memcpy.c         0x00000000   Number         0  memcpya.o ABSOLUTE
    ../clib/microlib/string/memset.c         0x00000000   Number         0  memseta.o ABSOLUTE
    ../clib/microlib/string/memset.c         0x00000000   Number         0  memset.o ABSOLUTE
    ../clib/microlib/string/strcpy.c         0x00000000   Number         0  strcpy.o ABSOLUTE
    ../clib/microlib/string/strlen.c         0x00000000   Number         0  strlen.o ABSOLUTE
    ..\Drivers\STM32F4xx_HAL_Driver\Src\stm32f4xx_hal.c 0x00000000   Number         0  stm32f4xx_hal.o ABSOLUTE
    ..\Drivers\STM32F4xx_HAL_Driver\Src\stm32f4xx_hal_cortex.c 0x00000000   Number         0  stm32f4xx_hal_cortex.o ABSOLUTE
    ..\Drivers\STM32F4xx_HAL_Driver\Src\stm32f4xx_hal_dma.c 0x00000000   Number         0  stm32f4xx_hal_dma.o ABSOLUTE
    ..\Drivers\STM32F4xx_HAL_Driver\Src\stm32f4xx_hal_dma_ex.c 0x00000000   Number         0  stm32f4xx_hal_dma_ex.o ABSOLUTE
    ..\Drivers\STM32F4xx_HAL_Driver\Src\stm32f4xx_hal_exti.c 0x00000000   Number         0  stm32f4xx_hal_exti.o ABSOLUTE
    ..\Drivers\STM32F4xx_HAL_Driver\Src\stm32f4xx_hal_flash.c 0x00000000   Number         0  stm32f4xx_hal_flash.o ABSOLUTE
    ..\Drivers\STM32F4xx_HAL_Driver\Src\stm32f4xx_hal_flash_ex.c 0x00000000   Number         0  stm32f4xx_hal_flash_ex.o ABSOLUTE
    ..\Drivers\STM32F4xx_HAL_Driver\Src\stm32f4xx_hal_flash_ramfunc.c 0x00000000   Number         0  stm32f4xx_hal_flash_ramfunc.o ABSOLUTE
    ..\Drivers\STM32F4xx_HAL_Driver\Src\stm32f4xx_hal_gpio.c 0x00000000   Number         0  stm32f4xx_hal_gpio.o ABSOLUTE
    ..\Drivers\STM32F4xx_HAL_Driver\Src\stm32f4xx_hal_pwr.c 0x00000000   Number         0  stm32f4xx_hal_pwr.o ABSOLUTE
    ..\Drivers\STM32F4xx_HAL_Driver\Src\stm32f4xx_hal_pwr_ex.c 0x00000000   Number         0  stm32f4xx_hal_pwr_ex.o ABSOLUTE
    ..\Drivers\STM32F4xx_HAL_Driver\Src\stm32f4xx_hal_rcc.c 0x00000000   Number         0  stm32f4xx_hal_rcc.o ABSOLUTE
    ..\Drivers\STM32F4xx_HAL_Driver\Src\stm32f4xx_hal_rcc_ex.c 0x00000000   Number         0  stm32f4xx_hal_rcc_ex.o ABSOLUTE
    ..\Drivers\STM32F4xx_HAL_Driver\Src\stm32f4xx_hal_tim.c 0x00000000   Number         0  stm32f4xx_hal_tim.o ABSOLUTE
    ..\Drivers\STM32F4xx_HAL_Driver\Src\stm32f4xx_hal_tim_ex.c 0x00000000   Number         0  stm32f4xx_hal_tim_ex.o ABSOLUTE
    ..\Drivers\STM32F4xx_HAL_Driver\Src\stm32f4xx_hal_uart.c 0x00000000   Number         0  stm32f4xx_hal_uart.o ABSOLUTE
    ..\Middlewares\Third_Party\FreeRTOS\Source\CMSIS_RTOS\cmsis_os.c 0x00000000   Number         0  cmsis_os.o ABSOLUTE
    ..\Middlewares\Third_Party\FreeRTOS\Source\portable\RVDS\ARM_CM4F\port.c 0x00000000   Number         0  port.o ABSOLUTE
    ..\SEGGER\SEGGER_RTT.c                   0x00000000   Number         0  segger_rtt.o ABSOLUTE
    ..\SEGGER\SEGGER_SYSVIEW.c               0x00000000   Number         0  segger_sysview.o ABSOLUTE
    ..\SEGGER\SEGGER_SYSVIEW_Config_FreeRTOS.c 0x00000000   Number         0  segger_sysview_config_freertos.o ABSOLUTE
    ..\SEGGER\SEGGER_SYSVIEW_FreeRTOS.c      0x00000000   Number         0  segger_sysview_freertos.o ABSOLUTE
    ..\Src\freertos.c                        0x00000000   Number         0  freertos.o ABSOLUTE
    ..\Src\main.c                            0x00000000   Number         0  main.o ABSOLUTE
    ..\Src\stm32f4xx_hal_msp.c               0x00000000   Number         0  stm32f4xx_hal_msp.o ABSOLUTE
    ..\Src\stm32f4xx_it.c                    0x00000000   Number         0  stm32f4xx_it.o ABSOLUTE
    ..\Src\system_stm32f4xx.c                0x00000000   Number         0  system_stm32f4xx.o ABSOLUTE
    dc.s                                     0x00000000   Number         0  dc.o ABSOLUTE
    handlers.s                               0x00000000   Number         0  handlers.o ABSOLUTE
    init.s                                   0x00000000   Number         0  init.o ABSOLUTE
    startup_stm32f446xx.s                    0x00000000   Number         0  startup_stm32f446xx.o ABSOLUTE
    RESET                                    0x08000000   Section      452  startup_stm32f446xx.o(RESET)
    .ARM.Collect$$$$00000000                 0x080001c4   Section        0  entry.o(.ARM.Collect$$$$00000000)
    .ARM.Collect$$$$00000001                 0x080001c4   Section        4  entry2.o(.ARM.Collect$$$$00000001)
    .ARM.Collect$$$$00000004                 0x080001c8   Section        4  entry5.o(.ARM.Collect$$$$00000004)
    .ARM.Collect$$$$00000008                 0x080001cc   Section        0  entry7b.o(.ARM.Collect$$$$00000008)
    .ARM.Collect$$$$0000000A                 0x080001cc   Section        0  entry8b.o(.ARM.Collect$$$$0000000A)
    .ARM.Collect$$$$0000000B                 0x080001cc   Section        8  entry9a.o(.ARM.Collect$$$$0000000B)
    .ARM.Collect$$$$0000000D                 0x080001d4   Section        0  entry10a.o(.ARM.Collect$$$$0000000D)
    .ARM.Collect$$$$0000000F                 0x080001d4   Section        0  entry11a.o(.ARM.Collect$$$$0000000F)
    .ARM.Collect$$$$00002712                 0x080001d4   Section        4  entry2.o(.ARM.Collect$$$$00002712)
    __lit__00000000                          0x080001d4   Data           4  entry2.o(.ARM.Collect$$$$00002712)
    .emb_text                                0x080001d8   Section      190  port.o(.emb_text)
    $v0                                      0x080001d8   Number         0  port.o(.emb_text)
    .text                                    0x08000298   Section       36  startup_stm32f446xx.o(.text)
    $v0                                      0x08000298   Number         0  startup_stm32f446xx.o(.text)
    .text                                    0x080002bc   Section        0  uldiv.o(.text)
    .text                                    0x0800031e   Section        0  memcpya.o(.text)
    .text                                    0x08000342   Section        0  memseta.o(.text)
    .text                                    0x08000366   Section        0  memcmp.o(.text)
    .text                                    0x08000380   Section        0  strcpy.o(.text)
    .text                                    0x08000392   Section        0  llshl.o(.text)
    .text                                    0x080003b0   Section        0  llushr.o(.text)
    .text                                    0x080003d0   Section       36  init.o(.text)
    i.BusFault_Handler                       0x080003f4   Section        0  stm32f4xx_it.o(i.BusFault_Handler)
    i.DebugMon_Handler                       0x080003f8   Section        0  stm32f4xx_it.o(i.DebugMon_Handler)
    i.EXTI15_10_IRQHandler                   0x080003fa   Section        0  stm32f4xx_it.o(i.EXTI15_10_IRQHandler)
    i.Error_Handler                          0x08000406   Section        0  main.o(i.Error_Handler)
    i.HAL_Delay                              0x08000408   Section        0  stm32f4xx_hal.o(i.HAL_Delay)
    i.HAL_GPIO_EXTI_Callback                 0x08000430   Section        0  stm32f4xx_hal_gpio.o(i.HAL_GPIO_EXTI_Callback)
    i.HAL_GPIO_EXTI_IRQHandler               0x08000434   Section        0  stm32f4xx_hal_gpio.o(i.HAL_GPIO_EXTI_IRQHandler)
    i.HAL_GPIO_Init                          0x08000450   Section        0  stm32f4xx_hal_gpio.o(i.HAL_GPIO_Init)
    i.HAL_GPIO_TogglePin                     0x08000640   Section        0  stm32f4xx_hal_gpio.o(i.HAL_GPIO_TogglePin)
    i.HAL_GPIO_WritePin                      0x08000652   Section        0  stm32f4xx_hal_gpio.o(i.HAL_GPIO_WritePin)
    i.HAL_GetTick                            0x08000660   Section        0  stm32f4xx_hal.o(i.HAL_GetTick)
    i.HAL_IncTick                            0x0800066c   Section        0  stm32f4xx_hal.o(i.HAL_IncTick)
    i.HAL_Init                               0x08000684   Section        0  stm32f4xx_hal.o(i.HAL_Init)
    i.HAL_InitTick                           0x080006c0   Section        0  stm32f4xx_hal.o(i.HAL_InitTick)
    i.HAL_MspInit                            0x0800070c   Section        0  stm32f4xx_hal_msp.o(i.HAL_MspInit)
    i.HAL_NVIC_EnableIRQ                     0x08000760   Section        0  stm32f4xx_hal_cortex.o(i.HAL_NVIC_EnableIRQ)
    i.HAL_NVIC_SetPriority                   0x08000780   Section        0  stm32f4xx_hal_cortex.o(i.HAL_NVIC_SetPriority)
    i.HAL_NVIC_SetPriorityGrouping           0x080007fc   Section        0  stm32f4xx_hal_cortex.o(i.HAL_NVIC_SetPriorityGrouping)
    i.HAL_RCC_ClockConfig                    0x08000824   Section        0  stm32f4xx_hal_rcc.o(i.HAL_RCC_ClockConfig)
    i.HAL_RCC_DeInit                         0x080009a8   Section        0  stm32f4xx_hal_rcc_ex.o(i.HAL_RCC_DeInit)
    i.HAL_RCC_GetHCLKFreq                    0x08000b6c   Section        0  stm32f4xx_hal_rcc.o(i.HAL_RCC_GetHCLKFreq)
    i.HAL_RCC_GetPCLK1Freq                   0x08000b78   Section        0  stm32f4xx_hal_rcc.o(i.HAL_RCC_GetPCLK1Freq)
    i.HAL_RCC_GetPCLK2Freq                   0x08000b98   Section        0  stm32f4xx_hal_rcc.o(i.HAL_RCC_GetPCLK2Freq)
    i.HAL_RCC_GetSysClockFreq                0x08000bb8   Section        0  stm32f4xx_hal_rcc_ex.o(i.HAL_RCC_GetSysClockFreq)
    i.HAL_RCC_OscConfig                      0x08000cd0   Section        0  stm32f4xx_hal_rcc_ex.o(i.HAL_RCC_OscConfig)
    i.HAL_SYSTICK_Config                     0x08001150   Section        0  stm32f4xx_hal_cortex.o(i.HAL_SYSTICK_Config)
    i.HAL_UART_Init                          0x08001184   Section        0  stm32f4xx_hal_uart.o(i.HAL_UART_Init)
    i.HAL_UART_MspInit                       0x080011f8   Section        0  stm32f4xx_hal_msp.o(i.HAL_UART_MspInit)
    i.HardFault_Handler                      0x08001280   Section        0  stm32f4xx_it.o(i.HardFault_Handler)
    i.Led_task_1                             0x08001284   Section        0  main.o(i.Led_task_1)
    i.Led_task_2                             0x0800129c   Section        0  main.o(i.Led_task_2)
    i.MX_GPIO_Init                           0x080012b4   Section        0  main.o(i.MX_GPIO_Init)
    MX_GPIO_Init                             0x080012b5   Thumb Code   208  main.o(i.MX_GPIO_Init)
    i.MX_USART2_UART_Init                    0x08001394   Section        0  main.o(i.MX_USART2_UART_Init)
    MX_USART2_UART_Init                      0x08001395   Thumb Code    46  main.o(i.MX_USART2_UART_Init)
    i.MemManage_Handler                      0x080013cc   Section        0  stm32f4xx_it.o(i.MemManage_Handler)
    i.NMI_Handler                            0x080013d0   Section        0  stm32f4xx_it.o(i.NMI_Handler)
    i.SEGGER_RTT_ConfigDownBuffer            0x080013d4   Section        0  segger_rtt.o(i.SEGGER_RTT_ConfigDownBuffer)
    i.SEGGER_RTT_ConfigUpBuffer              0x0800147c   Section        0  segger_rtt.o(i.SEGGER_RTT_ConfigUpBuffer)
    i.SEGGER_RTT_ReadNoLock                  0x08001524   Section        0  segger_rtt.o(i.SEGGER_RTT_ReadNoLock)
    i.SEGGER_RTT_WriteSkipNoLock             0x080015bc   Section        0  segger_rtt.o(i.SEGGER_RTT_WriteSkipNoLock)
    i.SEGGER_SYSVIEW_Conf                    0x0800166c   Section        0  segger_sysview_config_freertos.o(i.SEGGER_SYSVIEW_Conf)
    i.SEGGER_SYSVIEW_GetSysDesc              0x08001694   Section        0  segger_sysview.o(i.SEGGER_SYSVIEW_GetSysDesc)
    i.SEGGER_SYSVIEW_Init                    0x08001750   Section        0  segger_sysview.o(i.SEGGER_SYSVIEW_Init)
    i.SEGGER_SYSVIEW_OnIdle                  0x080017b4   Section        0  segger_sysview.o(i.SEGGER_SYSVIEW_OnIdle)
    i.SEGGER_SYSVIEW_OnTaskCreate            0x080017e8   Section        0  segger_sysview.o(i.SEGGER_SYSVIEW_OnTaskCreate)
    i.SEGGER_SYSVIEW_OnTaskStartExec         0x0800184c   Section        0  segger_sysview.o(i.SEGGER_SYSVIEW_OnTaskStartExec)
    i.SEGGER_SYSVIEW_OnTaskStartReady        0x080018b0   Section        0  segger_sysview.o(i.SEGGER_SYSVIEW_OnTaskStartReady)
    i.SEGGER_SYSVIEW_RecordSystime           0x08001914   Section        0  segger_sysview.o(i.SEGGER_SYSVIEW_RecordSystime)
    i.SEGGER_SYSVIEW_RecordU32               0x08001950   Section        0  segger_sysview.o(i.SEGGER_SYSVIEW_RecordU32)
    i.SEGGER_SYSVIEW_RecordU32x2             0x080019ac   Section        0  segger_sysview.o(i.SEGGER_SYSVIEW_RecordU32x2)
    i.SEGGER_SYSVIEW_RecordVoid              0x08001a28   Section        0  segger_sysview.o(i.SEGGER_SYSVIEW_RecordVoid)
    i.SEGGER_SYSVIEW_SendModule              0x08001a60   Section        0  segger_sysview.o(i.SEGGER_SYSVIEW_SendModule)
    i.SEGGER_SYSVIEW_SendModuleDescription   0x08001b0c   Section        0  segger_sysview.o(i.SEGGER_SYSVIEW_SendModuleDescription)
    i.SEGGER_SYSVIEW_SendNumModules          0x08001b30   Section        0  segger_sysview.o(i.SEGGER_SYSVIEW_SendNumModules)
    i.SEGGER_SYSVIEW_SendSysDesc             0x08001b88   Section        0  segger_sysview.o(i.SEGGER_SYSVIEW_SendSysDesc)
    i.SEGGER_SYSVIEW_SendTaskInfo            0x08001bd0   Section        0  segger_sysview.o(i.SEGGER_SYSVIEW_SendTaskInfo)
    i.SEGGER_SYSVIEW_SendTaskList            0x08001ce0   Section        0  segger_sysview.o(i.SEGGER_SYSVIEW_SendTaskList)
    i.SEGGER_SYSVIEW_SetRAMBase              0x08001d00   Section        0  segger_sysview.o(i.SEGGER_SYSVIEW_SetRAMBase)
    i.SEGGER_SYSVIEW_Start                   0x08001d0c   Section        0  segger_sysview.o(i.SEGGER_SYSVIEW_Start)
    i.SEGGER_SYSVIEW_Stop                    0x08001e10   Section        0  segger_sysview.o(i.SEGGER_SYSVIEW_Stop)
    i.SEGGER_SYSVIEW_Warn                    0x08001e54   Section        0  segger_sysview.o(i.SEGGER_SYSVIEW_Warn)
    i.SYSVIEW_AddTask                        0x08001ed4   Section        0  segger_sysview_freertos.o(i.SYSVIEW_AddTask)
    i.SYSVIEW_SendTaskInfo                   0x08001f80   Section        0  segger_sysview_freertos.o(i.SYSVIEW_SendTaskInfo)
    i.StartDefaultTask                       0x08001fb2   Section        0  main.o(i.StartDefaultTask)
    i.SysTick_Handler                        0x08001fbc   Section        0  stm32f4xx_it.o(i.SysTick_Handler)
    i.SystemClock_Config                     0x08001fc8   Section        0  main.o(i.SystemClock_Config)
    i.SystemInit                             0x08002084   Section        0  system_stm32f4xx.o(i.SystemInit)
    i.UART_SetConfig                         0x080020a0   Section        0  stm32f4xx_hal_uart.o(i.UART_SetConfig)
    UART_SetConfig                           0x080020a1   Thumb Code   992  stm32f4xx_hal_uart.o(i.UART_SetConfig)
    i.UsageFault_Handler                     0x08002488   Section        0  stm32f4xx_it.o(i.UsageFault_Handler)
    i._DoInit                                0x0800248c   Section        0  segger_rtt.o(i._DoInit)
    _DoInit                                  0x0800248d   Thumb Code    74  segger_rtt.o(i._DoInit)
    i._EncodeStr                             0x080024fc   Section        0  segger_sysview.o(i._EncodeStr)
    _EncodeStr                               0x080024fd   Thumb Code    68  segger_sysview.o(i._EncodeStr)
    i._HandleIncomingPacket                  0x08002540   Section        0  segger_sysview.o(i._HandleIncomingPacket)
    _HandleIncomingPacket                    0x08002541   Thumb Code   152  segger_sysview.o(i._HandleIncomingPacket)
    i._PreparePacket                         0x080025d8   Section        0  segger_sysview.o(i._PreparePacket)
    _PreparePacket                           0x080025d9   Thumb Code     6  segger_sysview.o(i._PreparePacket)
    i._SendPacket                            0x080025e0   Section        0  segger_sysview.o(i._SendPacket)
    _SendPacket                              0x080025e1   Thumb Code   272  segger_sysview.o(i._SendPacket)
    i._TrySendOverflowPacket                 0x080026fc   Section        0  segger_sysview.o(i._TrySendOverflowPacket)
    _TrySendOverflowPacket                   0x080026fd   Thumb Code   124  segger_sysview.o(i._TrySendOverflowPacket)
    i.__NVIC_GetPriorityGrouping             0x08002780   Section        0  stm32f4xx_hal_cortex.o(i.__NVIC_GetPriorityGrouping)
    __NVIC_GetPriorityGrouping               0x08002781   Thumb Code    10  stm32f4xx_hal_cortex.o(i.__NVIC_GetPriorityGrouping)
    i.__NVIC_SetPriority                     0x08002790   Section        0  stm32f4xx_hal_cortex.o(i.__NVIC_SetPriority)
    __NVIC_SetPriority                       0x08002791   Thumb Code    32  stm32f4xx_hal_cortex.o(i.__NVIC_SetPriority)
    i.__scatterload_copy                     0x080027b8   Section       14  handlers.o(i.__scatterload_copy)
    i.__scatterload_null                     0x080027c6   Section        2  handlers.o(i.__scatterload_null)
    i.__scatterload_zeroinit                 0x080027c8   Section       14  handlers.o(i.__scatterload_zeroinit)
    i._cbGetTime                             0x080027d6   Section        0  segger_sysview_freertos.o(i._cbGetTime)
    _cbGetTime                               0x080027d7   Thumb Code    62  segger_sysview_freertos.o(i._cbGetTime)
    i._cbSendSystemDesc                      0x08002814   Section        0  segger_sysview_config_freertos.o(i._cbSendSystemDesc)
    _cbSendSystemDesc                        0x08002815   Thumb Code    16  segger_sysview_config_freertos.o(i._cbSendSystemDesc)
    i._cbSendTaskList                        0x08002838   Section        0  segger_sysview_freertos.o(i._cbSendTaskList)
    _cbSendTaskList                          0x08002839   Thumb Code    76  segger_sysview_freertos.o(i._cbSendTaskList)
    i.main                                   0x0800288c   Section        0  main.o(i.main)
    i.makeFreeRtosPriority                   0x0800291c   Section        0  cmsis_os.o(i.makeFreeRtosPriority)
    makeFreeRtosPriority                     0x0800291d   Thumb Code    14  cmsis_os.o(i.makeFreeRtosPriority)
    i.osDelay                                0x0800292a   Section        0  cmsis_os.o(i.osDelay)
    i.osKernelStart                          0x08002942   Section        0  cmsis_os.o(i.osKernelStart)
    i.osSystickHandler                       0x0800294c   Section        0  cmsis_os.o(i.osSystickHandler)
    i.osThreadCreate                         0x0800295c   Section        0  cmsis_os.o(i.osThreadCreate)
    i.prvAddCurrentTaskToDelayedList         0x080029bc   Section        0  tasks.o(i.prvAddCurrentTaskToDelayedList)
    prvAddCurrentTaskToDelayedList           0x080029bd   Thumb Code   124  tasks.o(i.prvAddCurrentTaskToDelayedList)
    i.prvAddNewTaskToReadyList               0x08002a54   Section        0  tasks.o(i.prvAddNewTaskToReadyList)
    prvAddNewTaskToReadyList                 0x08002a55   Thumb Code   186  tasks.o(i.prvAddNewTaskToReadyList)
    i.prvCheckTasksWaitingTermination        0x08002b2c   Section        0  tasks.o(i.prvCheckTasksWaitingTermination)
    prvCheckTasksWaitingTermination          0x08002b2d   Thumb Code    60  tasks.o(i.prvCheckTasksWaitingTermination)
    i.prvDeleteTCB                           0x08002b74   Section        0  tasks.o(i.prvDeleteTCB)
    prvDeleteTCB                             0x08002b75   Thumb Code    80  tasks.o(i.prvDeleteTCB)
    i.prvHeapInit                            0x08002bc4   Section        0  heap_4.o(i.prvHeapInit)
    prvHeapInit                              0x08002bc5   Thumb Code    98  heap_4.o(i.prvHeapInit)
    i.prvIdleTask                            0x08002c40   Section        0  tasks.o(i.prvIdleTask)
    prvIdleTask                              0x08002c41   Thumb Code    32  tasks.o(i.prvIdleTask)
    i.prvInitialiseNewTask                   0x08002c68   Section        0  tasks.o(i.prvInitialiseNewTask)
    prvInitialiseNewTask                     0x08002c69   Thumb Code   170  tasks.o(i.prvInitialiseNewTask)
    i.prvInitialiseTaskLists                 0x08002d14   Section        0  tasks.o(i.prvInitialiseTaskLists)
    prvInitialiseTaskLists                   0x08002d15   Thumb Code    70  tasks.o(i.prvInitialiseTaskLists)
    i.prvInsertBlockIntoFreeList             0x08002d7c   Section        0  heap_4.o(i.prvInsertBlockIntoFreeList)
    prvInsertBlockIntoFreeList               0x08002d7d   Thumb Code    96  heap_4.o(i.prvInsertBlockIntoFreeList)
    i.prvResetNextTaskUnblockTime            0x08002de4   Section        0  tasks.o(i.prvResetNextTaskUnblockTime)
    prvResetNextTaskUnblockTime              0x08002de5   Thumb Code    42  tasks.o(i.prvResetNextTaskUnblockTime)
    i.prvTaskExitError                       0x08002e18   Section        0  port.o(i.prvTaskExitError)
    prvTaskExitError                         0x08002e19   Thumb Code    60  port.o(i.prvTaskExitError)
    i.pvPortMalloc                           0x08002e58   Section        0  heap_4.o(i.pvPortMalloc)
    i.pxPortInitialiseStack                  0x08002f94   Section        0  port.o(i.pxPortInitialiseStack)
    i.uxListRemove                           0x08002fc0   Section        0  list.o(i.uxListRemove)
    i.vApplicationGetIdleTaskMemory          0x08002fe8   Section        0  freertos.o(i.vApplicationGetIdleTaskMemory)
    i.vListInitialise                        0x08003000   Section        0  list.o(i.vListInitialise)
    i.vListInitialiseItem                    0x0800301a   Section        0  list.o(i.vListInitialiseItem)
    i.vListInsert                            0x08003020   Section        0  list.o(i.vListInsert)
    i.vListInsertEnd                         0x08003054   Section        0  list.o(i.vListInsertEnd)
    i.vPortEnterCritical                     0x0800306c   Section        0  port.o(i.vPortEnterCritical)
    i.vPortExitCritical                      0x080030c0   Section        0  port.o(i.vPortExitCritical)
    i.vPortFree                              0x080030fc   Section        0  heap_4.o(i.vPortFree)
    i.vPortSetupTimerInterrupt               0x08003190   Section        0  port.o(i.vPortSetupTimerInterrupt)
    i.vPortValidateInterruptPriority         0x080031b8   Section        0  port.o(i.vPortValidateInterruptPriority)
    i.vTaskDelay                             0x08003230   Section        0  tasks.o(i.vTaskDelay)
    i.vTaskStartScheduler                    0x08003294   Section        0  tasks.o(i.vTaskStartScheduler)
    i.vTaskSuspendAll                        0x08003344   Section        0  tasks.o(i.vTaskSuspendAll)
    i.vTaskSwitchContext                     0x08003354   Section        0  tasks.o(i.vTaskSwitchContext)
    i.xPortStartScheduler                    0x08003404   Section        0  port.o(i.xPortStartScheduler)
    i.xPortSysTickHandler                    0x0800356c   Section        0  port.o(i.xPortSysTickHandler)
    i.xTaskCreate                            0x080035a0   Section        0  tasks.o(i.xTaskCreate)
    i.xTaskCreateStatic                      0x08003604   Section        0  tasks.o(i.xTaskCreateStatic)
    i.xTaskGetSchedulerState                 0x080036bc   Section        0  tasks.o(i.xTaskGetSchedulerState)
    i.xTaskGetTickCountFromISR               0x080036dc   Section        0  tasks.o(i.xTaskGetTickCountFromISR)
    i.xTaskIncrementTick                     0x080036f0   Section        0  tasks.o(i.xTaskIncrementTick)
    i.xTaskResumeAll                         0x0800383c   Section        0  tasks.o(i.xTaskResumeAll)
    .constdata                               0x08003948   Section       28  main.o(.constdata)
    .constdata                               0x08003964   Section       24  system_stm32f4xx.o(.constdata)
    .constdata                               0x0800397c   Section       26  segger_sysview.o(.constdata)
    _abSync                                  0x0800397c   Data          10  segger_sysview.o(.constdata)
    _aV2C                                    0x08003986   Data          16  segger_sysview.o(.constdata)
    .constdata                               0x08003998   Section        8  segger_sysview_freertos.o(.constdata)
    .conststring                             0x080039a0   Section       12  main.o(.conststring)
    .conststring                             0x080039ac   Section       67  segger_sysview_config_freertos.o(.conststring)
    .conststring                             0x080039f0   Section       80  segger_sysview_freertos.o(.conststring)
    .data                                    0x20000000   Section       20  main.o(.data)
    .data                                    0x20000014   Section        9  stm32f4xx_hal.o(.data)
    .data                                    0x20000020   Section        4  system_stm32f4xx.o(.data)
    .data                                    0x20000024   Section       60  tasks.o(.data)
    pxDelayedTaskList                        0x20000028   Data           4  tasks.o(.data)
    pxOverflowDelayedTaskList                0x2000002c   Data           4  tasks.o(.data)
    uxDeletedTasksWaitingCleanUp             0x20000030   Data           4  tasks.o(.data)
    uxCurrentNumberOfTasks                   0x20000034   Data           4  tasks.o(.data)
    xTickCount                               0x20000038   Data           4  tasks.o(.data)
    uxTopReadyPriority                       0x2000003c   Data           4  tasks.o(.data)
    xSchedulerRunning                        0x20000040   Data           4  tasks.o(.data)
    uxPendedTicks                            0x20000044   Data           4  tasks.o(.data)
    xYieldPending                            0x20000048   Data           4  tasks.o(.data)
    xNumOfOverflows                          0x2000004c   Data           4  tasks.o(.data)
    uxTaskNumber                             0x20000050   Data           4  tasks.o(.data)
    xNextTaskUnblockTime                     0x20000054   Data           4  tasks.o(.data)
    xIdleTaskHandle                          0x20000058   Data           4  tasks.o(.data)
    uxSchedulerSuspended                     0x2000005c   Data           4  tasks.o(.data)
    .data                                    0x20000060   Section       24  heap_4.o(.data)
    xStart                                   0x20000060   Data           8  heap_4.o(.data)
    pxEnd                                    0x20000068   Data           4  heap_4.o(.data)
    xFreeBytesRemaining                      0x2000006c   Data           4  heap_4.o(.data)
    xMinimumEverFreeBytesRemaining           0x20000070   Data           4  heap_4.o(.data)
    xBlockAllocatedBit                       0x20000074   Data           4  heap_4.o(.data)
    .data                                    0x20000078   Section       12  port.o(.data)
    uxCriticalNesting                        0x20000078   Data           4  port.o(.data)
    ucMaxSysCallPriority                     0x2000007c   Data           1  port.o(.data)
    ulMaxPRIGROUPValue                       0x20000080   Data           4  port.o(.data)
    .data                                    0x20000084   Section       13  segger_sysview.o(.data)
    _DownBuffer                              0x20000084   Data           8  segger_sysview.o(.data)
    _pFirstModule                            0x2000008c   Data           4  segger_sysview.o(.data)
    _NumModules                              0x20000090   Data           1  segger_sysview.o(.data)
    .data                                    0x20000094   Section        4  segger_sysview_freertos.o(.data)
    _NumTasks                                0x20000094   Data           4  segger_sysview_freertos.o(.data)
    .bss                                     0x20000098   Section       64  main.o(.bss)
    .bss                                     0x200000d8   Section      596  freertos.o(.bss)
    xIdleTaskTCBBuffer                       0x200000d8   Data          84  freertos.o(.bss)
    xIdleStack                               0x2000012c   Data         512  freertos.o(.bss)
    .bss                                     0x2000032c   Section      240  tasks.o(.bss)
    pxReadyTasksLists                        0x2000032c   Data         140  tasks.o(.bss)
    xDelayedTaskList1                        0x200003b8   Data          20  tasks.o(.bss)
    xDelayedTaskList2                        0x200003cc   Data          20  tasks.o(.bss)
    xPendingReadyList                        0x200003e0   Data          20  tasks.o(.bss)
    xTasksWaitingTermination                 0x200003f4   Data          20  tasks.o(.bss)
    xSuspendedTaskList                       0x20000408   Data          20  tasks.o(.bss)
    .bss                                     0x2000041c   Section    15360  heap_4.o(.bss)
    ucHeap                                   0x2000041c   Data       15360  heap_4.o(.bss)
    .bss                                     0x2000401c   Section     1208  segger_rtt.o(.bss)
    _acUpBuffer                              0x200040c4   Data        1024  segger_rtt.o(.bss)
    _acDownBuffer                            0x200044c4   Data          16  segger_rtt.o(.bss)
    .bss                                     0x200044d4   Section    16651  segger_sysview.o(.bss)
    _UpBuffer                                0x200044d4   Data       16384  segger_sysview.o(.bss)
    _SYSVIEW_Globals                         0x200084d4   Data          40  segger_sysview.o(.bss)
    _aPacket                                 0x200084fc   Data         227  segger_sysview.o(.bss)
    .bss                                     0x200085e0   Section      160  segger_sysview_freertos.o(.bss)
    _aTasks                                  0x200085e0   Data         160  segger_sysview_freertos.o(.bss)
    STACK                                    0x20008680   Section     1024  startup_stm32f446xx.o(STACK)

    Global Symbols

    Symbol Name                              Value     Ov Type        Size  Object(Section)

    BuildAttributes$$THM_ISAv4$E$P$D$K$B$S$7EM$VFPi3$EXTD16$VFPS$VFMA$PE$A:L22UL41UL21$X:L11$S22US41US21$IEEE1$IW$USESV6$~STKCKD$USESV7$~SHL$OSPACE$EBA8$MICROLIB$REQ8$PRES8$EABIv2 0x00000000   Number         0  anon$$obj.o ABSOLUTE
    __ARM_use_no_argv                        0x00000000   Number         0  main.o ABSOLUTE
    __cpp_initialize__aeabi_                  - Undefined Weak Reference
    __cxa_finalize                            - Undefined Weak Reference
    __decompress                              - Undefined Weak Reference
    _clock_init                               - Undefined Weak Reference
    _microlib_exit                            - Undefined Weak Reference
    __Vectors_Size                           0x000001c4   Number         0  startup_stm32f446xx.o ABSOLUTE
    __Vectors                                0x08000000   Data           4  startup_stm32f446xx.o(RESET)
    __Vectors_End                            0x080001c4   Data           0  startup_stm32f446xx.o(RESET)
    __main                                   0x080001c5   Thumb Code     0  entry.o(.ARM.Collect$$$$00000000)
    _main_stk                                0x080001c5   Thumb Code     0  entry2.o(.ARM.Collect$$$$00000001)
    _main_scatterload                        0x080001c9   Thumb Code     0  entry5.o(.ARM.Collect$$$$00000004)
    __main_after_scatterload                 0x080001cd   Thumb Code     0  entry5.o(.ARM.Collect$$$$00000004)
    _main_clock                              0x080001cd   Thumb Code     0  entry7b.o(.ARM.Collect$$$$00000008)
    _main_cpp_init                           0x080001cd   Thumb Code     0  entry8b.o(.ARM.Collect$$$$0000000A)
    _main_init                               0x080001cd   Thumb Code     0  entry9a.o(.ARM.Collect$$$$0000000B)
    __rt_final_cpp                           0x080001d5   Thumb Code     0  entry10a.o(.ARM.Collect$$$$0000000D)
    __rt_final_exit                          0x080001d5   Thumb Code     0  entry11a.o(.ARM.Collect$$$$0000000F)
    SVC_Handler                              0x080001d9   Thumb Code    28  port.o(.emb_text)
    __asm___6_port_c_39a90d8d__prvStartFirstTask 0x080001f9   Thumb Code    36  port.o(.emb_text)
    __asm___6_port_c_39a90d8d__prvEnableVFP  0x08000221   Thumb Code    16  port.o(.emb_text)
    PendSV_Handler                           0x08000235   Thumb Code    88  port.o(.emb_text)
    vPortGetIPSR                             0x08000291   Thumb Code     6  port.o(.emb_text)
    Reset_Handler                            0x08000299   Thumb Code     8  startup_stm32f446xx.o(.text)
    ADC_IRQHandler                           0x080002b3   Thumb Code     0  startup_stm32f446xx.o(.text)
    CAN1_RX0_IRQHandler                      0x080002b3   Thumb Code     0  startup_stm32f446xx.o(.text)
    CAN1_RX1_IRQHandler                      0x080002b3   Thumb Code     0  startup_stm32f446xx.o(.text)
    CAN1_SCE_IRQHandler                      0x080002b3   Thumb Code     0  startup_stm32f446xx.o(.text)
    CAN1_TX_IRQHandler                       0x080002b3   Thumb Code     0  startup_stm32f446xx.o(.text)
    CAN2_RX0_IRQHandler                      0x080002b3   Thumb Code     0  startup_stm32f446xx.o(.text)
    CAN2_RX1_IRQHandler                      0x080002b3   Thumb Code     0  startup_stm32f446xx.o(.text)
    CAN2_SCE_IRQHandler                      0x080002b3   Thumb Code     0  startup_stm32f446xx.o(.text)
    CAN2_TX_IRQHandler                       0x080002b3   Thumb Code     0  startup_stm32f446xx.o(.text)
    CEC_IRQHandler                           0x080002b3   Thumb Code     0  startup_stm32f446xx.o(.text)
    DCMI_IRQHandler                          0x080002b3   Thumb Code     0  startup_stm32f446xx.o(.text)
    DMA1_Stream0_IRQHandler                  0x080002b3   Thumb Code     0  startup_stm32f446xx.o(.text)
    DMA1_Stream1_IRQHandler                  0x080002b3   Thumb Code     0  startup_stm32f446xx.o(.text)
    DMA1_Stream2_IRQHandler                  0x080002b3   Thumb Code     0  startup_stm32f446xx.o(.text)
    DMA1_Stream3_IRQHandler                  0x080002b3   Thumb Code     0  startup_stm32f446xx.o(.text)
    DMA1_Stream4_IRQHandler                  0x080002b3   Thumb Code     0  startup_stm32f446xx.o(.text)
    DMA1_Stream5_IRQHandler                  0x080002b3   Thumb Code     0  startup_stm32f446xx.o(.text)
    DMA1_Stream6_IRQHandler                  0x080002b3   Thumb Code     0  startup_stm32f446xx.o(.text)
    DMA1_Stream7_IRQHandler                  0x080002b3   Thumb Code     0  startup_stm32f446xx.o(.text)
    DMA2_Stream0_IRQHandler                  0x080002b3   Thumb Code     0  startup_stm32f446xx.o(.text)
    DMA2_Stream1_IRQHandler                  0x080002b3   Thumb Code     0  startup_stm32f446xx.o(.text)
    DMA2_Stream2_IRQHandler                  0x080002b3   Thumb Code     0  startup_stm32f446xx.o(.text)
    DMA2_Stream3_IRQHandler                  0x080002b3   Thumb Code     0  startup_stm32f446xx.o(.text)
    DMA2_Stream4_IRQHandler                  0x080002b3   Thumb Code     0  startup_stm32f446xx.o(.text)
    DMA2_Stream5_IRQHandler                  0x080002b3   Thumb Code     0  startup_stm32f446xx.o(.text)
    DMA2_Stream6_IRQHandler                  0x080002b3   Thumb Code     0  startup_stm32f446xx.o(.text)
    DMA2_Stream7_IRQHandler                  0x080002b3   Thumb Code     0  startup_stm32f446xx.o(.text)
    EXTI0_IRQHandler                         0x080002b3   Thumb Code     0  startup_stm32f446xx.o(.text)
    EXTI1_IRQHandler                         0x080002b3   Thumb Code     0  startup_stm32f446xx.o(.text)
    EXTI2_IRQHandler                         0x080002b3   Thumb Code     0  startup_stm32f446xx.o(.text)
    EXTI3_IRQHandler                         0x080002b3   Thumb Code     0  startup_stm32f446xx.o(.text)
    EXTI4_IRQHandler                         0x080002b3   Thumb Code     0  startup_stm32f446xx.o(.text)
    EXTI9_5_IRQHandler                       0x080002b3   Thumb Code     0  startup_stm32f446xx.o(.text)
    FLASH_IRQHandler                         0x080002b3   Thumb Code     0  startup_stm32f446xx.o(.text)
    FMC_IRQHandler                           0x080002b3   Thumb Code     0  startup_stm32f446xx.o(.text)
    FMPI2C1_ER_IRQHandler                    0x080002b3   Thumb Code     0  startup_stm32f446xx.o(.text)
    FMPI2C1_EV_IRQHandler                    0x080002b3   Thumb Code     0  startup_stm32f446xx.o(.text)
    FPU_IRQHandler                           0x080002b3   Thumb Code     0  startup_stm32f446xx.o(.text)
    I2C1_ER_IRQHandler                       0x080002b3   Thumb Code     0  startup_stm32f446xx.o(.text)
    I2C1_EV_IRQHandler                       0x080002b3   Thumb Code     0  startup_stm32f446xx.o(.text)
    I2C2_ER_IRQHandler                       0x080002b3   Thumb Code     0  startup_stm32f446xx.o(.text)
    I2C2_EV_IRQHandler                       0x080002b3   Thumb Code     0  startup_stm32f446xx.o(.text)
    I2C3_ER_IRQHandler                       0x080002b3   Thumb Code     0  startup_stm32f446xx.o(.text)
    I2C3_EV_IRQHandler                       0x080002b3   Thumb Code     0  startup_stm32f446xx.o(.text)
    OTG_FS_IRQHandler                        0x080002b3   Thumb Code     0  startup_stm32f446xx.o(.text)
    OTG_FS_WKUP_IRQHandler                   0x080002b3   Thumb Code     0  startup_stm32f446xx.o(.text)
    OTG_HS_EP1_IN_IRQHandler                 0x080002b3   Thumb Code     0  startup_stm32f446xx.o(.text)
    OTG_HS_EP1_OUT_IRQHandler                0x080002b3   Thumb Code     0  startup_stm32f446xx.o(.text)
    OTG_HS_IRQHandler                        0x080002b3   Thumb Code     0  startup_stm32f446xx.o(.text)
    OTG_HS_WKUP_IRQHandler                   0x080002b3   Thumb Code     0  startup_stm32f446xx.o(.text)
    PVD_IRQHandler                           0x080002b3   Thumb Code     0  startup_stm32f446xx.o(.text)
    QUADSPI_IRQHandler                       0x080002b3   Thumb Code     0  startup_stm32f446xx.o(.text)
    RCC_IRQHandler                           0x080002b3   Thumb Code     0  startup_stm32f446xx.o(.text)
    RTC_Alarm_IRQHandler                     0x080002b3   Thumb Code     0  startup_stm32f446xx.o(.text)
    RTC_WKUP_IRQHandler                      0x080002b3   Thumb Code     0  startup_stm32f446xx.o(.text)
    SAI1_IRQHandler                          0x080002b3   Thumb Code     0  startup_stm32f446xx.o(.text)
    SAI2_IRQHandler                          0x080002b3   Thumb Code     0  startup_stm32f446xx.o(.text)
    SDIO_IRQHandler                          0x080002b3   Thumb Code     0  startup_stm32f446xx.o(.text)
    SPDIF_RX_IRQHandler                      0x080002b3   Thumb Code     0  startup_stm32f446xx.o(.text)
    SPI1_IRQHandler                          0x080002b3   Thumb Code     0  startup_stm32f446xx.o(.text)
    SPI2_IRQHandler                          0x080002b3   Thumb Code     0  startup_stm32f446xx.o(.text)
    SPI3_IRQHandler                          0x080002b3   Thumb Code     0  startup_stm32f446xx.o(.text)
    SPI4_IRQHandler                          0x080002b3   Thumb Code     0  startup_stm32f446xx.o(.text)
    TAMP_STAMP_IRQHandler                    0x080002b3   Thumb Code     0  startup_stm32f446xx.o(.text)
    TIM1_BRK_TIM9_IRQHandler                 0x080002b3   Thumb Code     0  startup_stm32f446xx.o(.text)
    TIM1_CC_IRQHandler                       0x080002b3   Thumb Code     0  startup_stm32f446xx.o(.text)
    TIM1_TRG_COM_TIM11_IRQHandler            0x080002b3   Thumb Code     0  startup_stm32f446xx.o(.text)
    TIM1_UP_TIM10_IRQHandler                 0x080002b3   Thumb Code     0  startup_stm32f446xx.o(.text)
    TIM2_IRQHandler                          0x080002b3   Thumb Code     0  startup_stm32f446xx.o(.text)
    TIM3_IRQHandler                          0x080002b3   Thumb Code     0  startup_stm32f446xx.o(.text)
    TIM4_IRQHandler                          0x080002b3   Thumb Code     0  startup_stm32f446xx.o(.text)
    TIM5_IRQHandler                          0x080002b3   Thumb Code     0  startup_stm32f446xx.o(.text)
    TIM6_DAC_IRQHandler                      0x080002b3   Thumb Code     0  startup_stm32f446xx.o(.text)
    TIM7_IRQHandler                          0x080002b3   Thumb Code     0  startup_stm32f446xx.o(.text)
    TIM8_BRK_TIM12_IRQHandler                0x080002b3   Thumb Code     0  startup_stm32f446xx.o(.text)
    TIM8_CC_IRQHandler                       0x080002b3   Thumb Code     0  startup_stm32f446xx.o(.text)
    TIM8_TRG_COM_TIM14_IRQHandler            0x080002b3   Thumb Code     0  startup_stm32f446xx.o(.text)
    TIM8_UP_TIM13_IRQHandler                 0x080002b3   Thumb Code     0  startup_stm32f446xx.o(.text)
    UART4_IRQHandler                         0x080002b3   Thumb Code     0  startup_stm32f446xx.o(.text)
    UART5_IRQHandler                         0x080002b3   Thumb Code     0  startup_stm32f446xx.o(.text)
    USART1_IRQHandler                        0x080002b3   Thumb Code     0  startup_stm32f446xx.o(.text)
    USART2_IRQHandler                        0x080002b3   Thumb Code     0  startup_stm32f446xx.o(.text)
    USART3_IRQHandler                        0x080002b3   Thumb Code     0  startup_stm32f446xx.o(.text)
    USART6_IRQHandler                        0x080002b3   Thumb Code     0  startup_stm32f446xx.o(.text)
    WWDG_IRQHandler                          0x080002b3   Thumb Code     0  startup_stm32f446xx.o(.text)
    __aeabi_uldivmod                         0x080002bd   Thumb Code    98  uldiv.o(.text)
    __aeabi_memcpy                           0x0800031f   Thumb Code    36  memcpya.o(.text)
    __aeabi_memcpy4                          0x0800031f   Thumb Code     0  memcpya.o(.text)
    __aeabi_memcpy8                          0x0800031f   Thumb Code     0  memcpya.o(.text)
    __aeabi_memset                           0x08000343   Thumb Code    14  memseta.o(.text)
    __aeabi_memset4                          0x08000343   Thumb Code     0  memseta.o(.text)
    __aeabi_memset8                          0x08000343   Thumb Code     0  memseta.o(.text)
    __aeabi_memclr                           0x08000351   Thumb Code     4  memseta.o(.text)
    __aeabi_memclr4                          0x08000351   Thumb Code     0  memseta.o(.text)
    __aeabi_memclr8                          0x08000351   Thumb Code     0  memseta.o(.text)
    memset                                   0x08000355   Thumb Code    18  memseta.o(.text)
    memcmp                                   0x08000367   Thumb Code    26  memcmp.o(.text)
    strcpy                                   0x08000381   Thumb Code    18  strcpy.o(.text)
    __aeabi_llsl                             0x08000393   Thumb Code    30  llshl.o(.text)
    _ll_shift_l                              0x08000393   Thumb Code     0  llshl.o(.text)
    __aeabi_llsr                             0x080003b1   Thumb Code    32  llushr.o(.text)
    _ll_ushift_r                             0x080003b1   Thumb Code     0  llushr.o(.text)
    __scatterload                            0x080003d1   Thumb Code    28  init.o(.text)
    __scatterload_rt2                        0x080003d1   Thumb Code     0  init.o(.text)
    BusFault_Handler                         0x080003f5   Thumb Code     4  stm32f4xx_it.o(i.BusFault_Handler)
    DebugMon_Handler                         0x080003f9   Thumb Code     2  stm32f4xx_it.o(i.DebugMon_Handler)
    EXTI15_10_IRQHandler                     0x080003fb   Thumb Code    12  stm32f4xx_it.o(i.EXTI15_10_IRQHandler)
    Error_Handler                            0x08000407   Thumb Code     2  main.o(i.Error_Handler)
    HAL_Delay                                0x08000409   Thumb Code    36  stm32f4xx_hal.o(i.HAL_Delay)
    HAL_GPIO_EXTI_Callback                   0x08000431   Thumb Code     2  stm32f4xx_hal_gpio.o(i.HAL_GPIO_EXTI_Callback)
    HAL_GPIO_EXTI_IRQHandler                 0x08000435   Thumb Code    24  stm32f4xx_hal_gpio.o(i.HAL_GPIO_EXTI_IRQHandler)
    HAL_GPIO_Init                            0x08000451   Thumb Code   456  stm32f4xx_hal_gpio.o(i.HAL_GPIO_Init)
    HAL_GPIO_TogglePin                       0x08000641   Thumb Code    18  stm32f4xx_hal_gpio.o(i.HAL_GPIO_TogglePin)
    HAL_GPIO_WritePin                        0x08000653   Thumb Code    12  stm32f4xx_hal_gpio.o(i.HAL_GPIO_WritePin)
    HAL_GetTick                              0x08000661   Thumb Code     6  stm32f4xx_hal.o(i.HAL_GetTick)
    HAL_IncTick                              0x0800066d   Thumb Code    16  stm32f4xx_hal.o(i.HAL_IncTick)
    HAL_Init                                 0x08000685   Thumb Code    54  stm32f4xx_hal.o(i.HAL_Init)
    HAL_InitTick                             0x080006c1   Thumb Code    64  stm32f4xx_hal.o(i.HAL_InitTick)
    HAL_MspInit                              0x0800070d   Thumb Code    78  stm32f4xx_hal_msp.o(i.HAL_MspInit)
    HAL_NVIC_EnableIRQ                       0x08000761   Thumb Code    32  stm32f4xx_hal_cortex.o(i.HAL_NVIC_EnableIRQ)
    HAL_NVIC_SetPriority                     0x08000781   Thumb Code   124  stm32f4xx_hal_cortex.o(i.HAL_NVIC_SetPriority)
    HAL_NVIC_SetPriorityGrouping             0x080007fd   Thumb Code    32  stm32f4xx_hal_cortex.o(i.HAL_NVIC_SetPriorityGrouping)
    HAL_RCC_ClockConfig                      0x08000825   Thumb Code   368  stm32f4xx_hal_rcc.o(i.HAL_RCC_ClockConfig)
    HAL_RCC_DeInit                           0x080009a9   Thumb Code   428  stm32f4xx_hal_rcc_ex.o(i.HAL_RCC_DeInit)
    HAL_RCC_GetHCLKFreq                      0x08000b6d   Thumb Code     6  stm32f4xx_hal_rcc.o(i.HAL_RCC_GetHCLKFreq)
    HAL_RCC_GetPCLK1Freq                     0x08000b79   Thumb Code    22  stm32f4xx_hal_rcc.o(i.HAL_RCC_GetPCLK1Freq)
    HAL_RCC_GetPCLK2Freq                     0x08000b99   Thumb Code    22  stm32f4xx_hal_rcc.o(i.HAL_RCC_GetPCLK2Freq)
    HAL_RCC_GetSysClockFreq                  0x08000bb9   Thumb Code   266  stm32f4xx_hal_rcc_ex.o(i.HAL_RCC_GetSysClockFreq)
    HAL_RCC_OscConfig                        0x08000cd1   Thumb Code  1142  stm32f4xx_hal_rcc_ex.o(i.HAL_RCC_OscConfig)
    HAL_SYSTICK_Config                       0x08001151   Thumb Code    52  stm32f4xx_hal_cortex.o(i.HAL_SYSTICK_Config)
    HAL_UART_Init                            0x08001185   Thumb Code   114  stm32f4xx_hal_uart.o(i.HAL_UART_Init)
    HAL_UART_MspInit                         0x080011f9   Thumb Code   122  stm32f4xx_hal_msp.o(i.HAL_UART_MspInit)
    HardFault_Handler                        0x08001281   Thumb Code     4  stm32f4xx_it.o(i.HardFault_Handler)
    Led_task_1                               0x08001285   Thumb Code    20  main.o(i.Led_task_1)
    Led_task_2                               0x0800129d   Thumb Code    20  main.o(i.Led_task_2)
    MemManage_Handler                        0x080013cd   Thumb Code     4  stm32f4xx_it.o(i.MemManage_Handler)
    NMI_Handler                              0x080013d1   Thumb Code     2  stm32f4xx_it.o(i.NMI_Handler)
    SEGGER_RTT_ConfigDownBuffer              0x080013d5   Thumb Code   164  segger_rtt.o(i.SEGGER_RTT_ConfigDownBuffer)
    SEGGER_RTT_ConfigUpBuffer                0x0800147d   Thumb Code   164  segger_rtt.o(i.SEGGER_RTT_ConfigUpBuffer)
    SEGGER_RTT_ReadNoLock                    0x08001525   Thumb Code   148  segger_rtt.o(i.SEGGER_RTT_ReadNoLock)
    SEGGER_RTT_WriteSkipNoLock               0x080015bd   Thumb Code   172  segger_rtt.o(i.SEGGER_RTT_WriteSkipNoLock)
    SEGGER_SYSVIEW_Conf                      0x0800166d   Thumb Code    26  segger_sysview_config_freertos.o(i.SEGGER_SYSVIEW_Conf)
    SEGGER_SYSVIEW_GetSysDesc                0x08001695   Thumb Code   180  segger_sysview.o(i.SEGGER_SYSVIEW_GetSysDesc)
    SEGGER_SYSVIEW_Init                      0x08001751   Thumb Code    74  segger_sysview.o(i.SEGGER_SYSVIEW_Init)
    SEGGER_SYSVIEW_OnIdle                    0x080017b5   Thumb Code    48  segger_sysview.o(i.SEGGER_SYSVIEW_OnIdle)
    SEGGER_SYSVIEW_OnTaskCreate              0x080017e9   Thumb Code    92  segger_sysview.o(i.SEGGER_SYSVIEW_OnTaskCreate)
    SEGGER_SYSVIEW_OnTaskStartExec           0x0800184d   Thumb Code    92  segger_sysview.o(i.SEGGER_SYSVIEW_OnTaskStartExec)
    SEGGER_SYSVIEW_OnTaskStartReady          0x080018b1   Thumb Code    92  segger_sysview.o(i.SEGGER_SYSVIEW_OnTaskStartReady)
    SEGGER_SYSVIEW_RecordSystime             0x08001915   Thumb Code    52  segger_sysview.o(i.SEGGER_SYSVIEW_RecordSystime)
    SEGGER_SYSVIEW_RecordU32                 0x08001951   Thumb Code    88  segger_sysview.o(i.SEGGER_SYSVIEW_RecordU32)
    SEGGER_SYSVIEW_RecordU32x2               0x080019ad   Thumb Code   118  segger_sysview.o(i.SEGGER_SYSVIEW_RecordU32x2)
    SEGGER_SYSVIEW_RecordVoid                0x08001a29   Thumb Code    50  segger_sysview.o(i.SEGGER_SYSVIEW_RecordVoid)
    SEGGER_SYSVIEW_SendModule                0x08001a61   Thumb Code   162  segger_sysview.o(i.SEGGER_SYSVIEW_SendModule)
    SEGGER_SYSVIEW_SendModuleDescription     0x08001b0d   Thumb Code    30  segger_sysview.o(i.SEGGER_SYSVIEW_SendModuleDescription)
    SEGGER_SYSVIEW_SendNumModules            0x08001b31   Thumb Code    80  segger_sysview.o(i.SEGGER_SYSVIEW_SendNumModules)
    SEGGER_SYSVIEW_SendSysDesc               0x08001b89   Thumb Code    66  segger_sysview.o(i.SEGGER_SYSVIEW_SendSysDesc)
    SEGGER_SYSVIEW_SendTaskInfo              0x08001bd1   Thumb Code   264  segger_sysview.o(i.SEGGER_SYSVIEW_SendTaskInfo)
    SEGGER_SYSVIEW_SendTaskList              0x08001ce1   Thumb Code    26  segger_sysview.o(i.SEGGER_SYSVIEW_SendTaskList)
    SEGGER_SYSVIEW_SetRAMBase                0x08001d01   Thumb Code     6  segger_sysview.o(i.SEGGER_SYSVIEW_SetRAMBase)
    SEGGER_SYSVIEW_Start                     0x08001d0d   Thumb Code   248  segger_sysview.o(i.SEGGER_SYSVIEW_Start)
    SEGGER_SYSVIEW_Stop                      0x08001e11   Thumb Code    60  segger_sysview.o(i.SEGGER_SYSVIEW_Stop)
    SEGGER_SYSVIEW_Warn                      0x08001e55   Thumb Code   122  segger_sysview.o(i.SEGGER_SYSVIEW_Warn)
    SYSVIEW_AddTask                          0x08001ed5   Thumb Code   150  segger_sysview_freertos.o(i.SYSVIEW_AddTask)
    SYSVIEW_SendTaskInfo                     0x08001f81   Thumb Code    50  segger_sysview_freertos.o(i.SYSVIEW_SendTaskInfo)
    StartDefaultTask                         0x08001fb3   Thumb Code    10  main.o(i.StartDefaultTask)
    SysTick_Handler                          0x08001fbd   Thumb Code    12  stm32f4xx_it.o(i.SysTick_Handler)
    SystemClock_Config                       0x08001fc9   Thumb Code   180  main.o(i.SystemClock_Config)
    SystemInit                               0x08002085   Thumb Code    24  system_stm32f4xx.o(i.SystemInit)
    UsageFault_Handler                       0x08002489   Thumb Code     4  stm32f4xx_it.o(i.UsageFault_Handler)
    __scatterload_copy                       0x080027b9   Thumb Code    14  handlers.o(i.__scatterload_copy)
    __scatterload_null                       0x080027c7   Thumb Code     2  handlers.o(i.__scatterload_null)
    __scatterload_zeroinit                   0x080027c9   Thumb Code    14  handlers.o(i.__scatterload_zeroinit)
    main                                     0x0800288d   Thumb Code   108  main.o(i.main)
    osDelay                                  0x0800292b   Thumb Code    24  cmsis_os.o(i.osDelay)
    osKernelStart                            0x08002943   Thumb Code    10  cmsis_os.o(i.osKernelStart)
    osSystickHandler                         0x0800294d   Thumb Code    16  cmsis_os.o(i.osSystickHandler)
    osThreadCreate                           0x0800295d   Thumb Code    94  cmsis_os.o(i.osThreadCreate)
    pvPortMalloc                             0x08002e59   Thumb Code   296  heap_4.o(i.pvPortMalloc)
    pxPortInitialiseStack                    0x08002f95   Thumb Code    38  port.o(i.pxPortInitialiseStack)
    uxListRemove                             0x08002fc1   Thumb Code    40  list.o(i.uxListRemove)
    vApplicationGetIdleTaskMemory            0x08002fe9   Thumb Code    14  freertos.o(i.vApplicationGetIdleTaskMemory)
    vListInitialise                          0x08003001   Thumb Code    26  list.o(i.vListInitialise)
    vListInitialiseItem                      0x0800301b   Thumb Code     6  list.o(i.vListInitialiseItem)
    vListInsert                              0x08003021   Thumb Code    52  list.o(i.vListInsert)
    vListInsertEnd                           0x08003055   Thumb Code    24  list.o(i.vListInsertEnd)
    vPortEnterCritical                       0x0800306d   Thumb Code    76  port.o(i.vPortEnterCritical)
    vPortExitCritical                        0x080030c1   Thumb Code    56  port.o(i.vPortExitCritical)
    vPortFree                                0x080030fd   Thumb Code   140  heap_4.o(i.vPortFree)
    vPortSetupTimerInterrupt                 0x08003191   Thumb Code    36  port.o(i.vPortSetupTimerInterrupt)
    vPortValidateInterruptPriority           0x080031b9   Thumb Code   106  port.o(i.vPortValidateInterruptPriority)
    vTaskDelay                               0x08003231   Thumb Code    90  tasks.o(i.vTaskDelay)
    vTaskStartScheduler                      0x08003295   Thumb Code   146  tasks.o(i.vTaskStartScheduler)
    vTaskSuspendAll                          0x08003345   Thumb Code    12  tasks.o(i.vTaskSuspendAll)
    vTaskSwitchContext                       0x08003355   Thumb Code   148  tasks.o(i.vTaskSwitchContext)
    xPortStartScheduler                      0x08003405   Thumb Code   330  port.o(i.xPortStartScheduler)
    xPortSysTickHandler                      0x0800356d   Thumb Code    46  port.o(i.xPortSysTickHandler)
    xTaskCreate                              0x080035a1   Thumb Code   100  tasks.o(i.xTaskCreate)
    xTaskCreateStatic                        0x08003605   Thumb Code   184  tasks.o(i.xTaskCreateStatic)
    xTaskGetSchedulerState                   0x080036bd   Thumb Code    24  tasks.o(i.xTaskGetSchedulerState)
    xTaskGetTickCountFromISR                 0x080036dd   Thumb Code    16  tasks.o(i.xTaskGetTickCountFromISR)
    xTaskIncrementTick                       0x080036f1   Thumb Code   288  tasks.o(i.xTaskIncrementTick)
    xTaskResumeAll                           0x0800383d   Thumb Code   230  tasks.o(i.xTaskResumeAll)
    AHBPrescTable                            0x08003964   Data          16  system_stm32f4xx.o(.constdata)
    APBPrescTable                            0x08003974   Data           8  system_stm32f4xx.o(.constdata)
    SYSVIEW_X_OS_TraceAPI                    0x08003998   Data           8  segger_sysview_freertos.o(.constdata)
    Region$$Table$$Base                      0x08003a40   Number         0  anon$$obj.o(Region$$Table)
    Region$$Table$$Limit                     0x08003a60   Number         0  anon$$obj.o(Region$$Table)
    defaultTaskHandle                        0x20000000   Data           4  main.o(.data)
    Task_1_handle                            0x20000004   Data           4  main.o(.data)
    Task_2_handle                            0x20000008   Data           4  main.o(.data)
    count1                                   0x2000000c   Data           4  main.o(.data)
    count2                                   0x20000010   Data           4  main.o(.data)
    uwTick                                   0x20000014   Data           4  stm32f4xx_hal.o(.data)
    uwTickPrio                               0x20000018   Data           4  stm32f4xx_hal.o(.data)
    uwTickFreq                               0x2000001c   Data           1  stm32f4xx_hal.o(.data)
    SystemCoreClock                          0x20000020   Data           4  system_stm32f4xx.o(.data)
    pxCurrentTCB                             0x20000024   Data           4  tasks.o(.data)
    huart2                                   0x20000098   Data          64  main.o(.bss)
    _SEGGER_RTT                              0x2000401c   Data         168  segger_rtt.o(.bss)
    __initial_sp                             0x20008a80   Data           0  startup_stm32f446xx.o(STACK)



==============================================================================

Memory Map of the image

  Image Entry point : 0x080001c5

  Load Region LR_IROM1 (Base: 0x08000000, Size: 0x00003af8, Max: 0x00080000, ABSOLUTE)

    Execution Region ER_IROM1 (Exec base: 0x08000000, Load base: 0x08000000, Size: 0x00003a60, Max: 0x00080000, ABSOLUTE)

    Exec Addr    Load Addr    Size         Type   Attr      Idx    E Section Name        Object

    0x08000000   0x08000000   0x000001c4   Data   RO            3    RESET               startup_stm32f446xx.o
    0x080001c4   0x080001c4   0x00000000   Code   RO         4077  * .ARM.Collect$$$$00000000  mc_w.l(entry.o)
    0x080001c4   0x080001c4   0x00000004   Code   RO         4096    .ARM.Collect$$$$00000001  mc_w.l(entry2.o)
    0x080001c8   0x080001c8   0x00000004   Code   RO         4099    .ARM.Collect$$$$00000004  mc_w.l(entry5.o)
    0x080001cc   0x080001cc   0x00000000   Code   RO         4101    .ARM.Collect$$$$00000008  mc_w.l(entry7b.o)
    0x080001cc   0x080001cc   0x00000000   Code   RO         4103    .ARM.Collect$$$$0000000A  mc_w.l(entry8b.o)
    0x080001cc   0x080001cc   0x00000008   Code   RO         4104    .ARM.Collect$$$$0000000B  mc_w.l(entry9a.o)
    0x080001d4   0x080001d4   0x00000000   Code   RO         4106    .ARM.Collect$$$$0000000D  mc_w.l(entry10a.o)
    0x080001d4   0x080001d4   0x00000000   Code   RO         4108    .ARM.Collect$$$$0000000F  mc_w.l(entry11a.o)
    0x080001d4   0x080001d4   0x00000004   Code   RO         4097    .ARM.Collect$$$$00002712  mc_w.l(entry2.o)
    0x080001d8   0x080001d8   0x000000be   Code   RO         3276    .emb_text           port.o
    0x08000296   0x08000296   0x00000002   PAD
    0x08000298   0x08000298   0x00000024   Code   RO            4    .text               startup_stm32f446xx.o
    0x080002bc   0x080002bc   0x00000062   Code   RO         4080    .text               mc_w.l(uldiv.o)
    0x0800031e   0x0800031e   0x00000024   Code   RO         4082    .text               mc_w.l(memcpya.o)
    0x08000342   0x08000342   0x00000024   Code   RO         4086    .text               mc_w.l(memseta.o)
    0x08000366   0x08000366   0x0000001a   Code   RO         4090    .text               mc_w.l(memcmp.o)
    0x08000380   0x08000380   0x00000012   Code   RO         4092    .text               mc_w.l(strcpy.o)
    0x08000392   0x08000392   0x0000001e   Code   RO         4110    .text               mc_w.l(llshl.o)
    0x080003b0   0x080003b0   0x00000020   Code   RO         4112    .text               mc_w.l(llushr.o)
    0x080003d0   0x080003d0   0x00000024   Code   RO         4114    .text               mc_w.l(init.o)
    0x080003f4   0x080003f4   0x00000004   Code   RO          265    i.BusFault_Handler  stm32f4xx_it.o
    0x080003f8   0x080003f8   0x00000002   Code   RO          266    i.DebugMon_Handler  stm32f4xx_it.o
    0x080003fa   0x080003fa   0x0000000c   Code   RO          267    i.EXTI15_10_IRQHandler  stm32f4xx_it.o
    0x08000406   0x08000406   0x00000002   Code   RO           13    i.Error_Handler     main.o
    0x08000408   0x08000408   0x00000028   Code   RO         1780    i.HAL_Delay         stm32f4xx_hal.o
    0x08000430   0x08000430   0x00000002   Code   RO         1229    i.HAL_GPIO_EXTI_Callback  stm32f4xx_hal_gpio.o
    0x08000432   0x08000432   0x00000002   PAD
    0x08000434   0x08000434   0x0000001c   Code   RO         1230    i.HAL_GPIO_EXTI_IRQHandler  stm32f4xx_hal_gpio.o
    0x08000450   0x08000450   0x000001f0   Code   RO         1231    i.HAL_GPIO_Init     stm32f4xx_hal_gpio.o
    0x08000640   0x08000640   0x00000012   Code   RO         1234    i.HAL_GPIO_TogglePin  stm32f4xx_hal_gpio.o
    0x08000652   0x08000652   0x0000000c   Code   RO         1235    i.HAL_GPIO_WritePin  stm32f4xx_hal_gpio.o
    0x0800065e   0x0800065e   0x00000002   PAD
    0x08000660   0x08000660   0x0000000c   Code   RO         1786    i.HAL_GetTick       stm32f4xx_hal.o
    0x0800066c   0x0800066c   0x00000018   Code   RO         1792    i.HAL_IncTick       stm32f4xx_hal.o
    0x08000684   0x08000684   0x0000003c   Code   RO         1793    i.HAL_Init          stm32f4xx_hal.o
    0x080006c0   0x080006c0   0x0000004c   Code   RO         1794    i.HAL_InitTick      stm32f4xx_hal.o
    0x0800070c   0x0800070c   0x00000054   Code   RO          334    i.HAL_MspInit       stm32f4xx_hal_msp.o
    0x08000760   0x08000760   0x00000020   Code   RO         1638    i.HAL_NVIC_EnableIRQ  stm32f4xx_hal_cortex.o
    0x08000780   0x08000780   0x0000007c   Code   RO         1644    i.HAL_NVIC_SetPriority  stm32f4xx_hal_cortex.o
    0x080007fc   0x080007fc   0x00000028   Code   RO         1645    i.HAL_NVIC_SetPriorityGrouping  stm32f4xx_hal_cortex.o
    0x08000824   0x08000824   0x00000184   Code   RO          738    i.HAL_RCC_ClockConfig  stm32f4xx_hal_rcc.o
    0x080009a8   0x080009a8   0x000001c4   Code   RO          847    i.HAL_RCC_DeInit    stm32f4xx_hal_rcc_ex.o
    0x08000b6c   0x08000b6c   0x0000000c   Code   RO          743    i.HAL_RCC_GetHCLKFreq  stm32f4xx_hal_rcc.o
    0x08000b78   0x08000b78   0x00000020   Code   RO          745    i.HAL_RCC_GetPCLK1Freq  stm32f4xx_hal_rcc.o
    0x08000b98   0x08000b98   0x00000020   Code   RO          746    i.HAL_RCC_GetPCLK2Freq  stm32f4xx_hal_rcc.o
    0x08000bb8   0x08000bb8   0x00000118   Code   RO          849    i.HAL_RCC_GetSysClockFreq  stm32f4xx_hal_rcc_ex.o
    0x08000cd0   0x08000cd0   0x00000480   Code   RO          850    i.HAL_RCC_OscConfig  stm32f4xx_hal_rcc_ex.o
    0x08001150   0x08001150   0x00000034   Code   RO         1649    i.HAL_SYSTICK_Config  stm32f4xx_hal_cortex.o
    0x08001184   0x08001184   0x00000072   Code   RO          431    i.HAL_UART_Init     stm32f4xx_hal_uart.o
    0x080011f6   0x080011f6   0x00000002   PAD
    0x080011f8   0x080011f8   0x00000088   Code   RO          336    i.HAL_UART_MspInit  stm32f4xx_hal_msp.o
    0x08001280   0x08001280   0x00000004   Code   RO          268    i.HardFault_Handler  stm32f4xx_it.o
    0x08001284   0x08001284   0x00000018   Code   RO           14    i.Led_task_1        main.o
    0x0800129c   0x0800129c   0x00000018   Code   RO           15    i.Led_task_2        main.o
    0x080012b4   0x080012b4   0x000000e0   Code   RO           16    i.MX_GPIO_Init      main.o
    0x08001394   0x08001394   0x00000038   Code   RO           17    i.MX_USART2_UART_Init  main.o
    0x080013cc   0x080013cc   0x00000004   Code   RO          269    i.MemManage_Handler  stm32f4xx_it.o
    0x080013d0   0x080013d0   0x00000002   Code   RO          270    i.NMI_Handler       stm32f4xx_it.o
    0x080013d2   0x080013d2   0x00000002   PAD
    0x080013d4   0x080013d4   0x000000a8   Code   RO         3355    i.SEGGER_RTT_ConfigDownBuffer  segger_rtt.o
    0x0800147c   0x0800147c   0x000000a8   Code   RO         3356    i.SEGGER_RTT_ConfigUpBuffer  segger_rtt.o
    0x08001524   0x08001524   0x00000098   Code   RO         3366    i.SEGGER_RTT_ReadNoLock  segger_rtt.o
    0x080015bc   0x080015bc   0x000000b0   Code   RO         3376    i.SEGGER_RTT_WriteSkipNoLock  segger_rtt.o
    0x0800166c   0x0800166c   0x00000028   Code   RO         4009    i.SEGGER_SYSVIEW_Conf  segger_sysview_config_freertos.o
    0x08001694   0x08001694   0x000000bc   Code   RO         3559    i.SEGGER_SYSVIEW_GetSysDesc  segger_sysview.o
    0x08001750   0x08001750   0x00000064   Code   RO         3560    i.SEGGER_SYSVIEW_Init  segger_sysview.o
    0x080017b4   0x080017b4   0x00000034   Code   RO         3563    i.SEGGER_SYSVIEW_OnIdle  segger_sysview.o
    0x080017e8   0x080017e8   0x00000064   Code   RO         3564    i.SEGGER_SYSVIEW_OnTaskCreate  segger_sysview.o
    0x0800184c   0x0800184c   0x00000064   Code   RO         3565    i.SEGGER_SYSVIEW_OnTaskStartExec  segger_sysview.o
    0x080018b0   0x080018b0   0x00000064   Code   RO         3566    i.SEGGER_SYSVIEW_OnTaskStartReady  segger_sysview.o
    0x08001914   0x08001914   0x0000003c   Code   RO         3586    i.SEGGER_SYSVIEW_RecordSystime  segger_sysview.o
    0x08001950   0x08001950   0x0000005c   Code   RO         3587    i.SEGGER_SYSVIEW_RecordU32  segger_sysview.o
    0x080019ac   0x080019ac   0x0000007c   Code   RO         3589    i.SEGGER_SYSVIEW_RecordU32x2  segger_sysview.o
    0x08001a28   0x08001a28   0x00000038   Code   RO         3597    i.SEGGER_SYSVIEW_RecordVoid  segger_sysview.o
    0x08001a60   0x08001a60   0x000000ac   Code   RO         3599    i.SEGGER_SYSVIEW_SendModule  segger_sysview.o
    0x08001b0c   0x08001b0c   0x00000024   Code   RO         3600    i.SEGGER_SYSVIEW_SendModuleDescription  segger_sysview.o
    0x08001b30   0x08001b30   0x00000058   Code   RO         3601    i.SEGGER_SYSVIEW_SendNumModules  segger_sysview.o
    0x08001b88   0x08001b88   0x00000048   Code   RO         3603    i.SEGGER_SYSVIEW_SendSysDesc  segger_sysview.o
    0x08001bd0   0x08001bd0   0x00000110   Code   RO         3604    i.SEGGER_SYSVIEW_SendTaskInfo  segger_sysview.o
    0x08001ce0   0x08001ce0   0x00000020   Code   RO         3605    i.SEGGER_SYSVIEW_SendTaskList  segger_sysview.o
    0x08001d00   0x08001d00   0x0000000c   Code   RO         3606    i.SEGGER_SYSVIEW_SetRAMBase  segger_sysview.o
    0x08001d0c   0x08001d0c   0x00000104   Code   RO         3608    i.SEGGER_SYSVIEW_Start  segger_sysview.o
    0x08001e10   0x08001e10   0x00000044   Code   RO         3609    i.SEGGER_SYSVIEW_Stop  segger_sysview.o
    0x08001e54   0x08001e54   0x00000080   Code   RO         3610    i.SEGGER_SYSVIEW_Warn  segger_sysview.o
    0x08001ed4   0x08001ed4   0x000000ac   Code   RO         4028    i.SYSVIEW_AddTask   segger_sysview_freertos.o
    0x08001f80   0x08001f80   0x00000032   Code   RO         4030    i.SYSVIEW_SendTaskInfo  segger_sysview_freertos.o
    0x08001fb2   0x08001fb2   0x0000000a   Code   RO           18    i.StartDefaultTask  main.o
    0x08001fbc   0x08001fbc   0x0000000c   Code   RO          271    i.SysTick_Handler   stm32f4xx_it.o
    0x08001fc8   0x08001fc8   0x000000bc   Code   RO           19    i.SystemClock_Config  main.o
    0x08002084   0x08002084   0x0000001c   Code   RO         2032    i.SystemInit        system_stm32f4xx.o
    0x080020a0   0x080020a0   0x000003e8   Code   RO          458    i.UART_SetConfig    stm32f4xx_hal_uart.o
    0x08002488   0x08002488   0x00000004   Code   RO          272    i.UsageFault_Handler  stm32f4xx_it.o
    0x0800248c   0x0800248c   0x00000070   Code   RO         3379    i._DoInit           segger_rtt.o
    0x080024fc   0x080024fc   0x00000044   Code   RO         3614    i._EncodeStr        segger_sysview.o
    0x08002540   0x08002540   0x00000098   Code   RO         3615    i._HandleIncomingPacket  segger_sysview.o
    0x080025d8   0x080025d8   0x00000006   Code   RO         3616    i._PreparePacket    segger_sysview.o
    0x080025de   0x080025de   0x00000002   PAD
    0x080025e0   0x080025e0   0x0000011c   Code   RO         3619    i._SendPacket       segger_sysview.o
    0x080026fc   0x080026fc   0x00000084   Code   RO         3621    i._TrySendOverflowPacket  segger_sysview.o
    0x08002780   0x08002780   0x00000010   Code   RO         1651    i.__NVIC_GetPriorityGrouping  stm32f4xx_hal_cortex.o
    0x08002790   0x08002790   0x00000028   Code   RO         1652    i.__NVIC_SetPriority  stm32f4xx_hal_cortex.o
    0x080027b8   0x080027b8   0x0000000e   Code   RO         4118    i.__scatterload_copy  mc_w.l(handlers.o)
    0x080027c6   0x080027c6   0x00000002   Code   RO         4119    i.__scatterload_null  mc_w.l(handlers.o)
    0x080027c8   0x080027c8   0x0000000e   Code   RO         4120    i.__scatterload_zeroinit  mc_w.l(handlers.o)
    0x080027d6   0x080027d6   0x0000003e   Code   RO         4032    i._cbGetTime        segger_sysview_freertos.o
    0x08002814   0x08002814   0x00000024   Code   RO         4010    i._cbSendSystemDesc  segger_sysview_config_freertos.o
    0x08002838   0x08002838   0x00000054   Code   RO         4033    i._cbSendTaskList   segger_sysview_freertos.o
    0x0800288c   0x0800288c   0x00000090   Code   RO           20    i.main              main.o
    0x0800291c   0x0800291c   0x0000000e   Code   RO         2848    i.makeFreeRtosPriority  cmsis_os.o
    0x0800292a   0x0800292a   0x00000018   Code   RO         2850    i.osDelay           cmsis_os.o
    0x08002942   0x08002942   0x0000000a   Code   RO         2853    i.osKernelStart     cmsis_os.o
    0x0800294c   0x0800294c   0x00000010   Code   RO         2886    i.osSystickHandler  cmsis_os.o
    0x0800295c   0x0800295c   0x0000005e   Code   RO         2887    i.osThreadCreate    cmsis_os.o
    0x080029ba   0x080029ba   0x00000002   PAD
    0x080029bc   0x080029bc   0x00000098   Code   RO         2534    i.prvAddCurrentTaskToDelayedList  tasks.o
    0x08002a54   0x08002a54   0x000000d8   Code   RO         2535    i.prvAddNewTaskToReadyList  tasks.o
    0x08002b2c   0x08002b2c   0x00000048   Code   RO         2536    i.prvCheckTasksWaitingTermination  tasks.o
    0x08002b74   0x08002b74   0x00000050   Code   RO         2537    i.prvDeleteTCB      tasks.o
    0x08002bc4   0x08002bc4   0x0000007c   Code   RO         3215    i.prvHeapInit       heap_4.o
    0x08002c40   0x08002c40   0x00000028   Code   RO         2538    i.prvIdleTask       tasks.o
    0x08002c68   0x08002c68   0x000000aa   Code   RO         2539    i.prvInitialiseNewTask  tasks.o
    0x08002d12   0x08002d12   0x00000002   PAD
    0x08002d14   0x08002d14   0x00000068   Code   RO         2540    i.prvInitialiseTaskLists  tasks.o
    0x08002d7c   0x08002d7c   0x00000068   Code   RO         3216    i.prvInsertBlockIntoFreeList  heap_4.o
    0x08002de4   0x08002de4   0x00000034   Code   RO         2541    i.prvResetNextTaskUnblockTime  tasks.o
    0x08002e18   0x08002e18   0x00000040   Code   RO         3277    i.prvTaskExitError  port.o
    0x08002e58   0x08002e58   0x0000013c   Code   RO         3217    i.pvPortMalloc      heap_4.o
    0x08002f94   0x08002f94   0x0000002c   Code   RO         3278    i.pxPortInitialiseStack  port.o
    0x08002fc0   0x08002fc0   0x00000028   Code   RO         2169    i.uxListRemove      list.o
    0x08002fe8   0x08002fe8   0x00000018   Code   RO          231    i.vApplicationGetIdleTaskMemory  freertos.o
    0x08003000   0x08003000   0x0000001a   Code   RO         2170    i.vListInitialise   list.o
    0x0800301a   0x0800301a   0x00000006   Code   RO         2171    i.vListInitialiseItem  list.o
    0x08003020   0x08003020   0x00000034   Code   RO         2172    i.vListInsert       list.o
    0x08003054   0x08003054   0x00000018   Code   RO         2173    i.vListInsertEnd    list.o
    0x0800306c   0x0800306c   0x00000054   Code   RO         3280    i.vPortEnterCritical  port.o
    0x080030c0   0x080030c0   0x0000003c   Code   RO         3281    i.vPortExitCritical  port.o
    0x080030fc   0x080030fc   0x00000094   Code   RO         3218    i.vPortFree         heap_4.o
    0x08003190   0x08003190   0x00000028   Code   RO         3282    i.vPortSetupTimerInterrupt  port.o
    0x080031b8   0x080031b8   0x00000078   Code   RO         3283    i.vPortValidateInterruptPriority  port.o
    0x08003230   0x08003230   0x00000064   Code   RO         2549    i.vTaskDelay        tasks.o
    0x08003294   0x08003294   0x000000b0   Code   RO         2562    i.vTaskStartScheduler  tasks.o
    0x08003344   0x08003344   0x00000010   Code   RO         2564    i.vTaskSuspendAll   tasks.o
    0x08003354   0x08003354   0x000000b0   Code   RO         2565    i.vTaskSwitchContext  tasks.o
    0x08003404   0x08003404   0x00000168   Code   RO         3284    i.xPortStartScheduler  port.o
    0x0800356c   0x0800356c   0x00000034   Code   RO         3285    i.xPortSysTickHandler  port.o
    0x080035a0   0x080035a0   0x00000064   Code   RO         2567    i.xTaskCreate       tasks.o
    0x08003604   0x08003604   0x000000b8   Code   RO         2568    i.xTaskCreateStatic  tasks.o
    0x080036bc   0x080036bc   0x00000020   Code   RO         2572    i.xTaskGetSchedulerState  tasks.o
    0x080036dc   0x080036dc   0x00000014   Code   RO         2574    i.xTaskGetTickCountFromISR  tasks.o
    0x080036f0   0x080036f0   0x0000014c   Code   RO         2575    i.xTaskIncrementTick  tasks.o
    0x0800383c   0x0800383c   0x0000010c   Code   RO         2581    i.xTaskResumeAll    tasks.o
    0x08003948   0x08003948   0x0000001c   Data   RO           22    .constdata          main.o
    0x08003964   0x08003964   0x00000018   Data   RO         2033    .constdata          system_stm32f4xx.o
    0x0800397c   0x0800397c   0x0000001a   Data   RO         3625    .constdata          segger_sysview.o
    0x08003996   0x08003996   0x00000002   PAD
    0x08003998   0x08003998   0x00000008   Data   RO         4035    .constdata          segger_sysview_freertos.o
    0x080039a0   0x080039a0   0x0000000c   Data   RO           23    .conststring        main.o
    0x080039ac   0x080039ac   0x00000043   Data   RO         4011    .conststring        segger_sysview_config_freertos.o
    0x080039ef   0x080039ef   0x00000001   PAD
    0x080039f0   0x080039f0   0x00000050   Data   RO         4036    .conststring        segger_sysview_freertos.o
    0x08003a40   0x08003a40   0x00000020   Data   RO         4116    Region$$Table       anon$$obj.o


    Execution Region RW_IRAM1 (Exec base: 0x20000000, Load base: 0x08003a60, Size: 0x00008a80, Max: 0x00020000, ABSOLUTE)

    Exec Addr    Load Addr    Size         Type   Attr      Idx    E Section Name        Object

    0x20000000   0x08003a60   0x00000014   Data   RW           24    .data               main.o
    0x20000014   0x08003a74   0x00000009   Data   RW         1800    .data               stm32f4xx_hal.o
    0x2000001d   0x08003a7d   0x00000003   PAD
    0x20000020   0x08003a80   0x00000004   Data   RW         2034    .data               system_stm32f4xx.o
    0x20000024   0x08003a84   0x0000003c   Data   RW         2584    .data               tasks.o
    0x20000060   0x08003ac0   0x00000018   Data   RW         3223    .data               heap_4.o
    0x20000078   0x08003ad8   0x0000000c   Data   RW         3286    .data               port.o
    0x20000084   0x08003ae4   0x0000000d   Data   RW         3626    .data               segger_sysview.o
    0x20000091   0x08003af1   0x00000003   PAD
    0x20000094   0x08003af4   0x00000004   Data   RW         4037    .data               segger_sysview_freertos.o
    0x20000098        -       0x00000040   Zero   RW           21    .bss                main.o
    0x200000d8        -       0x00000254   Zero   RW          232    .bss                freertos.o
    0x2000032c        -       0x000000f0   Zero   RW         2583    .bss                tasks.o
    0x2000041c        -       0x00003c00   Zero   RW         3222    .bss                heap_4.o
    0x2000401c        -       0x000004b8   Zero   RW         3384    .bss                segger_rtt.o
    0x200044d4        -       0x0000410b   Zero   RW         3624    .bss                segger_sysview.o
    0x200085df   0x08003af8   0x00000001   PAD
    0x200085e0        -       0x000000a0   Zero   RW         4034    .bss                segger_sysview_freertos.o
    0x20008680        -       0x00000400   Zero   RW            1    STACK               startup_stm32f446xx.o


==============================================================================

Image component sizes


      Code (inc. data)   RO Data    RW Data    ZI Data      Debug   Object Name

       158          0          0          0          0      21038   cmsis_os.o
         0          0          0          0          0      16392   event_groups.o
        24         10          0          0        596       1244   freertos.o
       692         62          0         24      15360       7395   heap_4.o
       148          0          0          0          0       3630   list.o
       672         78         40         20         64     715730   main.o
      1014         92          0         12          0      12177   port.o
       776         54          0          0       1208       8093   segger_rtt.o
      2754        182         26         13      16651      24501   segger_sysview.o
        76         34         67          0          0       1046   segger_sysview_config_freertos.o
       368         30         88          4        160       3925   segger_sysview_freertos.o
        36          8        452          0       1024        848   startup_stm32f446xx.o
       212         36          0          9          0       9333   stm32f4xx_hal.o
       304         22          0          0          0      34523   stm32f4xx_hal_cortex.o
       556         44          0          0          0       4197   stm32f4xx_hal_gpio.o
       220         20          0          0          0       1589   stm32f4xx_hal_msp.o
       464         46          0          0          0       3342   stm32f4xx_hal_rcc.o
      1884         64          0          0          0       3635   stm32f4xx_hal_rcc_ex.o
      1114          8          0          0          0       1924   stm32f4xx_hal_uart.o
        44          0          0          0          0       3802   stm32f4xx_it.o
         0          0          0          0          0        392   stream_buffer.o
        28          4         24          4          0       1163   system_stm32f4xx.o
      2290        288          0         60        240      18973   tasks.o

    ----------------------------------------------------------------------
     13850       1082        732        152      35304     898892   Object Totals
         0          0         32          0          0          0   (incl. Generated)
        16          0          3          6          1          0   (incl. Padding)

    ----------------------------------------------------------------------

      Code (inc. data)   RO Data    RW Data    ZI Data      Debug   Library Member Name

         0          0          0          0          0          0   entry.o
         0          0          0          0          0          0   entry10a.o
         0          0          0          0          0          0   entry11a.o
         8          4          0          0          0          0   entry2.o
         4          0          0          0          0          0   entry5.o
         0          0          0          0          0          0   entry7b.o
         0          0          0          0          0          0   entry8b.o
         8          4          0          0          0          0   entry9a.o
        30          0          0          0          0          0   handlers.o
        36          8          0          0          0         68   init.o
        30          0          0          0          0         68   llshl.o
        32          0          0          0          0         68   llushr.o
        26          0          0          0          0         80   memcmp.o
        36          0          0          0          0         68   memcpya.o
        36          0          0          0          0        108   memseta.o
        18          0          0          0          0         68   strcpy.o
        98          0          0          0          0         92   uldiv.o

    ----------------------------------------------------------------------
       362         16          0          0          0        620   Library Totals
         0          0          0          0          0          0   (incl. Padding)

    ----------------------------------------------------------------------

      Code (inc. data)   RO Data    RW Data    ZI Data      Debug   Library Name

       362         16          0          0          0        620   mc_w.l

    ----------------------------------------------------------------------
       362         16          0          0          0        620   Library Totals

    ----------------------------------------------------------------------

==============================================================================


      Code (inc. data)   RO Data    RW Data    ZI Data      Debug   

     14212       1098        732        152      35304     887856   Grand Totals
     14212       1098        732        152      35304     887856   ELF Image Totals
     14212       1098        732        152          0          0   ROM Totals

==============================================================================

    Total RO  Size (Code + RO Data)                14944 (  14.59kB)
    Total RW  Size (RW Data + ZI Data)             35456 (  34.63kB)
    Total ROM Size (Code + RO Data + RW Data)      15096 (  14.74kB)

==============================================================================

