


ARM Macro Assembler    Page 1 


    1 00000000         
    2 00000000         
    3 00000000                 AREA             myCode,CODE,READONLY
    4 00000000                 ENTRY
    5 00000000                 EXPORT           __main
    6 00000000         
    7 00000000         __main
    8 00000000         
    9 00000000 F04F 0011       MOV              R0,#0x11
   10 00000004 EA4F 0140       LSL              R1,R0,#1
   11 00000008 EA4F 0241       LSL              R2,R1,#1
   12 0000000C         
   13 0000000C         
   14 0000000C E7FE    stop    B                stop
   15 0000000E         
   16 0000000E                 END
Command Line: --debug --xref --diag_suppress=9931 --cpu=Cortex-M4.fp --apcs=int
erwork --depend=.\objects\main.d -o.\objects\main.o -I.\RTE\_Target_1 -IC:\User
s\suraj\AppData\Local\Arm\Packs\ARM\CMSIS\5.6.0\CMSIS\Core\Include -IC:\Users\s
uraj\AppData\Local\Arm\Packs\Keil\STM32F4xx_DFP\2.14.0\Drivers\CMSIS\Device\ST\
STM32F4xx\Include --predefine="__EVAL SETA 1" --predefine="__MICROLIB SETA 1" -
-predefine="__UVISION_VERSION SETA 528" --predefine="_RTE_ SETA 1" --predefine=
"STM32F446xx SETA 1" --list=.\listings\main.lst main.s



ARM Macro Assembler    Page 1 Alphabetic symbol ordering
Relocatable symbols

__main 00000000

Symbol: __main
   Definitions
      At line 7 in file main.s
   Uses
      At line 5 in file main.s
Comment: __main used once
myCode 00000000

Symbol: myCode
   Definitions
      At line 3 in file main.s
   Uses
      None
Comment: myCode unused
stop 0000000C

Symbol: stop
   Definitions
      At line 14 in file main.s
   Uses
      At line 14 in file main.s
Comment: stop used once
3 symbols
339 symbols in table
