


ARM Macro Assembler    Page 1 


    1 00000000         
    2 00000000         
    3 00000000         ;P=Q+R+S
    4 00000000                 AREA             eg4,CODE,READONLY
    5 00000000                 ENTRY
    6 00000000                 EXPORT           __main
    7 00000000         
    8 00000000         __main
    9 00000000 A003            ADR              R0,P
   10 00000002 6841            LDR              R1,[R0,#4]
   11 00000004 6882            LDR              R2,[R0,#8]
   12 00000006 68C3            LDR              R3,[R0,#12]
   13 00000008         
   14 00000008 EB01 0402       ADD              R4,R1,R2
   15 0000000C 441C            ADD              R4,R4,R3
   16 0000000E         
   17 0000000E         ;    ADRL R0,P
   18 0000000E         ;    LDR  R1,[R0,#4]
   19 0000000E         ;    LDR  R2,[R0,#8]
   20 0000000E         ;    
   21 0000000E         ;    ADD  R2,R1,R2
   22 0000000E         ;    LDR  R1,[R0,#12]
   23 0000000E         ;    ADD  R2,R2,R1
   24 0000000E E7FE    stop    B                stop
   25 00000010         
   26 00000010         
   27 00000010         
   28 00000010                 AREA             eg4,DATA,READONLY
   29 00000010 00 00 00 
              00       P       SPACE            4
   30 00000014 00000002        DCD              2
   31 00000018 0000000A        DCD              10
   32 0000001C 0000000C        DCD              12
   33 00000020         
   34 00000020                 ALIGN
   35 00000020                 END
Command Line: --debug --xref --diag_suppress=9931 --cpu=Cortex-M4.fp --apcs=int
erwork --depend=.\objects\main.d -o.\objects\main.o -I.\RTE\_Target_1 -IC:\User
s\suraj\AppData\Local\Arm\Packs\ARM\CMSIS\5.6.0\CMSIS\Core\Include -IC:\Users\s
uraj\AppData\Local\Arm\Packs\Keil\STM32F4xx_DFP\2.14.0\Drivers\CMSIS\Device\ST\
STM32F4xx\Include --predefine="__EVAL SETA 1" --predefine="__MICROLIB SETA 1" -
-predefine="__UVISION_VERSION SETA 528" --predefine="_RTE_ SETA 1" --predefine=
"STM32F446xx SETA 1" --list=.\listings\main.lst main.s



ARM Macro Assembler    Page 1 Alphabetic symbol ordering
Relocatable symbols

P 00000010

Symbol: P
   Definitions
      At line 29 in file main.s
   Uses
      At line 9 in file main.s
Comment: P used once
__main 00000000

Symbol: __main
   Definitions
      At line 8 in file main.s
   Uses
      At line 6 in file main.s
Comment: __main used once
eg4 00000000

Symbol: eg4
   Definitions
      At line 4 in file main.s
   Uses
      None
Comment: eg4 unused
stop 0000000E

Symbol: stop
   Definitions
      At line 24 in file main.s
   Uses
      At line 24 in file main.s
Comment: stop used once
4 symbols
340 symbols in table
